36 YPPPPPYPPPPPYPPPPYPPPPYPPPPYPPPPPPPP
9 YPPYPYPPP
22 YPPPPPYPPPPYPPPYPPPPPP
7 YPPYPPP
34 YPPPPPPPYPPPPPYPPPPYPPPPYPPPPPPPPP
34 YPPPPPPYPPPPYPPPPYPPPPYPPPPYPPPPPP
30 YPPPPPPPYPPPPPPYPPPPPYPPPPPPPP
34 YPPPPPPYPPPPPPYPPPPPYPPPPPYPPPPPPP
15 YPPPPYPPPYPPPPP
34 YPPPPYPPPPYPPPPYPPPPYPPPPYPPPPPPPP
8 YPPPYPPP
29 YPPPPPYPPPPYPPPPYPPPYPPPPPPPP
35 YPPPPPPYPPPPPYPPPPPYPPPPPYPPPPPPPPP
27 YPPPPYPPPPYPPPPYPPPPYPPPPPP
24 YPPPPYPPPPYPPYPPYPPPPPPP
21 YPPPPYPPPYPPPYPPYPPPP
32 YPPPPYPPPPYPPPPYPPPPYPPPYPPPPPPP
15 YPPPYPPPYPPPPPP
35 YPPPPPPYPPPPPYPPPPYPPPPYPPPPYPPPPPP
19 YPPPPPYPPPPPYPPPPPP
33 YPPPPPYPPPPPYPPPPYPPPPYPPPYPPPPPP
32 YPPPPPPPYPPPPPPYPPPPPPYPPPPPPPPP
2 YP
15 YPPPYPPPYPPYPPP
33 YPPPPPPPYPPPPPYPPPPYPPPPYPPPPPPPP
30 YPPPPPPPYPPPPPPYPPPPPPYPPPPPPP
26 YPPPPPYPPPPYPPPYPPPYPPPPPP
28 YPPPPPPPYPPPPPYPPPPPYPPPPPPP
23 YPPPPPYPPPPPYPPPYPPPPPP
30 YPPPPPYPPPPPYPPPPYPPPYPPPPPPPP
25 YPPPPYPPPPYPPPPYPPPPYPPPP
35 YPPPPPPYPPPPPPYPPPPPPYPPPPPPYPPPPPP
30 YPPPPPPYPPPPYPPPPYPPPYPPPPPPPP
32 YPPPPPPYPPPPYPPPPYPPPPYPPPPPPPPP
35 YPPPPPPPPYPPPPPPPPYPPPPPPPYPPPPPPPP
31 YPPPPPPPYPPPPPPYPPPPPPYPPPPPPPP
35 YPPPPPPPYPPPPPPYPPPPPYPPPPPYPPPPPPP
28 YPPPPPPYPPPPPPYPPPPPPYPPPPPP
21 YPPPPYPPPYPPYPPYPPPPP
26 YPPPPPPYPPPPPYPPPPYPPPPPPP
23 YPPPPYPPPPYPPPPYPPPPPPP
28 YPPPPPYPPPPYPPPPYPPYPPPPPPPP
33 YPPPPPPPYPPPPPYPPPPYPPPPYPPPPPPPP
28 YPPPPPPPYPPPPPYPPPPYPPPPPPPP
29 YPPPPPPYPPPPYPPPPYPPPPYPPPPPP
27 YPPPPPYPPPPYPPPYPPYPPPPPPPP
28 YPPPPPYPPPPPYPPPPYPPPPYPPPPP
18 YPPPPYPPPYPPPYPPPP
28 YPPPPPYPPPPYPPPPYPPPYPPPPPPP
31 YPPPPPYPPPPYPPPPYPPPYPPPYPPPPPP
17 YPPPPPYPPPPYPPPPP
35 YPPPPPPPYPPPPPPYPPPPYPPPPYPPPPPPPPP
17 YPPPPYPPPPYPPPPPP
20 YPPPPYPPPYPPPYPPPPPP
16 YPPPPYPPYPPYPPPP
33 YPPPPPPYPPPPPYPPPPPYPPPYPPPPPPPPP
30 YPPPPPPYPPPPYPPPPYPPPPYPPPPPPP
27 YPPPPPPYPPPYPPPYPPPYPPPPPPP
8 YPPYPYPP
27 YPPPPPPYPPPYPPPYPPPYPPPPPPP
25 YPPPPYPPPPYPPPPYPPPYPPPPP
26 YPPPPYPPPYPPPYPPPYPPPPPPPP
24 YPPPPYPPPPYPPPYPPYPPPPPP
28 YPPPPPYPPPPYPPPPYPPYPPPPPPPP
32 YPPPPPYPPPPPYPPPPYPPPYPPPYPPPPPP
33 YPPPPPPPPYPPPPPPPYPPPPPPYPPPPPPPP
33 YPPPPPPYPPPPYPPPPYPPPYPPPYPPPPPPP
26 YPPPPYPPPPYPPPPYPPPPYPPPPP
30 YPPPPPPPYPPPPPPYPPPPPPYPPPPPPP
33 YPPPPPPPYPPPPPYPPPPYPPPPYPPPPPPPP
28 YPPPPPYPPPPPYPPPPYPPPPYPPPPP
24 YPPPYPPPYPPPYPPPYPPPPPPP
22 YPPPPYPPPPYPPPYPPPPPPP
20 YPPPPYPPPYPPYPPYPPPP
7 YPYPYPP
13 YPPYPPYPYPPPP
29 YPPPPPPYPPPPPPYPPPPPPYPPPPPPP
2 YP
24 YPPPPPYPPPYPPPYPPPYPPPPP
34 YPPPPPYPPPPYPPPPYPPPPYPPPPYPPPPPPP
32 YPPPPPPPPYPPPPPPYPPPPPPYPPPPPPPP
27 YPPPPYPPPPYPPPPYPPPPYPPPPPP
22 YPPPPPYPPPPYPPPPYPPPPP
35 YPPPPPPYPPPPPYPPPPYPPPPYPPPYPPPPPPP
33 YPPPPYPPPPYPPPPYPPPPYPPPYPPPPPPPP
12 YPPPYPYPYPPP
27 YPPPPPYPPPPYPPPYPPYPPPPPPPP
15 YPPPYPPYPPYPPPP
21 YPPPPYPPPYPPYPPYPPPPP
24 YPPPPPYPPPPYPPPPYPPPPPPP
24 YPPPPYPPPYPPPYPPPYPPPPPP
22 YPPPPPYPPPYPPPYPPPPPPP
25 YPPPPYPPPPYPPPPYPPPYPPPPP
18 YPPPPYPPYPPYPPPPPP
27 YPPPPYPPPPYPPPPYPPPYPPPPPPP
31 YPPPPPYPPPPYPPPPYPPPPYPPPPPPPPP
34 YPPPPPPPYPPPPPYPPPPPYPPPYPPPPPPPPP
20 YPPPYPPPYPPPYPPPYPPP
25 YPPPPPYPPPPPYPPPPPYPPPPPP
29 YPPPPPYPPPPPYPPPPYPPPYPPPPPPP
