43 YPPPPPPPPYPPPPPYPPPPPYPPPPPYPPPPPYPPPPPPPPP
30 YPPPPPPPYPPPPPPYPPPPPYPPPPPPPP
18 YPPPPYPPPPhYPPPPPP
10 YPPYPPlYPP
13 YPPPYPPYPPPPP
34 YPPPPYPPPPYPPPPYPPPPYPPPPYPPPPPPPP
34 YPPPPPPYPPPPYPPPPYPPPPYPPPPYPPPPPP
22 YPPPPPYPPPPYPPPYPPPPPP
26 YPPPPPPYPPPPPYPPPPYPPPPPPP
41 YPPPPPPPPPYPPPPPPPPYPPPPPYPPPPPYPPPPPPPPP
39 YPPPPPYPPPPPYPPPPYPPPPYPPPPYPPPPYPPPPPP
42 YPPPPPPPYPPPPPPYPPPPPPYPPPPYPPPPYPPPPPPPPP
34 YPPPPPPYPPPPPPYPPPPYPPPPYPPPPPPPPP
13 YPPPYPPPYPPPP
35 YPPPPPPYPPPPPYPPPPPYPPPPPYPPPPPPPPP
15 YPPPYPPYPYPPPPP
33 YPPPPPYPPPPYPPPPYPPPPYPPPPYPPPPPP
31 YPPPPPYPPPPYPPPPYPPPPYPPPPPPPPP
12 YPPPYPPYPPPP
40 YPPPPPPYPPPPPPYPPPPPPYPPPPPYPPPPPYPPPPPP
31 YPPPPYPPPPYPPPPYPPPPYPPPPYPPPPP
32 YPPPPPYPPPPYPPPPYPPPPYPPPYPPPPPP
19 YPPPPYPPPPYPPYPPPPP
35 YPPPPPPYPPPPPPYPPPPPPYPPPPPPYPPPPPP
33 YPPPPPPYPPPPYPPPPYPPPYPPPYPPPPPPP
36 YPPPPPPPYPPPPPPYPPPPPPYPPPPYPPPPPPPP
28 YPPPPPPYPPPYPPPYPPPYPPPPPPPP
33 YPPPPPPYPPPPPYPPPPPYPPPPPYPPPPPPP
30 YPPPPPPYPPPPPYPPPPYPPPPYPPPPPP
24 YPPPPPYPPPPPYPPPYPPPPPPP
40 YPPPPPPYPPPPPPYPPPPPPYPPPPPYPPPPPYPPPPPP
38 YPPPPPYPPPPPYPPPPYPPPPYPPPPYPPPPPPPPPP
41 YPPPPPPPPPYPPPPPPPPYPPPPPYPPPPPYPPPPPPPPP
39 YPPPPPPPYPPPPPPYPPPPPPYPPPPPYPPPPPPPPPP
30 YPPPPYPPPPYPPPPYPPPPYPPPYPPPPP
32 YPPPPPPYPPPPPYPPPPPYPPPPPYPPPPPP
39 YPPPPPPPYPPPPYPPPPYPPPPYPPPPYPPPPPPPPPP
31 YPPPPPPPYPPPPPPYPPPPPPYPPPPPPPP
19 YPPPPPYPPPPYPYPPPPP
38 YPPPPPPYPPPPPPYPPPPPPYPPPPPPYPPPPPPPPP
41 YPPPPPPYPPPPPPYPPPPPPYPPPPPPYPPPPPYPPPPPP
10 YPPYPPYPPP
39 YPPPPPPYPPPPPYPPPPYPPPPYPPPPYPPPPPPPPPP
8 YPYPYPPP
40 YPPPPPPPYPPPPPYPPPPYPPPPYPPPPYPPPPPPPPPP
41 YPPPPPPPPYPPPPPPPYPPPPPPPYPPPPPPYPPPPPPPP
40 YPPPPPYPPPPPYPPPPPYPPPPYPPPPYPPPPYPPPPPP
31 YPPPPPPYPPPPPPYPPPPPPYPPPPPPPPP
42 YPPPPPYPPPPPYPPPPPYPPPPPYPPPPPYPPPPYPPPPPP
34 YPPPPPPPYPPPPPPPYPPPPPPPYPPPPPPPPP
23 YPPPPPYPPPYPPYPPYPPPPPP
35 YPPPPPPPYPPPPPPYPPPPYPPPPYPPPPPPPPP
19 YPPPYPPPYPPYPPYPPPP
34 YPPPPPPPYPPPPPYPPPPPYPPPYPPPPPPPPP
38 YPPPPPPPYPPPPPPYPPPPPPYPPPPPPYPPPPPPPP
43 YPPPPPPPPYPPPPPYPPPPPYPPPPPYPPPPYPPPPPPPPPP
38 YPPPPPYPPPPPYPPPPPYPPPPPYPPPPPYPPPPPPP
12 YPPPPYPPPPPP
35 YPPPPPPYPPPPYPPPPYPPPPYPPPYPPPPPPPP
39 YPPPPPPPPYPPPPPPYPPPPPPYPPPPPPYPPPPPPPP
27 YPPPPYPPPPYPPPPYPPPYPPPPPPP
41 YPPPPPPYPPPPPPYPPPPPPYPPPPPYPPPPPYPPPPPPP
40 YPPPPPPPPYPPPPPPYPPPPPPYPPPPPPYPPPPPPPPP
24 YPPPPYPPPYPPPYPPYPPPPPPP
35 YPPPPPPYPPPPPYPPPPPYPPPPPYPPPPPPPPP
37 YPPPPPPYPPPPPYPPPPPYPPPPYPPPPYPPPPPPP
31 YPPPPPPPYPPPPPPPYPPPPPPYPPPPPPP
18 YPPPPYPPPYPYPPPPPP
29 YPPPPYPPPPYPPPPYPPPPYPPPPPPPP
23 YPPPPPYPPPPYPPPPYPPPPPP
38 YPPPPPPYPPPPPYPPPPPYPPPPYPPPYPPPPPPPPP
29 YPPPPYPPPPYPPPPYPPPPYPPPYPPPP
23 YPPPYPPPYPPPYPPYPPYPPPP
17 YPPPYPPPYPPPYPPPP
22 YPPPPYPPPPYPPPYPPPPPPP
38 YPPPPPYPPPPPYPPPPPYPPPPYPPPPYPPPPPPPPP
38 YPPPPPPPYPPPPPPPYPPPPPYPPPPPYPPPPPPPPP
29 YPPPPPPYPPPPYPPPPYPPPYPPPPPPP
36 YPPPPPPYPPPPPYPPPPPYPPPPYPPPYPPPPPPP
40 YPPPPPPYPPPPPYPPPPYPPPPYPPPPYPPPPYPPPPPP
24 YPPPPYPPPPYPPPYPPYPPPPPP
8 YPYPYPPP
38 YPPPPPPPYPPPPPPYPPPPPPYPPPPPPYPPPPPPPP
27 YPPPPPPYPPPPPPYPPPPPYPPPPPP
23 YPPPPPPYPPPYPPPYPPPPPPP
41 YPPPPPPPYPPPPPYPPPPPYPPPPPYPPPPYPPPPPPPPP
27 YPPPPYPPPPYPPPYPPPYPPPYPPPP
32 YPPPPYPPPPYPPPPYPPPPYPPPPYPPPPPP
6 YPYPPP
39 YPPPPPPPYPPPPYPPPPYPPPPYPPPPYPPPPPPPPPP
42 YPPPPPPPYPPPPPPPYPPPPPPPYPPPPPPPYPPPPPPPPP
38 YPPPPPPPYPPPPPPPYPPPPPYPPPPPYPPPPPPPPP
32 YPPPPYPPPPYPPPPYPPPPYPPPYPPPPPPP
41 YPPPPPPPYPPPPPPYPPPPPYPPPPYPPPPYPPPPPPPPP
17 YPPPPYPPYPPYPPPPP
15 YPPPYPPPYPPYPPP
30 YPPPPPYPPPPPYPPPPPYPPPPYPPPPPP
20 YPPPPYPPPYPPYPPYPPPP
32 YPPPPPPPPYPPPPPPYPPPPPPYPPPPPPPP
43 YPPPPPPYPPPPPPYPPPPPYPPPPPYPPPPYPPPPPPPPPPP
