54 YPPPPPPYPPPPPPYPPPPPPPPYPPPPPPPPYPPPPPPPPPYPPPPPPPPPPP
34 YPPPPPPYPPPPPPYPPPPPYPPPPPYPPPPPPP
34 YPPPPPPPYPPPPPYPPPPPYPPPPYPPPPPPPP
18 YPPPPYPPPPhYPPPPPP
22 YPPPPPYPPPPYPPPYPPPPPP
34 YPPPPPPYPPPPYPPPPYPPPPYPPPPYPPPPPP
32 YPPPPPPYPPPPPYPPPPYPPPYPPPPPPPPP
26 YPPPPPPYPPPPPYPPPPYPPPPPPP
10 YPPYPPlYPP
9 YPPYPYPPP
51 YPPPPPYPPPPPYPPPPPYPPPPPYPPPPPPPYPPPPPPPYPPPPPPPPPP
45 YPPPPPPYPPPPPPYPPPPPPYPPPPPPPYPPPPPPPYPPPPPPP
39 YPPPPPPPYPPPPPPYPPPPPPYPPPPPPYPPPPPPPPP
14 YPPPPPPYPPPPPP
35 YPPPPPPYPPPPYPPPPYPPPPYPPPYPPPPPPPP
17 YPPPPYPPPPYPPPPPP
35 YPPPPPPPYPPPPPYPPPPPYPPPPPYPPPPPPPP
37 YPPPPPPPYPPPPPPYPPPPPPYPPPPPPYPPPPPPP
43 YPPPPPPYPPPPPPYPPPPPYPPPPPYPPPPPYPPPPPPPPPP
44 YPPPPPYPPPPPYPPPPPYPPPPPPPYPPPPPPPYPPPPPPPPP
50 YPPPPPYPPPPPYPPPPPYPPPPPYPPPPPYPPPPPPPYPPPPPPPPPPP
45 YPPPPPYPPPPPYPPPPPPYPPPPPPYPPPPPPYPPPPPPPPPPP
41 YPPPPPYPPPPPYPPPPPYPPPPYPPPPYPPPPYPPPPPPP
22 YPPPPYPPPYPPPYPPPYPPPP
51 YPPPPPPPPYPPPPPPPPYPPPPPPPPPYPPPPPPPPPPYPPPPPPPPPPP
19 YPPPPPYPPPPYPYPPPPP
37 YPPPPPPPYPPPPPPPYPPPPPYPPPPPYPPPPPPPP
29 YPPPPPYPPPPPYPPPPYPPPPYPPPPPP
47 YPPPPPPPYPPPPPPPPYPPPPPPPPYPPPPPPPPPYPPPPPPPPPP
44 YPPPPPYPPPPPYPPPPPYPPPPPYPPPPPPPPYPPPPPPPPPP
25 YPPPPPPYPPPPPYPPPPYPPPPPP
25 YPPPPYPPPYPPPYPPPYPPPPPPP
37 YPPPPPPYPPPPPYPPPPYPPPPYPPPYPPPPPPPPP
43 YPPPPPPYPPPPPYPPPPPYPPPPPYPPPPPYPPPPPPPPPPP
23 YPPPPPPYPPPYPPPYPPPPPPP
31 YPPPPPYPPPPPYPPPYPPPYPPPYPPPPPP
36 YPPPPPPYPPPPPYPPPPYPPPYPPPYPPPPPPPPP
54 YPPPPPPYPPPPPPYPPPPPPYPPPPPPYPPPPPPYPPPPPPYPPPPPPPPPPP
22 YPPPPPYPPPPYPPPPYPPPPP
47 YPPPPPYPPPPPYPPPPPPYPPPPPPYPPPPPPYPPPPPPYPPPPPP
52 YPPPPPPYPPPPPPYPPPPPPPYPPPPPPPYPPPPPPPPPYPPPPPPPPPPP
47 YPPPPPYPPPPPPYPPPPPPYPPPPPPPYPPPPPPPPYPPPPPPPPP
45 YPPPPPYPPPPPYPPPPPPYPPPPPPPYPPPPPPPYPPPPPPPPP
52 YPPPPPYPPPPPYPPPPPPYPPPPPPYPPPPPPYPPPPPPPPYPPPPPPPPP
26 YPPPPPPYPPPPYPPPPYPPPPPPPP
52 YPPPPPPYPPPPPPYPPPPPPYPPPPPPYPPPPPPPYPPPPPPPYPPPPPPP
50 YPPPPPPPPYPPPPPPPPPYPPPPPPPPPYPPPPPPPPPYPPPPPPPPPP
52 YPPPPPYPPPPPPYPPPPPPYPPPPPPYPPPPPPYPPPPPPYPPPPPPPPPP
36 YPPPPPPPYPPPPPPYPPPPPPYPPPPPYPPPPPPP
40 YPPPPPPPYPPPPPYPPPPPYPPPPPYPPPPPYPPPPPPP
52 YPPPPPYPPPPPYPPPPPYPPPPPPYPPPPPPYPPPPPPYPPPPPPPPPPPP
21 YPPPPYPPPPYPPPPYPPPPP
53 YPPPPYPPPPPYPPPPPYPPPPPPYPPPPPPYPPPPPPPPYPPPPPPPPPPPP
23 YPPPPPYPPPYPPYPPYPPPPPP
53 YPPPPPYPPPPPPYPPPPPPYPPPPPPYPPPPPPYPPPPPPYPPPPPPPPPPP
45 YPPPPPPPYPPPPPPPYPPPPPPPPYPPPPPPPPYPPPPPPPPPP
44 YPPPPPYPPPPPYPPPPPYPPPPPYPPPPPPPYPPPPPPPPPPP
49 YPPPPPYPPPPPYPPPPPPYPPPPPPYPPPPPPYPPPPPPYPPPPPPPP
53 YPPPPPPYPPPPPPYPPPPPPYPPPPPPYPPPPPPYPPPPPPPPYPPPPPPPP
48 YPPPPYPPPPPYPPPPPYPPPPPYPPPPPPYPPPPPPYPPPPPPPPPP
43 YPPPPPYPPPPPYPPPPPPYPPPPPPYPPPPPPPYPPPPPPPP
32 YPPPPPYPPPPPYPPPYPPPYPPPYPPPPPPP
35 YPPPPPPPYPPPPPYPPPPPYPPPPYPPPPPPPPP
38 YPPPPPPYPPPPYPPPPYPPPPYPPPPYPPPPPPPPPP
10 YPPYPhYPPP
26 YPPPPPPYPPPPPYPPPPYPPPPPPP
31 YPPPPPPPYPPPPPPYPPPYPPPYPPPPPPP
39 YPPPPPPYPPPPPYPPPPPYPPPPYPPPPYPPPPPPPPP
48 YPPPPPYPPPPPYPPPPPYPPPPPYPPPPPPYPPPPPPPYPPPPPPPP
53 YPPPPPPPYPPPPPPPYPPPPPPPYPPPPPPPYPPPPPPPYPPPPPPPPPPPP
39 YPPPPPPYPPPPPPYPPPPPYPPPPPYPPPPYPPPPPPP
39 YPPPPPPPYPPPPPYPPPPPYPPPPYPPPPYPPPPPPPP
42 YPPPPPPPPYPPPPPPPYPPPPPPPYPPPPPPYPPPPPPPPP
36 YPPPPPPPYPPPPPPYPPPPPPYPPPPPYPPPPPPP
45 YPPPPPPYPPPPPPYPPPPPPYPPPPPPYPPPPPPYPPPPPPPPP
32 YPPPPPPPYPPPPPPYPPPPPPYPPPPPPPPP
30 YPPPPPPYPPPPPYPPPPYPPPPYPPPPPP
34 YPPPPPPYPPPPPYPPPPPYPPPPPYPPPPPPPP
24 YPPPPYPPPYPPPYPPPYPPPPPP
31 YPPPPPPYPPPPPYPPPPYPPPPYPPPPPPP
45 YPPPPPPPYPPPPPPPPYPPPPPPPPYPPPPPPPPYPPPPPPPPP
53 YPPPPPPPYPPPPPPPYPPPPPPPPYPPPPPPPPYPPPPPPPPYPPPPPPPPP
15 YPPPYPPPYPYPPPP
32 YPPPPPPPYPPPPPPPYPPPPPPYPPPPPPPP
53 YPPPPPYPPPPPYPPPPPYPPPPPYPPPPPPYPPPPPPPPYPPPPPPPPPPPP
42 YPPPPPPPYPPPPPPPYPPPPPPPYPPPPPPYPPPPPPPPPP
46 YPPPPPPPYPPPPPPPPYPPPPPPPPYPPPPPPPPYPPPPPPPPPP
15 YPPYPPYPPYPPPPP
41 YPPPPPPPYPPPPPYPPPPPYPPPPPYPPPPPYPPPPPPPP
28 YPPPPPPPYPPPPPYPPPPPYPPPPPPP
28 YPPPPPYPPPPPYPPPPYPPPPYPPPPP
22 YPPPYPPPYPPPYPPYPPPPPP
39 YPPPPPPYPPPPPYPPPPPYPPPPYPPPPYPPPPPPPPP
52 YPPPPPPYPPPPPPPYPPPPPPPYPPPPPPPYPPPPPPPPPYPPPPPPPPPP
45 YPPPPPPPYPPPPPPPYPPPPPPPYPPPPPPPPPYPPPPPPPPPP
36 YPPPPPPYPPPPPYPPPPYPPPPYPPPPYPPPPPPP
33 YPPPPPYPPPPPYPPPPYPPPPYPPPYPPPPPP
43 YPPPPYPPPPPYPPPPPPYPPPPPPYPPPPPPPYPPPPPPPPP
34 YPPPPPPPYPPPPPYPPPPPYPPPYPPPPPPPPP
38 YPPPPPPYPPPPPPYPPPPPPYPPPPPYPPPPPPPPPP
