0 
5 YPPPP
8 YPYPYPYP
10 YPPYPPlYPP
10 YPPYPhYPPP
11 YPPYPPhYPPP
12 YPPPPYPPPPPP
14 YPPPPYPPPlYPPP
14 YPPYPPhYPPYPPP
14 YPPPPPPYPPPPPP
16 YPPPYPPYPPYPYPPP
18 YPPPPYPPPPhYPPPPPP
19 YPPPYPPPYPPYPYPPPPP
19 YPPPPPYPPPPYPYPPPPP
23 YPPPYPPPYPPPYPPYPPYPPPP
23 YPPPPPPYPPPPPYPPYPPPPPP
26 YPPPPPPYPPPPPYPPYPPYPPPPPP
27 YPPPPYPPPYPPPYPPPYPPYPPPPPP
27 YPPPPPPPYPPPPPPYPPPYPPPPPPP
31 YPPPPYPPPPYPPPYPPPYPPPYPPPPPPPP
31 YPPPPPPPYPPPPPPYPPPYPPPYPPPPPPP
36 YPPPPPPPPYPPPPPPPYPPPPYPPPPYPPPPPPPP
41 YPPPPPPPPPYPPPPPPPPYPPPPPYPPPPPYPPPPPPPPP
41 YPPPPPPPPPYPPPPPPPPYPPPPPYPPPPPYPPPPPPPPP
41 YPPPPPPPPPYPPPPPPPPYPPPPPYPPPPPYPPPPPPPPP
41 YPPPPPPPPPYPPPPPPPPYPPPPPYPPPPPYPPPPPPPPP
41 YPPPPPPPPPYPPPPPPPPYPPPPPYPPPPPYPPPPPPPPP
41 YPPPPPPPPPYPPPPPPPPYPPPPPYPPPPPYPPPPPPPPP
41 YPPPPPPPPPYPPPPPPPPYPPPPPYPPPPPYPPPPPPPPP
41 YPPPPPPPPPYPPPPPPPPYPPPPPYPPPPPYPPPPPPPPP
41 YPPPPPPPPPYPPPPPPPPYPPPPPYPPPPPYPPPPPPPPP
41 YPPPPPPPPPYPPPPPPPPYPPPPPYPPPPPYPPPPPPPPP
41 YPPPPPPPPPYPPPPPPPPYPPPPPYPPPPPYPPPPPPPPP
41 YPPPPPPPPPYPPPPPPPPYPPPPPYPPPPPYPPPPPPPPP
41 YPPPPPPPPPYPPPPPPPPYPPPPPYPPPPPYPPPPPPPPP
41 YPPPPPPPPPYPPPPPPPPYPPPPPYPPPPPYPPPPPPPPP
41 YPPPPPPPPPYPPPPPPPPYPPPPPYPPPPPYPPPPPPPPP
41 YPPPPPPPPPYPPPPPPPPYPPPPPYPPPPPYPPPPPPPPP
41 YPPPPPPPPPYPPPPPPPPYPPPPPYPPPPPYPPPPPPPPP
41 YPPPPPPPPPYPPPPPPPPYPPPPPYPPPPPYPPPPPPPPP
41 YPPPPPPPPPYPPPPPPPPYPPPPPYPPPPPYPPPPPPPPP
41 YPPPPPPPPPYPPPPPPPPYPPPPPYPPPPPYPPPPPPPPP
41 YPPPPPPPPPYPPPPPPPPYPPPPPYPPPPPYPPPPPPPPP
41 YPPPPPPPPPYPPPPPPPPYPPPPPYPPPPPYPPPPPPPPP
41 YPPPPPPPPPYPPPPPPPPYPPPPPYPPPPPYPPPPPPPPP
41 YPPPPPPPPPYPPPPPPPPYPPPPPYPPPPPYPPPPPPPPP
41 YPPPPPPPPPYPPPPPPPPYPPPPPYPPPPPYPPPPPPPPP
41 YPPPPPPPPPYPPPPPPPPYPPPPPYPPPPPYPPPPPPPPP
41 YPPPPPPPPPYPPPPPPPPYPPPPPYPPPPPYPPPPPPPPP
41 YPPPPPPPPPYPPPPPPPPYPPPPPYPPPPPYPPPPPPPPP
41 YPPPPPPPPPYPPPPPPPPYPPPPPYPPPPPYPPPPPPPPP
41 YPPPPPPPPPYPPPPPPPPYPPPPPYPPPPPYPPPPPPPPP
41 YPPPPPPPPPYPPPPPPPPYPPPPPYPPPPPYPPPPPPPPP
41 YPPPPPPPPPYPPPPPPPPYPPPPPYPPPPPYPPPPPPPPP
41 YPPPPPPPPPYPPPPPPPPYPPPPPYPPPPPYPPPPPPPPP
41 YPPPPPPPPPYPPPPPPPPYPPPPPYPPPPPYPPPPPPPPP
41 YPPPPPPPPPYPPPPPPPPYPPPPPYPPPPPYPPPPPPPPP
41 YPPPPPPPPPYPPPPPPPPYPPPPPYPPPPPYPPPPPPPPP
41 YPPPPPPPPPYPPPPPPPPYPPPPPYPPPPPYPPPPPPPPP
41 YPPPPPPPPPYPPPPPPPPYPPPPPYPPPPPYPPPPPPPPP
41 YPPPPPPPPPYPPPPPPPPYPPPPPYPPPPPYPPPPPPPPP
41 YPPPPPPPPPYPPPPPPPPYPPPPPYPPPPPYPPPPPPPPP
41 YPPPPPPPPPYPPPPPPPPYPPPPPYPPPPPYPPPPPPPPP
41 YPPPPPPPPPYPPPPPPPPYPPPPPYPPPPPYPPPPPPPPP
41 YPPPPPPPPPYPPPPPPPPYPPPPPYPPPPPYPPPPPPPPP
41 YPPPPPPPPPYPPPPPPPPYPPPPPYPPPPPYPPPPPPPPP
41 YPPPPPPPPPYPPPPPPPPYPPPPPYPPPPPYPPPPPPPPP
41 YPPPPPPPPPYPPPPPPPPYPPPPPYPPPPPYPPPPPPPPP
41 YPPPPPPPPPYPPPPPPPPYPPPPPYPPPPPYPPPPPPPPP
41 YPPPPPPPPPYPPPPPPPPYPPPPPYPPPPPYPPPPPPPPP
41 YPPPPPPPPPYPPPPPPPPYPPPPPYPPPPPYPPPPPPPPP
41 YPPPPPPPPPYPPPPPPPPYPPPPPYPPPPPYPPPPPPPPP
41 YPPPPPPPPPYPPPPPPPPYPPPPPYPPPPPYPPPPPPPPP
41 YPPPPPPPPPYPPPPPPPPYPPPPPYPPPPPYPPPPPPPPP
41 YPPPPPPPPPYPPPPPPPPYPPPPPYPPPPPYPPPPPPPPP
41 YPPPPPPPPPYPPPPPPPPYPPPPPYPPPPPYPPPPPPPPP
41 YPPPPPPPPPYPPPPPPPPYPPPPPYPPPPPYPPPPPPPPP
41 YPPPPPPPPPYPPPPPPPPYPPPPPYPPPPPYPPPPPPPPP
41 YPPPPPPPPPYPPPPPPPPYPPPPPYPPPPPYPPPPPPPPP
41 YPPPPPPPPPYPPPPPPPPYPPPPPYPPPPPYPPPPPPPPP
41 YPPPPPPPPPYPPPPPPPPYPPPPPYPPPPPYPPPPPPPPP
41 YPPPPPPPPPYPPPPPPPPYPPPPPYPPPPPYPPPPPPPPP
41 YPPPPPPPPPYPPPPPPPPYPPPPPYPPPPPYPPPPPPPPP
41 YPPPPPPPPPYPPPPPPPPYPPPPPYPPPPPYPPPPPPPPP
41 YPPPPPPPPPYPPPPPPPPYPPPPPYPPPPPYPPPPPPPPP
41 YPPPPPPPPPYPPPPPPPPYPPPPPYPPPPPYPPPPPPPPP
41 YPPPPPPPPPYPPPPPPPPYPPPPPYPPPPPYPPPPPPPPP
41 YPPPPPPPPPYPPPPPPPPYPPPPPYPPPPPYPPPPPPPPP
41 YPPPPPPPPPYPPPPPPPPYPPPPPYPPPPPYPPPPPPPPP
41 YPPPPPPPPPYPPPPPPPPYPPPPPYPPPPPYPPPPPPPPP
41 YPPPPPPPPPYPPPPPPPPYPPPPPYPPPPPYPPPPPPPPP
41 YPPPPPPPPPYPPPPPPPPYPPPPPYPPPPPYPPPPPPPPP
41 YPPPPPPPPPYPPPPPPPPYPPPPPYPPPPPYPPPPPPPPP
41 YPPPPPPPPPYPPPPPPPPYPPPPPYPPPPPYPPPPPPPPP
41 YPPPPPPPPPYPPPPPPPPYPPPPPYPPPPPYPPPPPPPPP
41 YPPPPPPPPPYPPPPPPPPYPPPPPYPPPPPYPPPPPPPPP
41 YPPPPPPPPPYPPPPPPPPYPPPPPYPPPPPYPPPPPPPPP
41 YPPPPPPPPPYPPPPPPPPYPPPPPYPPPPPYPPPPPPPPP
41 YPPPPPPPPPYPPPPPPPPYPPPPPYPPPPPYPPPPPPPPP
41 YPPPPPPPPPYPPPPPPPPYPPPPPYPPPPPYPPPPPPPPP
