13 YPPYPPYPPYPPP
10 YPPYPPlYPP
11 YPPYPPhYPPP
7 YPPYPPP
9 YPPYPYPPP
9 YPPYPYPPP
8 YPYPYPPP
8 YPYPYPPP
11 YPPYPPYPYPP
10 YPPPYPYPPP
12 YPPPYPPYPPPP
12 YPPPYPYPYPPP
11 YPPYPPYPYPP
2 YP
3 YPP
7 YPYPYPP
8 YPPYPYPP
3 YPP
11 YPPYPPYPYPP
5 YPPPP
8 YPPYPPPP
6 YPPYPP
11 YPPYPPYPYPP
4 YPYP
11 YPPPYPPYPPP
12 YPPYPPYPYPPP
12 YPPYPPYPYPPP
10 YPPYPPYPPP
12 YPPPYPPPYPPP
12 YPPPYPYPYPPP
11 YPPPYPPYPPP
10 YPPPPYPPPP
12 YPPYPPYPPPPP
8 YPPPYPPP
12 YPPPYPPYPPPP
6 YPPYPP
12 YPPPYPPPYPPP
13 YPPPYPPYPYPPP
12 YPPYPPYPYPPP
8 YPPYPPPP
9 YPPYPYPPP
5 YPPPP
10 YPPPPYPPPP
12 YPPYPPYPPYPP
12 YPPPYPPYPPPP
8 YPPYPYPP
13 YPPYPPYPYPPPP
8 YPPYPPPP
10 YPPYPPYPPP
12 YPPPYPPPYPPP
10 YPPPPYPPPP
13 YPPYPPYPYPPPP
10 YPPPYPYPPP
10 YPPYPPYPPP
9 YPPYPYPPP
5 YPYPP
5 YPPPP
8 YPPPYPPP
12 YPPYPPYPYPPP
7 YPPYPPP
7 YPPYPPP
8 YPYPYPPP
11 YPPPYPYPPPP
8 YPPYPYPP
7 YPPYPPP
12 YPPYPPYPPPPP
11 YPPYPPhYPPP
9 YPPYPYPPP
5 YPPPP
9 YPPYPYPPP
12 YPPPYPPYPPPP
10 YPPYPPlYPP
7 YPPYPPP
12 YPPPPYPPPPPP
12 YPPPYPYPYPPP
5 YPYPP
5 YPYPP
8 YPYPYPYP
10 YPPYPYPPPP
7 YPYPYPP
7 YPPYPPP
9 YPPYPPYPP
11 YPPYPPYPPPP
9 YPPPYPPPP
3 YPP
9 YPPYPYPPP
2 YP
4 YPYP
6 YPYPYP
5 YPYPP
10 YPPPYPYPPP
13 YPPYPPYPPYPPP
10 YPPPPYPPPP
3 YPP
13 YPPPYPPYPYPPP
9 YPPYPYPPP
13 YPPYPPYPPYPPP
6 YPPYPP
8 YPYPYPYP
12 YPPYPPYPPPPP
