15 YPPPPYPPPYPPPPP
9 YPPYPYPPP
7 YPPYPPP
15 YPPPPYPPPYPPPPP
10 YPPYPPlYPP
11 YPPYPPhYPPP
13 YPPPYPPYPPPPP
12 YPPYPPYPPPPP
13 YPPYPPYPYPPPP
14 YPPPPPPYPPPPPP
11 YPPPYPPYPPP
6 YPPYPP
15 YPPPYPPYPPYPPPP
13 YPPYPPYPPYPPP
7 YPYPYPP
15 YPPPPYPPPYPPPPP
9 YPPPYPPPP
7 YPPYPPP
8 YPYPYPPP
5 YPPPP
6 YPYPYP
14 YPPPYPPPYPPPPP
2 YP
13 YPPPYPPYPPPPP
5 YPYPP
10 YPPYPPYPPP
14 YPPPPYPPPYPPPP
15 YPPPYPPPYPPPPPP
8 YPPPYPPP
13 YPPPYPPPYPPPP
8 YPYPYPYP
15 YPPPYPPYPYPPPPP
10 YPPYPYPPPP
11 YPPYPPYPPPP
12 YPPYPPYPPYPP
10 YPPPYPYPPP
9 YPPYPYPPP
9 YPPPYPPPP
13 YPPYPPYPYPPPP
12 YPPPYPYPYPPP
13 YPPYPPYPPYPPP
14 YPPYPPYPPYPPPP
12 YPPYPPYPYPPP
12 YPPYPPYPPPPP
10 YPPPPYPPPP
15 YPPPYPPYPPYPPPP
4 YPYP
8 YPPYPYPP
12 YPPPYPPPYPPP
14 YPPPYPPYPYPPPP
5 YPYPP
15 YPPPYPPYPPYPPPP
12 YPPYPPYPPPPP
15 YPPPYPPYPYPPPPP
8 YPPPYPPP
5 YPPPP
5 YPYPP
13 YPPPPYPPYPPPP
12 YPPPYPPYPPPP
15 YPPPYPPPYPPPPPP
15 YPPPYPPYPPYPPPP
15 YPPPYPPPYPPPPPP
12 YPPYPPYPYPPP
8 YPPPYPPP
10 YPPYPYPPPP
8 YPYPYPPP
13 YPPYPPYPPYPPP
14 YPPYPPYPPYPPPP
14 YPPPYPPPYPPPPP
8 YPPYPYPP
12 YPPYPPYPPPPP
6 YPYPPP
15 YPPYPPYPPYPPPPP
15 YPPYPPYPPYPPPPP
13 YPPPYPPYPYPPP
14 YPPPYPPYPPYPPP
13 YPPPPYPPYPPPP
6 YPYPPP
10 YPPPPYPPPP
14 YPPPPYPPPYPPPP
10 YPPYPPlYPP
6 YPPYPP
14 YPPPYPPYPYPPPP
14 YPPPPYPPPlYPPP
14 YPPPPPPYPPPPPP
3 YPP
15 YPPPYPPPYPYPPPP
10 YPPYPYPPPP
10 YPPYPPlYPP
5 YPPPP
2 YP
10 YPPYPYPPPP
8 YPYPYPYP
12 YPPYPPYPYPPP
12 YPPYPPYPPYPP
12 YPPPYPPYPPPP
10 YPPYPPlYPP
8 YPPYPYPP
5 YPYPP
14 YPPPYPPYPYPPPP
