17 YPPPPPYPPPPYPPPPP
7 YPPYPPP
15 YPPPPYPPPYPPPPP
13 YPPPYPPYPPPPP
10 YPPYPPlYPP
9 YPPYPYPPP
11 YPPYPPhYPPP
16 YPPPPYPPPPYPPPPP
17 YPPPPPYPPPPYPPPPP
10 YPPYPYPPPP
14 YPPPPYPPPlYPPP
14 YPPPPYPPYPPPPP
3 YPP
11 YPPYPPYPPPP
14 YPPPYPPPYPPPPP
12 YPPPYPPYPPPP
14 YPPYPPhYPPYPPP
8 YPPYPPPP
13 YPPPYPPPYPPPP
11 YPPYPPhYPPP
14 YPPPYPPYPYPPPP
12 YPPYPPYPPYPP
17 YPPPYPPPYPPYPPPPP
12 YPPPYPPPYPPP
4 YPYP
16 YPPPYPPPYPPYPPPP
17 YPPPPYPPYPPYPPPPP
12 YPPYPPYPPPPP
11 YPPYPPYPPPP
11 YPPPYPYPPPP
13 YPPPYPPYPYPPP
16 YPPPYPPPYPPPYPPP
17 YPPPPYPPPPYPPPPPP
12 YPPYPPYPPYPP
6 YPYPPP
17 YPPPPYPPPYPPYPPPP
11 YPPYPPYPYPP
14 YPPPYPPPYPPPPP
8 YPPPYPPP
12 YPPPYPPPYPPP
16 YPPPPYPPYPYPPPPP
17 YPPPYPPPYPPPYPPPP
9 YPPYPPYPP
14 YPPYPPYPPYPPPP
15 YPPPYPPPYPYPPPP
12 YPPPYPYPYPPP
15 YPPPPYPPPPYPPPP
13 YPPYPPYPPYPPP
16 YPPPPPYPPPYPPPPP
13 YPPPYPPYPYPPP
6 YPPYPP
15 YPPYPPYPPYPPPPP
9 YPPYPPYPP
6 YPYPPP
13 YPPPYPPYPPPPP
17 YPPPYPPYPPYPPPPPP
15 YPPPYPPPYPYPPPP
13 YPPYPPYPPYPPP
12 YPPYPPYPPYPP
12 YPPPYPYPYPPP
17 YPPPYPPPYPYPPPPPP
13 YPPYPPYPYPPPP
9 YPPYPPYPP
8 YPPYPYPP
12 YPPPYPPYPPPP
17 YPPPYPPPYPYPPPPPP
10 YPPYPhYPPP
12 YPPPPYPPPPPP
14 YPPYPPYPPYPPPP
13 YPPPPYPPYPPPP
14 YPPPPYPPPlYPPP
10 YPPYPPlYPP
10 YPPYPPlYPP
11 YPPPYPPYPPP
14 YPPPPYPPPYPPPP
14 YPPPYPPPYPPPPP
13 YPPYPPYPYPPPP
9 YPPYPPYPP
10 YPPPPYPPPP
12 YPPPYPPPYPPP
4 YPYP
17 YPPPYPPYPPYPPPPPP
13 YPPPYPPYPYPPP
6 YPYPPP
17 YPPPPPYPPPPYPPPPP
17 YPPPYPPPYPPPYPPPP
7 YPYPYPP
16 YPPPYPPYPPYPYPPP
8 YPPYPYPP
15 YPPPPYPPPPYPPPP
13 YPPPYPPYPPPPP
10 YPPPYPYPPP
17 YPPPPYPPPYPPYPPPP
14 YPPPPPPYPPPPPP
16 YPPPYPPYPPYPYPPP
16 YPPPYPPPYPPPYPPP
15 YPPPYPPPYPPYPPP
15 YPPPYPPYPYPPPPP
14 YPPPYPPYPYPPPP
9 YPPPYPPPP
