19 YPPPPYPPPPYPPPYPPPP
15 YPPPPYPPPYPPPPP
9 YPPYPYPPP
18 YPPPPYPPPPhYPPPPPP
10 YPPYPPlYPP
18 YPPPPPYPPPPYPPPPPP
7 YPPYPPP
13 YPPPYPPYPPPPP
11 YPPYPPhYPPP
15 YPPYPPYPPYPPPPP
19 YPPPPYPPPYPPPYPPPPP
12 YPPPYPPPYPPP
9 YPPYPPYPP
13 YPPPYPPYPYPPP
18 YPPPPPYPPPPYPPPPPP
11 YPPYPPYPYPP
13 YPPPYPPYPYPPP
17 YPPPPPYPPPPYPPPPP
15 YPPPYPPPYPPPPPP
18 YPPPPPYPPPPYPPPPPP
15 YPPPYPPPYPYPPPP
11 YPPPYPYPPPP
16 YPPPPYPPPPYPPPPP
16 YPPPPYPPYPPYPPPP
10 YPPYPhYPPP
12 YPPYPPYPPPPP
2 YP
12 YPPYPPYPYPPP
18 YPPPPPYPPPPPYPPPPP
3 YPP
18 YPPPPYPPPYPPPYPPPP
6 YPYPPP
11 YPPYPPYPPPP
11 YPPPYPPYPPP
17 YPPPYPPPYPPPYPPPP
17 YPPPPPYPPPPYPPPPP
14 YPPPPYPPPlYPPP
6 YPYPPP
6 YPPYPP
18 YPPPYPPPYPPYPPYPPP
16 YPPPPYPPPPYPPPPP
13 YPPPYPPPYPPPP
14 YPPPYPPYPYPPPP
12 YPPPYPYPYPPP
19 YPPPYPPPYPPYPYPPPPP
6 YPYPPP
12 YPPYPPYPYPPP
14 YPPPYPPYPYPPPP
13 YPPYPPYPPYPPP
19 YPPPPYPPPPYPPYPPPPP
14 YPPPPYPPPYPPPP
6 YPYPPP
12 YPPYPPYPYPPP
11 YPPYPPYPPPP
6 YPYPPP
13 YPPPYPPYPPPPP
19 YPPPPPYPPPPYPYPPPPP
17 YPPPPPYPPPPYPPPPP
15 YPPPYPPPYPPYPPP
8 YPYPYPYP
8 YPYPYPYP
14 YPPPPYPPPlYPPP
13 YPPPPYPPYPPPP
17 YPPPPYPPPPYPPPPPP
13 YPPPPYPPYPPPP
8 YPYPYPYP
16 YPPPYPPYPPYPYPPP
2 YP
18 YPPPPYPPPPhYPPPPPP
15 YPPPYPPYPYPPPPP
15 YPPPYPPPYPPYPPP
10 YPPYPhYPPP
17 YPPPYPPYPPYPPPPPP
14 YPPPPYPPYPPPPP
17 YPPPPYPPYPPYPPPPP
15 YPPPYPPYPPYPPPP
19 YPPPYPPPYPPPYPPPPPP
10 YPPYPPYPPP
13 YPPYPPYPYPPPP
11 YPPYPPYPPPP
12 YPPPYPYPYPPP
18 YPPPPYPPYPPYPPPPPP
17 YPPPPYPPYPPYPPPPP
18 YPPPPYPPYPPYPPPPPP
3 YPP
11 YPPYPPYPYPP
5 YPPPP
18 YPPPPYPPPPhYPPPPPP
8 YPPPYPPP
13 YPPYPPYPPYPPP
16 YPPPYPPYPPYPPPPP
8 YPPYPYPP
8 YPPPYPPP
16 YPPPPYPPYPYPPPPP
8 YPPYPYPP
10 YPPYPPlYPP
13 YPPPYPPPYPPPP
19 YPPPPYPPPPYPPYPPPPP
19 YPPPPYPPPPYPPPYPPPP
17 YPPPPYPPPYPYPPPPP
