307 YPPPPPPPPPPPPPPPPPPYPPPPPPPPPPPPPPPPPPYPPPPPPPPPPPPPPPPPPYPPPPPPPPPPPPPPPPPPYPPPPPPPPPPPPPPPPPPYPPPPPPPPPPPPPPPPPPYPPPPPPPPPPPPPPPPPPYPPPPPPPPPPPPPPPPPPYPPPPPPPPPPPPPPPPPPYPPPPPPPPPPPPPPPPPPPYPPPPPPPPPPPPPPPPPPPYPPPPPPPPPPPPPPPPPPPYPPPPPPPPPPPPPPPPPPPYPPPPPPPPPPPPPPPPPPPPPPPYPPPPPPPPPPPPPPPPPPPPPPPPPPPPPPP
34 YPPPPPPYPPPPYPPPPYPPPPYPPPPYPPPPPP
34 YPPPPPPPYPPPPPYPPPPPYPPPPYPPPPPPPP
7 YPPYPPP
36 YPPPPPPPPYPPPPPPPYPPPPYPPPPYPPPPPPPP
11 YPPYPPhYPPP
34 YPPPPPPYPPPPPPYPPPPPYPPPPPYPPPPPPP
32 YPPPPPPYPPPPPYPPPPYPPPYPPPPPPPPP
18 YPPPPPYPPPPYPPPPPP
36 YPPPPPYPPPPPYPPPPPYPPPPYPPPPYPPPPPPP
216 YPPPPPPPPPPPPPPPPYPPPPPPPPPPPPPPPPYPPPPPPPPPPPPPPPPPYPPPPPPPPPPPPPPPPPYPPPPPPPPPPPPPPPPPYPPPPPPPPPPPPPPPPPYPPPPPPPPPPPPPPPPPYPPPPPPPPPPPPPPPPPYPPPPPPPPPPPPPPPPPYPPPPPPPPPPPPPPPPPYPPPPPPPPPPPPPPPPPPYPPPPPPPPPPPPPPPPPP
81 YPPPPPPPPYPPPPPPPPYPPPPPPPPYPPPPPPPPYPPPPPPPPYPPPPPPPPYPPPPPPPPPPYPPPPPPPPPPPPPPP
186 YPPPPPPPPPPPPPPPYPPPPPPPPPPPPPPPYPPPPPPPPPPPPPPPYPPPPPPPPPPPPPPPYPPPPPPPPPPPPPPPPYPPPPPPPPPPPPPPPPYPPPPPPPPPPPPPPPPYPPPPPPPPPPPPPPPPYPPPPPPPPPPPPPPPPYPPPPPPPPPPPPPPPPYPPPPPPPPPPPPPPPPPPP
182 YPPPPPPPPPPPPPPPPYPPPPPPPPPPPPPPPPYPPPPPPPPPPPPPPPPYPPPPPPPPPPPPPPPPPYPPPPPPPPPPPPPPPPPYPPPPPPPPPPPPPPPPPYPPPPPPPPPPPPPPPPPYPPPPPPPPPPPPPPPPPPYPPPPPPPPPPPPPPPPPPYPPPPPPPPPPPPPPPPPPPP
222 YPPPPPPPPPPPPPPPYPPPPPPPPPPPPPPPYPPPPPPPPPPPPPPPYPPPPPPPPPPPPPPPYPPPPPPPPPPPPPPPYPPPPPPPPPPPPPPPYPPPPPPPPPPPPPPPYPPPPPPPPPPPPPPPYPPPPPPPPPPPPPPPPYPPPPPPPPPPPPPPPPYPPPPPPPPPPPPPPPPYPPPPPPPPPPPPPPPPPPPYPPPPPPPPPPPPPPPPPPPPPP
268 YPPPPPPPPPPPPPPPYPPPPPPPPPPPPPPPYPPPPPPPPPPPPPPPYPPPPPPPPPPPPPPPPYPPPPPPPPPPPPPPPPYPPPPPPPPPPPPPPPPYPPPPPPPPPPPPPPPPYPPPPPPPPPPPPPPPPYPPPPPPPPPPPPPPPPYPPPPPPPPPPPPPPPPYPPPPPPPPPPPPPPPPYPPPPPPPPPPPPPPPPYPPPPPPPPPPPPPPPPPYPPPPPPPPPPPPPPPPPPPPYPPPPPPPPPPPPPPPPPPPPPPPPPPP
130 YPPPPPPPPPPYPPPPPPPPPPYPPPPPPPPPPPYPPPPPPPPPPPYPPPPPPPPPPPYPPPPPPPPPPPYPPPPPPPPPPPYPPPPPPPPPPPYPPPPPPPPPPPYPPPPPPPPPPPYPPPPPPPPPPP
264 YPPPPPPPPPPPPPPPYPPPPPPPPPPPPPPPYPPPPPPPPPPPPPPPYPPPPPPPPPPPPPPPYPPPPPPPPPPPPPPPYPPPPPPPPPPPPPPPPYPPPPPPPPPPPPPPPPYPPPPPPPPPPPPPPPPYPPPPPPPPPPPPPPPPYPPPPPPPPPPPPPPPPYPPPPPPPPPPPPPPPPYPPPPPPPPPPPPPPPPYPPPPPPPPPPPPPPPPPYPPPPPPPPPPPPPPPPPPPYPPPPPPPPPPPPPPPPPPPPPPPPPP
125 YPPPPPPPPPPYPPPPPPPPPPYPPPPPPPPPPYPPPPPPPPPPYPPPPPPPPPPPYPPPPPPPPPPPYPPPPPPPPPPPYPPPPPPPPPPPYPPPPPPPPPPPPPYPPPPPPPPPPPPPPPPPP
300 YPPPPPPPPPPPPPPPPPPPYPPPPPPPPPPPPPPPPPPPYPPPPPPPPPPPPPPPPPPPYPPPPPPPPPPPPPPPPPPPYPPPPPPPPPPPPPPPPPPPPYPPPPPPPPPPPPPPPPPPPPYPPPPPPPPPPPPPPPPPPPPYPPPPPPPPPPPPPPPPPPPPYPPPPPPPPPPPPPPPPPPPPYPPPPPPPPPPPPPPPPPPPPYPPPPPPPPPPPPPPPPPPPPYPPPPPPPPPPPPPPPPPPPPYPPPPPPPPPPPPPPPPPPPPPPPYPPPPPPPPPPPPPPPPPPPPPPPPPPP
147 YPPPPPPPPPPPPYPPPPPPPPPPPPYPPPPPPPPPPPPPYPPPPPPPPPPPPPYPPPPPPPPPPPPPYPPPPPPPPPPPPPYPPPPPPPPPPPPPYPPPPPPPPPPPPPYPPPPPPPPPPPPPPPPYPPPPPPPPPPPPPPPPPPP
286 YPPPPPPPPPPPPPPPPPYPPPPPPPPPPPPPPPPPYPPPPPPPPPPPPPPPPPYPPPPPPPPPPPPPPPPPYPPPPPPPPPPPPPPPPPYPPPPPPPPPPPPPPPPPYPPPPPPPPPPPPPPPPPYPPPPPPPPPPPPPPPPPPYPPPPPPPPPPPPPPPPPPYPPPPPPPPPPPPPPPPPPYPPPPPPPPPPPPPPPPPPYPPPPPPPPPPPPPPPPPPYPPPPPPPPPPPPPPPPPPYPPPPPPPPPPPPPPPPPPYPPPPPPPPPPPPPPPPPPPPPPPPPP
66 YPPPPPPPYPPPPPPPYPPPPPPPYPPPPPPPYPPPPPPPYPPPPPPPYPPPPPPPYPPPPPPPPP
117 YPPPPPPPPPPPPPYPPPPPPPPPPPPPYPPPPPPPPPPPPPYPPPPPPPPPPPPPYPPPPPPPPPPPPPYPPPPPPPPPPPPPYPPPPPPPPPPPPPPPYPPPPPPPPPPPPPPPP
193 YPPPPPPPPPPPPPYPPPPPPPPPPPPPPYPPPPPPPPPPPPPPYPPPPPPPPPPPPPPYPPPPPPPPPPPPPPYPPPPPPPPPPPPPPYPPPPPPPPPPPPPPYPPPPPPPPPPPPPPYPPPPPPPPPPPPPPYPPPPPPPPPPPPPPPYPPPPPPPPPPPPPPPPPPYPPPPPPPPPPPPPPPPPPPPPPP
200 YPPPPPPPPPPPPPPPPYPPPPPPPPPPPPPPPPYPPPPPPPPPPPPPPPPPYPPPPPPPPPPPPPPPPPYPPPPPPPPPPPPPPPPPYPPPPPPPPPPPPPPPPPYPPPPPPPPPPPPPPPPPYPPPPPPPPPPPPPPPPPYPPPPPPPPPPPPPPPPPYPPPPPPPPPPPPPPPPPPYPPPPPPPPPPPPPPPPPPPP
133 YPPPPPPPPPPYPPPPPPPPPPYPPPPPPPPPPYPPPPPPPPPPYPPPPPPPPPPYPPPPPPPPPPYPPPPPPPPPPPYPPPPPPPPPPPYPPPPPPPPPPPPYPPPPPPPPPPPPPYPPPPPPPPPPPPPPP
251 YPPPPPPPPPPPPPPPPPPYPPPPPPPPPPPPPPPPPPPYPPPPPPPPPPPPPPPPPPPYPPPPPPPPPPPPPPPPPPPYPPPPPPPPPPPPPPPPPPPYPPPPPPPPPPPPPPPPPPPYPPPPPPPPPPPPPPPPPPPYPPPPPPPPPPPPPPPPPPPYPPPPPPPPPPPPPPPPPPPPYPPPPPPPPPPPPPPPPPPPPYPPPPPPPPPPPPPPPPPPPPPPYPPPPPPPPPPPPPPPPPPPPPPPPPP
106 YPPPPPPPPYPPPPPPPPYPPPPPPPPPYPPPPPPPPPYPPPPPPPPPYPPPPPPPPPYPPPPPPPPPYPPPPPPPPPPYPPPPPPPPPPPYPPPPPPPPPPPPPP
267 YPPPPPPPPPPPPPPPPPPYPPPPPPPPPPPPPPPPPPYPPPPPPPPPPPPPPPPPPPYPPPPPPPPPPPPPPPPPPPYPPPPPPPPPPPPPPPPPPPYPPPPPPPPPPPPPPPPPPPYPPPPPPPPPPPPPPPPPPPYPPPPPPPPPPPPPPPPPPPYPPPPPPPPPPPPPPPPPPPYPPPPPPPPPPPPPPPPPPPYPPPPPPPPPPPPPPPPPPPYPPPPPPPPPPPPPPPPPPPPYPPPPPPPPPPPPPPPPPPPPPPPPPPP
111 YPPPPPPPPPYPPPPPPPPPYPPPPPPPPPYPPPPPPPPPYPPPPPPPPPYPPPPPPPPPPYPPPPPPPPPPYPPPPPPPPPPYPPPPPPPPPPYPPPPPPPPPPPPPPPP
273 YPPPPPPPPPPPPPPPPPPPYPPPPPPPPPPPPPPPPPPPYPPPPPPPPPPPPPPPPPPPYPPPPPPPPPPPPPPPPPPPYPPPPPPPPPPPPPPPPPPPYPPPPPPPPPPPPPPPPPPPYPPPPPPPPPPPPPPPPPPPYPPPPPPPPPPPPPPPPPPPYPPPPPPPPPPPPPPPPPPPYPPPPPPPPPPPPPPPPPPPYPPPPPPPPPPPPPPPPPPPYPPPPPPPPPPPPPPPPPPPPPYPPPPPPPPPPPPPPPPPPPPPPPPPPPPPP
82 YPPPPPPPYPPPPPPPYPPPPPPPYPPPPPPPPYPPPPPPPPYPPPPPPPPYPPPPPPPPYPPPPPPPPYPPPPPPPPPPPP
215 YPPPPPPPPPPPPPPYPPPPPPPPPPPPPPYPPPPPPPPPPPPPPYPPPPPPPPPPPPPPYPPPPPPPPPPPPPPYPPPPPPPPPPPPPPYPPPPPPPPPPPPPPYPPPPPPPPPPPPPPPYPPPPPPPPPPPPPPPYPPPPPPPPPPPPPPPYPPPPPPPPPPPPPPPPYPPPPPPPPPPPPPPPPPPYPPPPPPPPPPPPPPPPPPPPPPPPP
217 YPPPPPPPPPPPPPPPYPPPPPPPPPPPPPPPYPPPPPPPPPPPPPPPYPPPPPPPPPPPPPPPYPPPPPPPPPPPPPPPYPPPPPPPPPPPPPPPYPPPPPPPPPPPPPPPYPPPPPPPPPPPPPPPYPPPPPPPPPPPPPPPYPPPPPPPPPPPPPPPYPPPPPPPPPPPPPPPYPPPPPPPPPPPPPPPYPPPPPPPPPPPPPPPPPPPPPPPP
265 YPPPPPPPPPPPPPPPPYPPPPPPPPPPPPPPPPYPPPPPPPPPPPPPPPPYPPPPPPPPPPPPPPPPPYPPPPPPPPPPPPPPPPPYPPPPPPPPPPPPPPPPPYPPPPPPPPPPPPPPPPPYPPPPPPPPPPPPPPPPPYPPPPPPPPPPPPPPPPPYPPPPPPPPPPPPPPPPPYPPPPPPPPPPPPPPPPPPYPPPPPPPPPPPPPPPPPPYPPPPPPPPPPPPPPPPPPPPYPPPPPPPPPPPPPPPPPPPPPPPPPPPP
248 YPPPPPPPPPPPPPPPYPPPPPPPPPPPPPPPPYPPPPPPPPPPPPPPPPYPPPPPPPPPPPPPPPPYPPPPPPPPPPPPPPPPYPPPPPPPPPPPPPPPPYPPPPPPPPPPPPPPPPYPPPPPPPPPPPPPPPPYPPPPPPPPPPPPPPPPYPPPPPPPPPPPPPPPPYPPPPPPPPPPPPPPPPYPPPPPPPPPPPPPPPPYPPPPPPPPPPPPPPPPPPPYPPPPPPPPPPPPPPPPPPPPPPPP
219 YPPPPPPPPPPPPPPYPPPPPPPPPPPPPPYPPPPPPPPPPPPPPPYPPPPPPPPPPPPPPPYPPPPPPPPPPPPPPPYPPPPPPPPPPPPPPPYPPPPPPPPPPPPPPPYPPPPPPPPPPPPPPPYPPPPPPPPPPPPPPPYPPPPPPPPPPPPPPPYPPPPPPPPPPPPPPPPYPPPPPPPPPPPPPPPPYPPPPPPPPPPPPPPPPPPPPPPPPPP
14 YPPPPYPPYPPPPP
135 YPPPPPPPPPPPPPYPPPPPPPPPPPPPYPPPPPPPPPPPPPYPPPPPPPPPPPPPYPPPPPPPPPPPPPYPPPPPPPPPPPPPYPPPPPPPPPPPPPYPPPPPPPPPPPPPPPYPPPPPPPPPPPPPPPPPPPP
69 YPPPPPPYPPPPPPPYPPPPPPPYPPPPPPPYPPPPPPPYPPPPPPPPYPPPPPPPPYPPPPPPPPPPP
262 YPPPPPPPPPPPPPPPPYPPPPPPPPPPPPPPPPYPPPPPPPPPPPPPPPPYPPPPPPPPPPPPPPPPYPPPPPPPPPPPPPPPPPYPPPPPPPPPPPPPPPPPYPPPPPPPPPPPPPPPPPYPPPPPPPPPPPPPPPPPYPPPPPPPPPPPPPPPPPYPPPPPPPPPPPPPPPPPYPPPPPPPPPPPPPPPPPYPPPPPPPPPPPPPPPPPPPYPPPPPPPPPPPPPPPPPPPPYPPPPPPPPPPPPPPPPPPPPPPPPPP
255 YPPPPPPPPPPPPPPPPYPPPPPPPPPPPPPPPPYPPPPPPPPPPPPPPPPYPPPPPPPPPPPPPPPPYPPPPPPPPPPPPPPPPYPPPPPPPPPPPPPPPPYPPPPPPPPPPPPPPPPYPPPPPPPPPPPPPPPPYPPPPPPPPPPPPPPPPYPPPPPPPPPPPPPPPPYPPPPPPPPPPPPPPPPPYPPPPPPPPPPPPPPPPPPYPPPPPPPPPPPPPPPPPPPYPPPPPPPPPPPPPPPPPPPPPPPPPPP
85 YPPPPPPPYPPPPPPPPYPPPPPPPPYPPPPPPPPPYPPPPPPPPPYPPPPPPPPPPYPPPPPPPPPPPYPPPPPPPPPPPPPPP
300 YPPPPPPPPPPPPPPPPYPPPPPPPPPPPPPPPPPYPPPPPPPPPPPPPPPPPYPPPPPPPPPPPPPPPPPYPPPPPPPPPPPPPPPPPYPPPPPPPPPPPPPPPPPYPPPPPPPPPPPPPPPPPYPPPPPPPPPPPPPPPPPYPPPPPPPPPPPPPPPPPYPPPPPPPPPPPPPPPPPYPPPPPPPPPPPPPPPPPYPPPPPPPPPPPPPPPPPYPPPPPPPPPPPPPPPPPYPPPPPPPPPPPPPPPPPPYPPPPPPPPPPPPPPPPPPPPYPPPPPPPPPPPPPPPPPPPPPPPPPP
222 YPPPPPPPPPPPPPPYPPPPPPPPPPPPPPPYPPPPPPPPPPPPPPPYPPPPPPPPPPPPPPPYPPPPPPPPPPPPPPPYPPPPPPPPPPPPPPPYPPPPPPPPPPPPPPPYPPPPPPPPPPPPPPPYPPPPPPPPPPPPPPPYPPPPPPPPPPPPPPPPYPPPPPPPPPPPPPPPPYPPPPPPPPPPPPPPPPPYPPPPPPPPPPPPPPPPPPPPPPPPPP
58 YPPPPPPYPPPPPPYPPPPPPYPPPPPPPYPPPPPPPPYPPPPPPPPYPPPPPPPPPP
199 YPPPPPPPPPPPPPPPYPPPPPPPPPPPPPPPYPPPPPPPPPPPPPPPYPPPPPPPPPPPPPPPYPPPPPPPPPPPPPPPYPPPPPPPPPPPPPPPYPPPPPPPPPPPPPPPYPPPPPPPPPPPPPPPYPPPPPPPPPPPPPPPYPPPPPPPPPPPPPPPYPPPPPPPPPPPPPPPYPPPPPPPPPPPPPPPPPPPPPP
183 YPPPPPPPPPPPPYPPPPPPPPPPPPYPPPPPPPPPPPPYPPPPPPPPPPPPYPPPPPPPPPPPPYPPPPPPPPPPPPPYPPPPPPPPPPPPPYPPPPPPPPPPPPPYPPPPPPPPPPPPPYPPPPPPPPPPPPPYPPPPPPPPPPPPPYPPPPPPPPPPPPPPYPPPPPPPPPPPPPPPPPP
91 YPPPPPPPPYPPPPPPPPPYPPPPPPPPPYPPPPPPPPPYPPPPPPPPPYPPPPPPPPPYPPPPPPPPPYPPPPPPPPPPYPPPPPPPPPP
226 YPPPPPPPPPPPPPPPPPPPYPPPPPPPPPPPPPPPPPPPYPPPPPPPPPPPPPPPPPPPYPPPPPPPPPPPPPPPPPPPYPPPPPPPPPPPPPPPPPPPYPPPPPPPPPPPPPPPPPPPYPPPPPPPPPPPPPPPPPPPPYPPPPPPPPPPPPPPPPPPPPYPPPPPPPPPPPPPPPPPPPPYPPPPPPPPPPPPPPPPPPPPYPPPPPPPPPPPPPPPPPPPPP
28 YPPPPPPPYPPPPPYPPPPPYPPPPPPP
65 YPPPPPPPYPPPPPPPYPPPPPPPYPPPPPPPYPPPPPPPYPPPPPPPPPPYPPPPPPPPPPPPP
94 YPPPPPPPPPPPYPPPPPPPPPPPPYPPPPPPPPPPPPYPPPPPPPPPPPPYPPPPPPPPPPPPPYPPPPPPPPPPPPPYPPPPPPPPPPPPPP
302 YPPPPPPPPPPPPPPPPPPPPYPPPPPPPPPPPPPPPPPPPPYPPPPPPPPPPPPPPPPPPPPYPPPPPPPPPPPPPPPPPPPPYPPPPPPPPPPPPPPPPPPPPYPPPPPPPPPPPPPPPPPPPPYPPPPPPPPPPPPPPPPPPPPYPPPPPPPPPPPPPPPPPPPPYPPPPPPPPPPPPPPPPPPPPYPPPPPPPPPPPPPPPPPPPPYPPPPPPPPPPPPPPPPPPPPYPPPPPPPPPPPPPPPPPPPPYPPPPPPPPPPPPPPPPPPPPPPYPPPPPPPPPPPPPPPPPPPPPPPPPP
71 YPPPPPPPPYPPPPPPPPYPPPPPPPPYPPPPPPPPPYPPPPPPPPPYPPPPPPPPPPYPPPPPPPPPPPP
154 YPPPPPPPPPPPPYPPPPPPPPPPPPYPPPPPPPPPPPPYPPPPPPPPPPPPYPPPPPPPPPPPPYPPPPPPPPPPPPYPPPPPPPPPPPPYPPPPPPPPPPPPPYPPPPPPPPPPPPPYPPPPPPPPPPPPPPYPPPPPPPPPPPPPPPPPPP
226 YPPPPPPPPPPPPPPPPPPPYPPPPPPPPPPPPPPPPPPPYPPPPPPPPPPPPPPPPPPPYPPPPPPPPPPPPPPPPPPPYPPPPPPPPPPPPPPPPPPPYPPPPPPPPPPPPPPPPPPPYPPPPPPPPPPPPPPPPPPPYPPPPPPPPPPPPPPPPPPPPYPPPPPPPPPPPPPPPPPPPPYPPPPPPPPPPPPPPPPPPPPPYPPPPPPPPPPPPPPPPPPPPP
127 YPPPPPPPPPPPYPPPPPPPPPPPPYPPPPPPPPPPPPYPPPPPPPPPPPPYPPPPPPPPPPPPYPPPPPPPPPPPPYPPPPPPPPPPPPPYPPPPPPPPPPPPPPYPPPPPPPPPPPPPPPPPPPP
170 YPPPPPPPPPPPPPYPPPPPPPPPPPPPYPPPPPPPPPPPPPYPPPPPPPPPPPPPYPPPPPPPPPPPPPYPPPPPPPPPPPPPYPPPPPPPPPPPPPPYPPPPPPPPPPPPPPYPPPPPPPPPPPPPPYPPPPPPPPPPPPPPPPYPPPPPPPPPPPPPPPPPPPPPPP
209 YPPPPPPPPPPPPPPPPPYPPPPPPPPPPPPPPPPPYPPPPPPPPPPPPPPPPPYPPPPPPPPPPPPPPPPPYPPPPPPPPPPPPPPPPPYPPPPPPPPPPPPPPPPPYPPPPPPPPPPPPPPPPPYPPPPPPPPPPPPPPPPPYPPPPPPPPPPPPPPPPPYPPPPPPPPPPPPPPPPPPPPPYPPPPPPPPPPPPPPPPPPPPPPPP
297 YPPPPPPPPPPPPPPPPPPPYPPPPPPPPPPPPPPPPPPPYPPPPPPPPPPPPPPPPPPPPYPPPPPPPPPPPPPPPPPPPPYPPPPPPPPPPPPPPPPPPPPYPPPPPPPPPPPPPPPPPPPPYPPPPPPPPPPPPPPPPPPPPYPPPPPPPPPPPPPPPPPPPPYPPPPPPPPPPPPPPPPPPPPYPPPPPPPPPPPPPPPPPPPPYPPPPPPPPPPPPPPPPPPPPYPPPPPPPPPPPPPPPPPPPPYPPPPPPPPPPPPPPPPPPPPPYPPPPPPPPPPPPPPPPPPPPPPPP
260 YPPPPPPPPPPPPPPPPYPPPPPPPPPPPPPPPPPYPPPPPPPPPPPPPPPPPYPPPPPPPPPPPPPPPPPYPPPPPPPPPPPPPPPPPYPPPPPPPPPPPPPPPPPYPPPPPPPPPPPPPPPPPYPPPPPPPPPPPPPPPPPYPPPPPPPPPPPPPPPPPYPPPPPPPPPPPPPPPPPYPPPPPPPPPPPPPPPPPYPPPPPPPPPPPPPPPPPYPPPPPPPPPPPPPPPPPYPPPPPPPPPPPPPPPPPPPPPPPPPP
48 YPPPPYPPPPPYPPPPPYPPPPPYPPPPPYPPPPPPPYPPPPPPPPPP
218 YPPPPPPPPPPPPPPPYPPPPPPPPPPPPPPPPYPPPPPPPPPPPPPPPPYPPPPPPPPPPPPPPPPYPPPPPPPPPPPPPPPPYPPPPPPPPPPPPPPPPYPPPPPPPPPPPPPPPPYPPPPPPPPPPPPPPPPYPPPPPPPPPPPPPPPPYPPPPPPPPPPPPPPPPPPYPPPPPPPPPPPPPPPPPPPYPPPPPPPPPPPPPPPPPPPPPPPPPP
294 YPPPPPPPPPPPPPPPPPPPPYPPPPPPPPPPPPPPPPPPPPYPPPPPPPPPPPPPPPPPPPPYPPPPPPPPPPPPPPPPPPPPPYPPPPPPPPPPPPPPPPPPPPPYPPPPPPPPPPPPPPPPPPPPPYPPPPPPPPPPPPPPPPPPPPPYPPPPPPPPPPPPPPPPPPPPPYPPPPPPPPPPPPPPPPPPPPPYPPPPPPPPPPPPPPPPPPPPPYPPPPPPPPPPPPPPPPPPPPPPYPPPPPPPPPPPPPPPPPPPPPPYPPPPPPPPPPPPPPPPPPPPPPPPPPPPPP
264 YPPPPPPPPPPPPPPPPPYPPPPPPPPPPPPPPPPPPYPPPPPPPPPPPPPPPPPPYPPPPPPPPPPPPPPPPPPYPPPPPPPPPPPPPPPPPPYPPPPPPPPPPPPPPPPPPYPPPPPPPPPPPPPPPPPPYPPPPPPPPPPPPPPPPPPYPPPPPPPPPPPPPPPPPPYPPPPPPPPPPPPPPPPPPPYPPPPPPPPPPPPPPPPPPPPYPPPPPPPPPPPPPPPPPPPPPPYPPPPPPPPPPPPPPPPPPPPPPPPPPPPP
303 YPPPPPPPPPPPPPPPPPYPPPPPPPPPPPPPPPPPPYPPPPPPPPPPPPPPPPPPYPPPPPPPPPPPPPPPPPPYPPPPPPPPPPPPPPPPPPYPPPPPPPPPPPPPPPPPPYPPPPPPPPPPPPPPPPPPYPPPPPPPPPPPPPPPPPPYPPPPPPPPPPPPPPPPPPYPPPPPPPPPPPPPPPPPPYPPPPPPPPPPPPPPPPPPYPPPPPPPPPPPPPPPPPPYPPPPPPPPPPPPPPPPPPPPYPPPPPPPPPPPPPPPPPPPPPPYPPPPPPPPPPPPPPPPPPPPPPPPPPPPPPP
223 YPPPPPPPPPPPPPPPPPPYPPPPPPPPPPPPPPPPPPYPPPPPPPPPPPPPPPPPPYPPPPPPPPPPPPPPPPPPPYPPPPPPPPPPPPPPPPPPPYPPPPPPPPPPPPPPPPPPPYPPPPPPPPPPPPPPPPPPPYPPPPPPPPPPPPPPPPPPPYPPPPPPPPPPPPPPPPPPPYPPPPPPPPPPPPPPPPPPPPPYPPPPPPPPPPPPPPPPPPPPPPP
82 YPPPPPPPPPYPPPPPPPPPPYPPPPPPPPPPYPPPPPPPPPPYPPPPPPPPPPYPPPPPPPPPPPYPPPPPPPPPPPPPPP
210 YPPPPPPPPPPPPPYPPPPPPPPPPPPPYPPPPPPPPPPPPPYPPPPPPPPPPPPPPYPPPPPPPPPPPPPPYPPPPPPPPPPPPPPYPPPPPPPPPPPPPPYPPPPPPPPPPPPPPYPPPPPPPPPPPPPPYPPPPPPPPPPPPPPYPPPPPPPPPPPPPPYPPPPPPPPPPPPPPYPPPPPPPPPPPPPPPYPPPPPPPPPPPPPPPP
196 YPPPPPPPPPPPPYPPPPPPPPPPPPPYPPPPPPPPPPPPPYPPPPPPPPPPPPPYPPPPPPPPPPPPPYPPPPPPPPPPPPPYPPPPPPPPPPPPPYPPPPPPPPPPPPPYPPPPPPPPPPPPPYPPPPPPPPPPPPPYPPPPPPPPPPPPPPYPPPPPPPPPPPPPPPPPYPPPPPPPPPPPPPPPPPPPPPPP
104 YPPPPPPPPYPPPPPPPPYPPPPPPPPYPPPPPPPPYPPPPPPPPYPPPPPPPPYPPPPPPPPPPYPPPPPPPPPPYPPPPPPPPPPPYPPPPPPPPPPPPPPP
267 YPPPPPPPPPPPPPPPPYPPPPPPPPPPPPPPPPYPPPPPPPPPPPPPPPPYPPPPPPPPPPPPPPPPPYPPPPPPPPPPPPPPPPPYPPPPPPPPPPPPPPPPPYPPPPPPPPPPPPPPPPPYPPPPPPPPPPPPPPPPPYPPPPPPPPPPPPPPPPPYPPPPPPPPPPPPPPPPPYPPPPPPPPPPPPPPPPPYPPPPPPPPPPPPPPPPPPPYPPPPPPPPPPPPPPPPPPPPYPPPPPPPPPPPPPPPPPPPPPPPPPPPPPP
253 YPPPPPPPPPPPPPPPYPPPPPPPPPPPPPPPPYPPPPPPPPPPPPPPPPYPPPPPPPPPPPPPPPPYPPPPPPPPPPPPPPPPYPPPPPPPPPPPPPPPPYPPPPPPPPPPPPPPPPYPPPPPPPPPPPPPPPPYPPPPPPPPPPPPPPPPYPPPPPPPPPPPPPPPPYPPPPPPPPPPPPPPPPYPPPPPPPPPPPPPPPPPYPPPPPPPPPPPPPPPPPPPYPPPPPPPPPPPPPPPPPPPPPPPPPPPP
210 YPPPPPPPPPPPPPPPYPPPPPPPPPPPPPPPYPPPPPPPPPPPPPPPYPPPPPPPPPPPPPPPPYPPPPPPPPPPPPPPPPYPPPPPPPPPPPPPPPPYPPPPPPPPPPPPPPPPYPPPPPPPPPPPPPPPPYPPPPPPPPPPPPPPPPYPPPPPPPPPPPPPPPPPYPPPPPPPPPPPPPPPPPPYPPPPPPPPPPPPPPPPPPPPPP
262 YPPPPPPPPPPPPPPPYPPPPPPPPPPPPPPPYPPPPPPPPPPPPPPPYPPPPPPPPPPPPPPPPYPPPPPPPPPPPPPPPPYPPPPPPPPPPPPPPPPYPPPPPPPPPPPPPPPPYPPPPPPPPPPPPPPPPYPPPPPPPPPPPPPPPPYPPPPPPPPPPPPPPPPYPPPPPPPPPPPPPPPPYPPPPPPPPPPPPPPPPPYPPPPPPPPPPPPPPPPPYPPPPPPPPPPPPPPPPPPYPPPPPPPPPPPPPPPPPPPPPP
201 YPPPPPPPPPPPPPYPPPPPPPPPPPPPYPPPPPPPPPPPPPYPPPPPPPPPPPPPYPPPPPPPPPPPPPYPPPPPPPPPPPPPYPPPPPPPPPPPPPYPPPPPPPPPPPPPYPPPPPPPPPPPPPPYPPPPPPPPPPPPPPYPPPPPPPPPPPPPPPPYPPPPPPPPPPPPPPPPPYPPPPPPPPPPPPPPPPPPPPPPP
241 YPPPPPPPPPPPPPPYPPPPPPPPPPPPPPYPPPPPPPPPPPPPPPYPPPPPPPPPPPPPPPYPPPPPPPPPPPPPPPYPPPPPPPPPPPPPPPYPPPPPPPPPPPPPPPYPPPPPPPPPPPPPPPYPPPPPPPPPPPPPPPYPPPPPPPPPPPPPPPYPPPPPPPPPPPPPPPPYPPPPPPPPPPPPPPPPYPPPPPPPPPPPPPPPPPPPYPPPPPPPPPPPPPPPPPPPPPPPPPPPP
292 YPPPPPPPPPPPPPPPPPPPPPYPPPPPPPPPPPPPPPPPPPPPYPPPPPPPPPPPPPPPPPPPPPYPPPPPPPPPPPPPPPPPPPPPYPPPPPPPPPPPPPPPPPPPPPYPPPPPPPPPPPPPPPPPPPPPYPPPPPPPPPPPPPPPPPPPPPYPPPPPPPPPPPPPPPPPPPPPYPPPPPPPPPPPPPPPPPPPPPYPPPPPPPPPPPPPPPPPPPPPPYPPPPPPPPPPPPPPPPPPPPPPYPPPPPPPPPPPPPPPPPPPPPPYPPPPPPPPPPPPPPPPPPPPPPPP
126 YPPPPPPPPPPYPPPPPPPPPPYPPPPPPPPPPYPPPPPPPPPPYPPPPPPPPPPYPPPPPPPPPPPYPPPPPPPPPPPYPPPPPPPPPPPPYPPPPPPPPPPPPPPYPPPPPPPPPPPPPPPPPP
292 YPPPPPPPPPPPPPPPPPYPPPPPPPPPPPPPPPPPYPPPPPPPPPPPPPPPPPYPPPPPPPPPPPPPPPPPPYPPPPPPPPPPPPPPPPPPYPPPPPPPPPPPPPPPPPPYPPPPPPPPPPPPPPPPPPYPPPPPPPPPPPPPPPPPPYPPPPPPPPPPPPPPPPPPYPPPPPPPPPPPPPPPPPPYPPPPPPPPPPPPPPPPPPYPPPPPPPPPPPPPPPPPPPYPPPPPPPPPPPPPPPPPPPYPPPPPPPPPPPPPPPPPPPPYPPPPPPPPPPPPPPPPPPPPPPPP
192 YPPPPPPPPPPPPPYPPPPPPPPPPPPPYPPPPPPPPPPPPPYPPPPPPPPPPPPPYPPPPPPPPPPPPPYPPPPPPPPPPPPPYPPPPPPPPPPPPPYPPPPPPPPPPPPPYPPPPPPPPPPPPPYPPPPPPPPPPPPPYPPPPPPPPPPPPPPYPPPPPPPPPPPPPPYPPPPPPPPPPPPPPPPPPPPP
276 YPPPPPPPPPPPPPPPPPYPPPPPPPPPPPPPPPPPYPPPPPPPPPPPPPPPPPYPPPPPPPPPPPPPPPPPYPPPPPPPPPPPPPPPPPYPPPPPPPPPPPPPPPPPPYPPPPPPPPPPPPPPPPPPYPPPPPPPPPPPPPPPPPPYPPPPPPPPPPPPPPPPPPYPPPPPPPPPPPPPPPPPPYPPPPPPPPPPPPPPPPPPPYPPPPPPPPPPPPPPPPPPPYPPPPPPPPPPPPPPPPPPPPPYPPPPPPPPPPPPPPPPPPPPPPPPPPPP
99 YPPPPPPPPPPYPPPPPPPPPPYPPPPPPPPPPYPPPPPPPPPPYPPPPPPPPPPYPPPPPPPPPPPPYPPPPPPPPPPPPYPPPPPPPPPPPPPPPPP
148 YPPPPPPPPPPPPPPYPPPPPPPPPPPPPPPYPPPPPPPPPPPPPPPYPPPPPPPPPPPPPPPYPPPPPPPPPPPPPPPYPPPPPPPPPPPPPPPYPPPPPPPPPPPPPPPYPPPPPPPPPPPPPPPPYPPPPPPPPPPPPPPPPPPP
221 YPPPPPPPPPPPPPPPYPPPPPPPPPPPPPPPYPPPPPPPPPPPPPPPYPPPPPPPPPPPPPPPYPPPPPPPPPPPPPPPYPPPPPPPPPPPPPPPYPPPPPPPPPPPPPPPYPPPPPPPPPPPPPPPYPPPPPPPPPPPPPPPYPPPPPPPPPPPPPPPYPPPPPPPPPPPPPPPPPYPPPPPPPPPPPPPPPPPPYPPPPPPPPPPPPPPPPPPPPPPP
277 YPPPPPPPPPPPPPPPPPPPPPYPPPPPPPPPPPPPPPPPPPPPYPPPPPPPPPPPPPPPPPPPPPYPPPPPPPPPPPPPPPPPPPPPYPPPPPPPPPPPPPPPPPPPPPYPPPPPPPPPPPPPPPPPPPPPPYPPPPPPPPPPPPPPPPPPPPPPYPPPPPPPPPPPPPPPPPPPPPPYPPPPPPPPPPPPPPPPPPPPPPYPPPPPPPPPPPPPPPPPPPPPPYPPPPPPPPPPPPPPPPPPPPPPYPPPPPPPPPPPPPPPPPPPPPPPPPPPP
289 YPPPPPPPPPPPPPPPPPPYPPPPPPPPPPPPPPPPPPYPPPPPPPPPPPPPPPPPPYPPPPPPPPPPPPPPPPPPYPPPPPPPPPPPPPPPPPPPYPPPPPPPPPPPPPPPPPPPYPPPPPPPPPPPPPPPPPPPYPPPPPPPPPPPPPPPPPPPYPPPPPPPPPPPPPPPPPPPYPPPPPPPPPPPPPPPPPPPYPPPPPPPPPPPPPPPPPPPYPPPPPPPPPPPPPPPPPPPYPPPPPPPPPPPPPPPPPPPPPPYPPPPPPPPPPPPPPPPPPPPPPPPPPPPP
157 YPPPPPPPPPPPPYPPPPPPPPPPPPYPPPPPPPPPPPPPYPPPPPPPPPPPPPYPPPPPPPPPPPPPYPPPPPPPPPPPPPYPPPPPPPPPPPPPYPPPPPPPPPPPPPYPPPPPPPPPPPPPYPPPPPPPPPPPPPPYPPPPPPPPPPPPPPPPP
278 YPPPPPPPPPPPPPPPPYPPPPPPPPPPPPPPPPYPPPPPPPPPPPPPPPPYPPPPPPPPPPPPPPPPYPPPPPPPPPPPPPPPPYPPPPPPPPPPPPPPPPYPPPPPPPPPPPPPPPPYPPPPPPPPPPPPPPPPYPPPPPPPPPPPPPPPPYPPPPPPPPPPPPPPPPPYPPPPPPPPPPPPPPPPPYPPPPPPPPPPPPPPPPPPYPPPPPPPPPPPPPPPPPPYPPPPPPPPPPPPPPPPPPPPYPPPPPPPPPPPPPPPPPPPPPPPPPPPPP
65 YPPPPPPYPPPPPPYPPPPPPYPPPPPPYPPPPPPYPPPPPPYPPPPPPPPPYPPPPPPPPPPPP
277 YPPPPPPPPPPPPPPPPYPPPPPPPPPPPPPPPPYPPPPPPPPPPPPPPPPYPPPPPPPPPPPPPPPPYPPPPPPPPPPPPPPPPYPPPPPPPPPPPPPPPPYPPPPPPPPPPPPPPPPYPPPPPPPPPPPPPPPPPYPPPPPPPPPPPPPPPPPYPPPPPPPPPPPPPPPPPYPPPPPPPPPPPPPPPPPYPPPPPPPPPPPPPPPPPYPPPPPPPPPPPPPPPPPYPPPPPPPPPPPPPPPPPPYPPPPPPPPPPPPPPPPPPPPPPPPPPPPPP
275 YPPPPPPPPPPPPPPPPYPPPPPPPPPPPPPPPPPYPPPPPPPPPPPPPPPPPYPPPPPPPPPPPPPPPPPYPPPPPPPPPPPPPPPPPYPPPPPPPPPPPPPPPPPYPPPPPPPPPPPPPPPPPYPPPPPPPPPPPPPPPPPYPPPPPPPPPPPPPPPPPYPPPPPPPPPPPPPPPPPYPPPPPPPPPPPPPPPPPYPPPPPPPPPPPPPPPPPYPPPPPPPPPPPPPPPPPYPPPPPPPPPPPPPPPPPYPPPPPPPPPPPPPPPPPPPPPPP
301 YPPPPPPPPPPPPPPPPPPYPPPPPPPPPPPPPPPPPPYPPPPPPPPPPPPPPPPPPYPPPPPPPPPPPPPPPPPPYPPPPPPPPPPPPPPPPPPYPPPPPPPPPPPPPPPPPPYPPPPPPPPPPPPPPPPPPPYPPPPPPPPPPPPPPPPPPPYPPPPPPPPPPPPPPPPPPPYPPPPPPPPPPPPPPPPPPPYPPPPPPPPPPPPPPPPPPPYPPPPPPPPPPPPPPPPPPPYPPPPPPPPPPPPPPPPPPPPYPPPPPPPPPPPPPPPPPPPPPYPPPPPPPPPPPPPPPPPPPPPPP
254 YPPPPPPPPPPPPPPPPPYPPPPPPPPPPPPPPPPPYPPPPPPPPPPPPPPPPPYPPPPPPPPPPPPPPPPPYPPPPPPPPPPPPPPPPPYPPPPPPPPPPPPPPPPPPYPPPPPPPPPPPPPPPPPPYPPPPPPPPPPPPPPPPPPYPPPPPPPPPPPPPPPPPPYPPPPPPPPPPPPPPPPPPYPPPPPPPPPPPPPPPPPPYPPPPPPPPPPPPPPPPPPPPPYPPPPPPPPPPPPPPPPPPPPPPPPPPP
130 YPPPPPPPPPPYPPPPPPPPPPYPPPPPPPPPPYPPPPPPPPPPYPPPPPPPPPPYPPPPPPPPPPYPPPPPPPPPPPYPPPPPPPPPPPYPPPPPPPPPPPYPPPPPPPPPPPYPPPPPPPPPPPPPPP
156 YPPPPPPPPPPPPYPPPPPPPPPPPPYPPPPPPPPPPPPYPPPPPPPPPPPPYPPPPPPPPPPPPYPPPPPPPPPPPPYPPPPPPPPPPPPYPPPPPPPPPPPPPYPPPPPPPPPPPPPPYPPPPPPPPPPPPPPPYPPPPPPPPPPPPPPPPPPP
245 YPPPPPPPPPPPPPPPYPPPPPPPPPPPPPPPYPPPPPPPPPPPPPPPYPPPPPPPPPPPPPPPYPPPPPPPPPPPPPPPYPPPPPPPPPPPPPPPPYPPPPPPPPPPPPPPPPYPPPPPPPPPPPPPPPPYPPPPPPPPPPPPPPPPYPPPPPPPPPPPPPPPPYPPPPPPPPPPPPPPPPYPPPPPPPPPPPPPPPPYPPPPPPPPPPPPPPPPPPYPPPPPPPPPPPPPPPPPPPPPPPPPP
210 YPPPPPPPPPPPPPPPYPPPPPPPPPPPPPPPYPPPPPPPPPPPPPPPYPPPPPPPPPPPPPPPPYPPPPPPPPPPPPPPPPYPPPPPPPPPPPPPPPPYPPPPPPPPPPPPPPPPYPPPPPPPPPPPPPPPPYPPPPPPPPPPPPPPPPYPPPPPPPPPPPPPPPPYPPPPPPPPPPPPPPPPPYPPPPPPPPPPPPPPPPPPPPPPPP
