373 YPPPPPPPPPPPPPPPPPPPPYPPPPPPPPPPPPPPPPPPPPPYPPPPPPPPPPPPPPPPPPPPPYPPPPPPPPPPPPPPPPPPPPPYPPPPPPPPPPPPPPPPPPPPPYPPPPPPPPPPPPPPPPPPPPPYPPPPPPPPPPPPPPPPPPPPPYPPPPPPPPPPPPPPPPPPPPPYPPPPPPPPPPPPPPPPPPPPPYPPPPPPPPPPPPPPPPPPPPPYPPPPPPPPPPPPPPPPPPPPPYPPPPPPPPPPPPPPPPPPPPPYPPPPPPPPPPPPPPPPPPPPPPYPPPPPPPPPPPPPPPPPPPPPPPYPPPPPPPPPPPPPPPPPPPPPPPPPPYPPPPPPPPPPPPPPPPPPPPPPPPPPPPPPPPPPP
9 YPPYPYPPP
18 YPPPPYPPPPhYPPPPPP
22 YPPPPPYPPPPYPPPYPPPPPP
32 YPPPPPPYPPPPPYPPPPYPPPYPPPPPPPPP
34 YPPPPPPYPPPPYPPPPYPPPPYPPPPYPPPPPP
13 YPPPYPPYPPPPP
34 YPPPPPPPYPPPPPYPPPPYPPPPYPPPPPPPPP
7 YPPYPPP
41 YPPPPPPPPPYPPPPPPPPYPPPPPYPPPPPYPPPPPPPPP
178 YPPPPPPPPPPPPPPPPYPPPPPPPPPPPPPPPPYPPPPPPPPPPPPPPPPYPPPPPPPPPPPPPPPPYPPPPPPPPPPPPPPPPYPPPPPPPPPPPPPPPPYPPPPPPPPPPPPPPPPYPPPPPPPPPPPPPPPPYPPPPPPPPPPPPPPPPPPPYPPPPPPPPPPPPPPPPPPPPP
117 YPPPPPPPPPPPPYPPPPPPPPPPPPYPPPPPPPPPPPPYPPPPPPPPPPPPYPPPPPPPPPPPPYPPPPPPPPPPPPYPPPPPPPPPPPPYPPPPPPPPPPPPYPPPPPPPPPPPP
244 YPPPPPPPPPPPPPPPPPPYPPPPPPPPPPPPPPPPPPYPPPPPPPPPPPPPPPPPPYPPPPPPPPPPPPPPPPPPPYPPPPPPPPPPPPPPPPPPPYPPPPPPPPPPPPPPPPPPPYPPPPPPPPPPPPPPPPPPPYPPPPPPPPPPPPPPPPPPPYPPPPPPPPPPPPPPPPPPPYPPPPPPPPPPPPPPPPPPPYPPPPPPPPPPPPPPPPPPPPYPPPPPPPPPPPPPPPPPPPPPPPPP
18 YPPPPPYPPPPPYPPPPP
310 YPPPPPPPPPPPPPPPPPPYPPPPPPPPPPPPPPPPPPYPPPPPPPPPPPPPPPPPPYPPPPPPPPPPPPPPPPPPYPPPPPPPPPPPPPPPPPPPYPPPPPPPPPPPPPPPPPPPYPPPPPPPPPPPPPPPPPPPYPPPPPPPPPPPPPPPPPPPYPPPPPPPPPPPPPPPPPPPYPPPPPPPPPPPPPPPPPPPYPPPPPPPPPPPPPPPPPPPYPPPPPPPPPPPPPPPPPPPYPPPPPPPPPPPPPPPPPPPPYPPPPPPPPPPPPPPPPPPPPYPPPPPPPPPPPPPPPPPPPPPPPPPPPPPPP
49 YPPPPPYPPPPPYPPPPPYPPPPPYPPPPPPPYPPPPPPPYPPPPPPPP
295 YPPPPPPPPPPPPPPPPPPPYPPPPPPPPPPPPPPPPPPPYPPPPPPPPPPPPPPPPPPPYPPPPPPPPPPPPPPPPPPPYPPPPPPPPPPPPPPPPPPPYPPPPPPPPPPPPPPPPPPPYPPPPPPPPPPPPPPPPPPPYPPPPPPPPPPPPPPPPPPPYPPPPPPPPPPPPPPPPPPPYPPPPPPPPPPPPPPPPPPPPYPPPPPPPPPPPPPPPPPPPPYPPPPPPPPPPPPPPPPPPPPYPPPPPPPPPPPPPPPPPPPPPPPYPPPPPPPPPPPPPPPPPPPPPPPPPPP
209 YPPPPPPPPPPPPPPYPPPPPPPPPPPPPPYPPPPPPPPPPPPPPYPPPPPPPPPPPPPPYPPPPPPPPPPPPPPYPPPPPPPPPPPPPPYPPPPPPPPPPPPPPYPPPPPPPPPPPPPPYPPPPPPPPPPPPPPPYPPPPPPPPPPPPPPPYPPPPPPPPPPPPPPPPYPPPPPPPPPPPPPPPPPYPPPPPPPPPPPPPPPPPPPPP
121 YPPPPPPPPPPPPPYPPPPPPPPPPPPPPYPPPPPPPPPPPPPPYPPPPPPPPPPPPPPYPPPPPPPPPPPPPPYPPPPPPPPPPPPPPYPPPPPPPPPPPPPPPYPPPPPPPPPPPPPPP
248 YPPPPPPPPPPPPPPPPPPPYPPPPPPPPPPPPPPPPPPPYPPPPPPPPPPPPPPPPPPPYPPPPPPPPPPPPPPPPPPPYPPPPPPPPPPPPPPPPPPPYPPPPPPPPPPPPPPPPPPPPYPPPPPPPPPPPPPPPPPPPPYPPPPPPPPPPPPPPPPPPPPYPPPPPPPPPPPPPPPPPPPPYPPPPPPPPPPPPPPPPPPPPYPPPPPPPPPPPPPPPPPPPPYPPPPPPPPPPPPPPPPPPPPP
196 YPPPPPPPPPPPPPPPPYPPPPPPPPPPPPPPPPYPPPPPPPPPPPPPPPPYPPPPPPPPPPPPPPPPYPPPPPPPPPPPPPPPPYPPPPPPPPPPPPPPPPYPPPPPPPPPPPPPPPPYPPPPPPPPPPPPPPPPYPPPPPPPPPPPPPPPPYPPPPPPPPPPPPPPPPPPPYPPPPPPPPPPPPPPPPPPPPPP
148 YPPPPPPPPPPPYPPPPPPPPPPPYPPPPPPPPPPPYPPPPPPPPPPPYPPPPPPPPPPPYPPPPPPPPPPPYPPPPPPPPPPPYPPPPPPPPPPPPYPPPPPPPPPPPPYPPPPPPPPPPPPPPPYPPPPPPPPPPPPPPPPPPPPP
293 YPPPPPPPPPPPPPPPPPYPPPPPPPPPPPPPPPPPYPPPPPPPPPPPPPPPPPYPPPPPPPPPPPPPPPPPYPPPPPPPPPPPPPPPPPYPPPPPPPPPPPPPPPPPPYPPPPPPPPPPPPPPPPPPYPPPPPPPPPPPPPPPPPPYPPPPPPPPPPPPPPPPPPYPPPPPPPPPPPPPPPPPPYPPPPPPPPPPPPPPPPPPYPPPPPPPPPPPPPPPPPPYPPPPPPPPPPPPPPPPPPYPPPPPPPPPPPPPPPPPPYPPPPPPPPPPPPPPPPPPPPPPPPPPPPPPP
331 YPPPPPPPPPPPPPPPPPPPYPPPPPPPPPPPPPPPPPPPYPPPPPPPPPPPPPPPPPPPYPPPPPPPPPPPPPPPPPPPYPPPPPPPPPPPPPPPPPPPYPPPPPPPPPPPPPPPPPPPYPPPPPPPPPPPPPPPPPPPYPPPPPPPPPPPPPPPPPPPYPPPPPPPPPPPPPPPPPPPYPPPPPPPPPPPPPPPPPPPYPPPPPPPPPPPPPPPPPPPYPPPPPPPPPPPPPPPPPPPYPPPPPPPPPPPPPPPPPPPYPPPPPPPPPPPPPPPPPPPYPPPPPPPPPPPPPPPPPPPYPPPPPPPPPPPPPPPPPPPPPPPPPPPPPP
214 YPPPPPPPPPPPPPPYPPPPPPPPPPPPPPYPPPPPPPPPPPPPPPYPPPPPPPPPPPPPPPYPPPPPPPPPPPPPPPYPPPPPPPPPPPPPPPYPPPPPPPPPPPPPPPYPPPPPPPPPPPPPPPYPPPPPPPPPPPPPPPYPPPPPPPPPPPPPPPYPPPPPPPPPPPPPPPYPPPPPPPPPPPPPPPPYPPPPPPPPPPPPPPPPPPPPPP
321 YPPPPPPPPPPPPPPPPPPPPYPPPPPPPPPPPPPPPPPPPPYPPPPPPPPPPPPPPPPPPPPPYPPPPPPPPPPPPPPPPPPPPPYPPPPPPPPPPPPPPPPPPPPPYPPPPPPPPPPPPPPPPPPPPPYPPPPPPPPPPPPPPPPPPPPPYPPPPPPPPPPPPPPPPPPPPPYPPPPPPPPPPPPPPPPPPPPPYPPPPPPPPPPPPPPPPPPPPPYPPPPPPPPPPPPPPPPPPPPPYPPPPPPPPPPPPPPPPPPPPPPPYPPPPPPPPPPPPPPPPPPPPPPPPYPPPPPPPPPPPPPPPPPPPPPPPPPPPPPPP
356 YPPPPPPPPPPPPPPPPPPYPPPPPPPPPPPPPPPPPPPYPPPPPPPPPPPPPPPPPPPYPPPPPPPPPPPPPPPPPPPYPPPPPPPPPPPPPPPPPPPYPPPPPPPPPPPPPPPPPPPYPPPPPPPPPPPPPPPPPPPYPPPPPPPPPPPPPPPPPPPYPPPPPPPPPPPPPPPPPPPYPPPPPPPPPPPPPPPPPPPYPPPPPPPPPPPPPPPPPPPYPPPPPPPPPPPPPPPPPPPYPPPPPPPPPPPPPPPPPPPYPPPPPPPPPPPPPPPPPPPPYPPPPPPPPPPPPPPPPPPPPYPPPPPPPPPPPPPPPPPPPPPPPYPPPPPPPPPPPPPPPPPPPPPPPPPPPPPP
208 YPPPPPPPPPPPPPYPPPPPPPPPPPPPYPPPPPPPPPPPPPPYPPPPPPPPPPPPPPYPPPPPPPPPPPPPPYPPPPPPPPPPPPPPYPPPPPPPPPPPPPPYPPPPPPPPPPPPPPYPPPPPPPPPPPPPPYPPPPPPPPPPPPPPYPPPPPPPPPPPPPPPYPPPPPPPPPPPPPPPPPPYPPPPPPPPPPPPPPPPPPPPPPPP
331 YPPPPPPPPPPPPPPPPPPYPPPPPPPPPPPPPPPPPPYPPPPPPPPPPPPPPPPPPYPPPPPPPPPPPPPPPPPPYPPPPPPPPPPPPPPPPPPYPPPPPPPPPPPPPPPPPPYPPPPPPPPPPPPPPPPPPYPPPPPPPPPPPPPPPPPPYPPPPPPPPPPPPPPPPPPYPPPPPPPPPPPPPPPPPPYPPPPPPPPPPPPPPPPPPYPPPPPPPPPPPPPPPPPPYPPPPPPPPPPPPPPPPPPYPPPPPPPPPPPPPPPPPPYPPPPPPPPPPPPPPPPPPPPYPPPPPPPPPPPPPPPPPPPPYPPPPPPPPPPPPPPPPPPPPPP
266 YPPPPPPPPPPPPPPPYPPPPPPPPPPPPPPPYPPPPPPPPPPPPPPPPYPPPPPPPPPPPPPPPPYPPPPPPPPPPPPPPPPYPPPPPPPPPPPPPPPPYPPPPPPPPPPPPPPPPYPPPPPPPPPPPPPPPPYPPPPPPPPPPPPPPPPYPPPPPPPPPPPPPPPPYPPPPPPPPPPPPPPPPYPPPPPPPPPPPPPPPPYPPPPPPPPPPPPPPPPPPYPPPPPPPPPPPPPPPPPPPYPPPPPPPPPPPPPPPPPPPPPPPP
364 YPPPPPPPPPPPPPPPPPPPPYPPPPPPPPPPPPPPPPPPPPYPPPPPPPPPPPPPPPPPPPPYPPPPPPPPPPPPPPPPPPPPYPPPPPPPPPPPPPPPPPPPPYPPPPPPPPPPPPPPPPPPPPYPPPPPPPPPPPPPPPPPPPPPYPPPPPPPPPPPPPPPPPPPPPYPPPPPPPPPPPPPPPPPPPPPYPPPPPPPPPPPPPPPPPPPPPYPPPPPPPPPPPPPPPPPPPPPYPPPPPPPPPPPPPPPPPPPPPYPPPPPPPPPPPPPPPPPPPPPYPPPPPPPPPPPPPPPPPPPPPYPPPPPPPPPPPPPPPPPPPPPPPPPYPPPPPPPPPPPPPPPPPPPPPPPPPPPPPPPPPPP
358 YPPPPPPPPPPPPPPPPPPPPPPPPYPPPPPPPPPPPPPPPPPPPPPPPPYPPPPPPPPPPPPPPPPPPPPPPPPYPPPPPPPPPPPPPPPPPPPPPPPPYPPPPPPPPPPPPPPPPPPPPPPPPYPPPPPPPPPPPPPPPPPPPPPPPPYPPPPPPPPPPPPPPPPPPPPPPPPYPPPPPPPPPPPPPPPPPPPPPPPPYPPPPPPPPPPPPPPPPPPPPPPPPYPPPPPPPPPPPPPPPPPPPPPPPPYPPPPPPPPPPPPPPPPPPPPPPPPYPPPPPPPPPPPPPPPPPPPPPPPPYPPPPPPPPPPPPPPPPPPPPPPPPPYPPPPPPPPPPPPPPPPPPPPPPPPPPPPPPP
249 YPPPPPPPPPPPPPPPPPPYPPPPPPPPPPPPPPPPPPPYPPPPPPPPPPPPPPPPPPPYPPPPPPPPPPPPPPPPPPPYPPPPPPPPPPPPPPPPPPPYPPPPPPPPPPPPPPPPPPPYPPPPPPPPPPPPPPPPPPPYPPPPPPPPPPPPPPPPPPPYPPPPPPPPPPPPPPPPPPPYPPPPPPPPPPPPPPPPPPPYPPPPPPPPPPPPPPPPPPPPYPPPPPPPPPPPPPPPPPPPPPPPPPPPP
348 YPPPPPPPPPPPPPPPPPPPPPPPYPPPPPPPPPPPPPPPPPPPPPPPYPPPPPPPPPPPPPPPPPPPPPPPYPPPPPPPPPPPPPPPPPPPPPPPYPPPPPPPPPPPPPPPPPPPPPPPYPPPPPPPPPPPPPPPPPPPPPPPYPPPPPPPPPPPPPPPPPPPPPPPPYPPPPPPPPPPPPPPPPPPPPPPPPYPPPPPPPPPPPPPPPPPPPPPPPPYPPPPPPPPPPPPPPPPPPPPPPPPYPPPPPPPPPPPPPPPPPPPPPPPPYPPPPPPPPPPPPPPPPPPPPPPPPYPPPPPPPPPPPPPPPPPPPPPPPPPYPPPPPPPPPPPPPPPPPPPPPPPPPPP
230 YPPPPPPPPPPPPPPPYPPPPPPPPPPPPPPPYPPPPPPPPPPPPPPPYPPPPPPPPPPPPPPPYPPPPPPPPPPPPPPPYPPPPPPPPPPPPPPPPYPPPPPPPPPPPPPPPPYPPPPPPPPPPPPPPPPYPPPPPPPPPPPPPPPPYPPPPPPPPPPPPPPPPYPPPPPPPPPPPPPPPPPPYPPPPPPPPPPPPPPPPPPPYPPPPPPPPPPPPPPPPPPPPPPPPP
369 YPPPPPPPPPPPPPPPPPPPPPYPPPPPPPPPPPPPPPPPPPPPYPPPPPPPPPPPPPPPPPPPPPYPPPPPPPPPPPPPPPPPPPPPYPPPPPPPPPPPPPPPPPPPPPYPPPPPPPPPPPPPPPPPPPPPPYPPPPPPPPPPPPPPPPPPPPPPYPPPPPPPPPPPPPPPPPPPPPPYPPPPPPPPPPPPPPPPPPPPPPYPPPPPPPPPPPPPPPPPPPPPPYPPPPPPPPPPPPPPPPPPPPPPYPPPPPPPPPPPPPPPPPPPPPPYPPPPPPPPPPPPPPPPPPPPPPYPPPPPPPPPPPPPPPPPPPPPPYPPPPPPPPPPPPPPPPPPPPPPPPYPPPPPPPPPPPPPPPPPPPPPPPPPP
206 YPPPPPPPPPPPPPYPPPPPPPPPPPPPPYPPPPPPPPPPPPPPYPPPPPPPPPPPPPPYPPPPPPPPPPPPPPYPPPPPPPPPPPPPPYPPPPPPPPPPPPPPYPPPPPPPPPPPPPPYPPPPPPPPPPPPPPYPPPPPPPPPPPPPPPYPPPPPPPPPPPPPPPYPPPPPPPPPPPPPPPPPYPPPPPPPPPPPPPPPPPPPPP
241 YPPPPPPPPPPPPPPPYPPPPPPPPPPPPPPPYPPPPPPPPPPPPPPPYPPPPPPPPPPPPPPPPYPPPPPPPPPPPPPPPPYPPPPPPPPPPPPPPPPYPPPPPPPPPPPPPPPPYPPPPPPPPPPPPPPPPYPPPPPPPPPPPPPPPPYPPPPPPPPPPPPPPPPYPPPPPPPPPPPPPPPPYPPPPPPPPPPPPPPPPYPPPPPPPPPPPPPPPPPYPPPPPPPPPPPPPPPPPPPPP
133 YPPPPPPPPPPYPPPPPPPPPPYPPPPPPPPPPYPPPPPPPPPPYPPPPPPPPPPYPPPPPPPPPPPYPPPPPPPPPPPYPPPPPPPPPPPYPPPPPPPPPPPPYPPPPPPPPPPPPYPPPPPPPPPPPPPPP
278 YPPPPPPPPPPPPPPPPPPPPYPPPPPPPPPPPPPPPPPPPPYPPPPPPPPPPPPPPPPPPPPYPPPPPPPPPPPPPPPPPPPPYPPPPPPPPPPPPPPPPPPPPYPPPPPPPPPPPPPPPPPPPPYPPPPPPPPPPPPPPPPPPPPYPPPPPPPPPPPPPPPPPPPPYPPPPPPPPPPPPPPPPPPPPYPPPPPPPPPPPPPPPPPPPPYPPPPPPPPPPPPPPPPPPPPPYPPPPPPPPPPPPPPPPPPPPPPYPPPPPPPPPPPPPPPPPPPPPP
292 YPPPPPPPPPPPPPPPPPPPPYPPPPPPPPPPPPPPPPPPPPYPPPPPPPPPPPPPPPPPPPPPYPPPPPPPPPPPPPPPPPPPPPYPPPPPPPPPPPPPPPPPPPPPYPPPPPPPPPPPPPPPPPPPPPYPPPPPPPPPPPPPPPPPPPPPYPPPPPPPPPPPPPPPPPPPPPYPPPPPPPPPPPPPPPPPPPPPYPPPPPPPPPPPPPPPPPPPPPYPPPPPPPPPPPPPPPPPPPPPYPPPPPPPPPPPPPPPPPPPPPYPPPPPPPPPPPPPPPPPPPPPPPPPPPPP
345 YPPPPPPPPPPPPPPPPPPPPPYPPPPPPPPPPPPPPPPPPPPPYPPPPPPPPPPPPPPPPPPPPPYPPPPPPPPPPPPPPPPPPPPPYPPPPPPPPPPPPPPPPPPPPPYPPPPPPPPPPPPPPPPPPPPPYPPPPPPPPPPPPPPPPPPPPPYPPPPPPPPPPPPPPPPPPPPPYPPPPPPPPPPPPPPPPPPPPPYPPPPPPPPPPPPPPPPPPPPPYPPPPPPPPPPPPPPPPPPPPPYPPPPPPPPPPPPPPPPPPPPPYPPPPPPPPPPPPPPPPPPPPPPYPPPPPPPPPPPPPPPPPPPPPPYPPPPPPPPPPPPPPPPPPPPPPPPPPPPPPPPPP
291 YPPPPPPPPPPPPPPPPPPPPPPYPPPPPPPPPPPPPPPPPPPPPPYPPPPPPPPPPPPPPPPPPPPPPPYPPPPPPPPPPPPPPPPPPPPPPPYPPPPPPPPPPPPPPPPPPPPPPPYPPPPPPPPPPPPPPPPPPPPPPPYPPPPPPPPPPPPPPPPPPPPPPPYPPPPPPPPPPPPPPPPPPPPPPPYPPPPPPPPPPPPPPPPPPPPPPPYPPPPPPPPPPPPPPPPPPPPPPPPYPPPPPPPPPPPPPPPPPPPPPPPPYPPPPPPPPPPPPPPPPPPPPPPPPPP
131 YPPPPPPPPPPYPPPPPPPPPPYPPPPPPPPPPYPPPPPPPPPPYPPPPPPPPPPYPPPPPPPPPPYPPPPPPPPPPYPPPPPPPPPPYPPPPPPPPPPPPYPPPPPPPPPPPPPYPPPPPPPPPPPPPPP
266 YPPPPPPPPPPPPPPPPYPPPPPPPPPPPPPPPPYPPPPPPPPPPPPPPPPYPPPPPPPPPPPPPPPPYPPPPPPPPPPPPPPPPYPPPPPPPPPPPPPPPPYPPPPPPPPPPPPPPPPYPPPPPPPPPPPPPPPPPYPPPPPPPPPPPPPPPPPYPPPPPPPPPPPPPPPPPYPPPPPPPPPPPPPPPPPYPPPPPPPPPPPPPPPPPYPPPPPPPPPPPPPPPPPYPPPPPPPPPPPPPPPPPPYPPPPPPPPPPPPPPPPPPP
194 YPPPPPPPPPPPPPPPYPPPPPPPPPPPPPPPPYPPPPPPPPPPPPPPPPYPPPPPPPPPPPPPPPPYPPPPPPPPPPPPPPPPYPPPPPPPPPPPPPPPPYPPPPPPPPPPPPPPPPYPPPPPPPPPPPPPPPPPYPPPPPPPPPPPPPPPPPYPPPPPPPPPPPPPPPPPPYPPPPPPPPPPPPPPPPPPPP
158 YPPPPPPPPPPPPYPPPPPPPPPPPPYPPPPPPPPPPPPYPPPPPPPPPPPPYPPPPPPPPPPPPYPPPPPPPPPPPPYPPPPPPPPPPPPYPPPPPPPPPPPPPYPPPPPPPPPPPPPPYPPPPPPPPPPPPPPPPYPPPPPPPPPPPPPPPPPPPP
263 YPPPPPPPPPPPPPPPPYPPPPPPPPPPPPPPPPYPPPPPPPPPPPPPPPPYPPPPPPPPPPPPPPPPYPPPPPPPPPPPPPPPPYPPPPPPPPPPPPPPPPYPPPPPPPPPPPPPPPPYPPPPPPPPPPPPPPPPYPPPPPPPPPPPPPPPPPYPPPPPPPPPPPPPPPPPYPPPPPPPPPPPPPPPPPYPPPPPPPPPPPPPPPPPYPPPPPPPPPPPPPPPPPYPPPPPPPPPPPPPPPPPYPPPPPPPPPPPPPPPPPP
299 YPPPPPPPPPPPPPPPPPYPPPPPPPPPPPPPPPPPYPPPPPPPPPPPPPPPPPYPPPPPPPPPPPPPPPPPYPPPPPPPPPPPPPPPPPYPPPPPPPPPPPPPPPPPYPPPPPPPPPPPPPPPPPYPPPPPPPPPPPPPPPPPYPPPPPPPPPPPPPPPPPYPPPPPPPPPPPPPPPPPYPPPPPPPPPPPPPPPPPYPPPPPPPPPPPPPPPPPYPPPPPPPPPPPPPPPPPYPPPPPPPPPPPPPPPPPPPYPPPPPPPPPPPPPPPPPPPPYPPPPPPPPPPPPPPPPPPPPPPP
366 YPPPPPPPPPPPPPPPPPPPPPPYPPPPPPPPPPPPPPPPPPPPPPYPPPPPPPPPPPPPPPPPPPPPPYPPPPPPPPPPPPPPPPPPPPPPYPPPPPPPPPPPPPPPPPPPPPPYPPPPPPPPPPPPPPPPPPPPPPPYPPPPPPPPPPPPPPPPPPPPPPPYPPPPPPPPPPPPPPPPPPPPPPPYPPPPPPPPPPPPPPPPPPPPPPPYPPPPPPPPPPPPPPPPPPPPPPPYPPPPPPPPPPPPPPPPPPPPPPPYPPPPPPPPPPPPPPPPPPPPPPPYPPPPPPPPPPPPPPPPPPPPPPPPYPPPPPPPPPPPPPPPPPPPPPPPPPYPPPPPPPPPPPPPPPPPPPPPPPPPPPPPPP
165 YPPPPPPPPPPPPYPPPPPPPPPPPPYPPPPPPPPPPPPYPPPPPPPPPPPPYPPPPPPPPPPPPYPPPPPPPPPPPPYPPPPPPPPPPPPYPPPPPPPPPPPPYPPPPPPPPPPPPYPPPPPPPPPPPPPPYPPPPPPPPPPPPPPYPPPPPPPPPPPPPPPPP
363 YPPPPPPPPPPPPPPPPPPPYPPPPPPPPPPPPPPPPPPPYPPPPPPPPPPPPPPPPPPPYPPPPPPPPPPPPPPPPPPPYPPPPPPPPPPPPPPPPPPPYPPPPPPPPPPPPPPPPPPPYPPPPPPPPPPPPPPPPPPPYPPPPPPPPPPPPPPPPPPPYPPPPPPPPPPPPPPPPPPPYPPPPPPPPPPPPPPPPPPPYPPPPPPPPPPPPPPPPPPPYPPPPPPPPPPPPPPPPPPPYPPPPPPPPPPPPPPPPPPPPYPPPPPPPPPPPPPPPPPPPPYPPPPPPPPPPPPPPPPPPPPPYPPPPPPPPPPPPPPPPPPPPPPPYPPPPPPPPPPPPPPPPPPPPPPPPPPPPPPPPPP
295 YPPPPPPPPPPPPPPPPPPPYPPPPPPPPPPPPPPPPPPPYPPPPPPPPPPPPPPPPPPPYPPPPPPPPPPPPPPPPPPPYPPPPPPPPPPPPPPPPPPPPYPPPPPPPPPPPPPPPPPPPPYPPPPPPPPPPPPPPPPPPPPYPPPPPPPPPPPPPPPPPPPPYPPPPPPPPPPPPPPPPPPPPYPPPPPPPPPPPPPPPPPPPPYPPPPPPPPPPPPPPPPPPPPYPPPPPPPPPPPPPPPPPPPPYPPPPPPPPPPPPPPPPPPPPYPPPPPPPPPPPPPPPPPPPPPPPPP
313 YPPPPPPPPPPPPPPPPPYPPPPPPPPPPPPPPPPPYPPPPPPPPPPPPPPPPPYPPPPPPPPPPPPPPPPPYPPPPPPPPPPPPPPPPPYPPPPPPPPPPPPPPPPPPYPPPPPPPPPPPPPPPPPPYPPPPPPPPPPPPPPPPPPYPPPPPPPPPPPPPPPPPPYPPPPPPPPPPPPPPPPPPYPPPPPPPPPPPPPPPPPPYPPPPPPPPPPPPPPPPPPYPPPPPPPPPPPPPPPPPPYPPPPPPPPPPPPPPPPPPYPPPPPPPPPPPPPPPPPPPPPYPPPPPPPPPPPPPPPPPPPPPPPPPPPPP
284 YPPPPPPPPPPPPPPPPPPPPPPYPPPPPPPPPPPPPPPPPPPPPPYPPPPPPPPPPPPPPPPPPPPPPYPPPPPPPPPPPPPPPPPPPPPPYPPPPPPPPPPPPPPPPPPPPPPYPPPPPPPPPPPPPPPPPPPPPPYPPPPPPPPPPPPPPPPPPPPPPYPPPPPPPPPPPPPPPPPPPPPPYPPPPPPPPPPPPPPPPPPPPPPYPPPPPPPPPPPPPPPPPPPPPPYPPPPPPPPPPPPPPPPPPPPPPPPPYPPPPPPPPPPPPPPPPPPPPPPPPPPP
305 YPPPPPPPPPPPPPPPPPYPPPPPPPPPPPPPPPPPYPPPPPPPPPPPPPPPPPYPPPPPPPPPPPPPPPPPYPPPPPPPPPPPPPPPPPYPPPPPPPPPPPPPPPPPPYPPPPPPPPPPPPPPPPPPYPPPPPPPPPPPPPPPPPPYPPPPPPPPPPPPPPPPPPYPPPPPPPPPPPPPPPPPPYPPPPPPPPPPPPPPPPPPYPPPPPPPPPPPPPPPPPPYPPPPPPPPPPPPPPPPPPYPPPPPPPPPPPPPPPPPPYPPPPPPPPPPPPPPPPPPYPPPPPPPPPPPPPPPPPPPPPPPP
132 YPPPPPPPPPPPYPPPPPPPPPPPYPPPPPPPPPPPYPPPPPPPPPPPYPPPPPPPPPPPYPPPPPPPPPPPYPPPPPPPPPPPYPPPPPPPPPPPPYPPPPPPPPPPPPPPYPPPPPPPPPPPPPPPPPPP
337 YPPPPPPPPPPPPPPPPPPYPPPPPPPPPPPPPPPPPPYPPPPPPPPPPPPPPPPPPYPPPPPPPPPPPPPPPPPPYPPPPPPPPPPPPPPPPPPYPPPPPPPPPPPPPPPPPPYPPPPPPPPPPPPPPPPPPYPPPPPPPPPPPPPPPPPPYPPPPPPPPPPPPPPPPPPPYPPPPPPPPPPPPPPPPPPPYPPPPPPPPPPPPPPPPPPPYPPPPPPPPPPPPPPPPPPPYPPPPPPPPPPPPPPPPPPPYPPPPPPPPPPPPPPPPPPPYPPPPPPPPPPPPPPPPPPPYPPPPPPPPPPPPPPPPPPPYPPPPPPPPPPPPPPPPPPPPPPPP
363 YPPPPPPPPPPPPPPPPPPPPPYPPPPPPPPPPPPPPPPPPPPPYPPPPPPPPPPPPPPPPPPPPPYPPPPPPPPPPPPPPPPPPPPPYPPPPPPPPPPPPPPPPPPPPPYPPPPPPPPPPPPPPPPPPPPPPYPPPPPPPPPPPPPPPPPPPPPPYPPPPPPPPPPPPPPPPPPPPPPYPPPPPPPPPPPPPPPPPPPPPPYPPPPPPPPPPPPPPPPPPPPPPYPPPPPPPPPPPPPPPPPPPPPPYPPPPPPPPPPPPPPPPPPPPPPYPPPPPPPPPPPPPPPPPPPPPPYPPPPPPPPPPPPPPPPPPPPPPYPPPPPPPPPPPPPPPPPPPPPPYPPPPPPPPPPPPPPPPPPPPPP
251 YPPPPPPPPPPPPPPPPPPPYPPPPPPPPPPPPPPPPPPPYPPPPPPPPPPPPPPPPPPPYPPPPPPPPPPPPPPPPPPPYPPPPPPPPPPPPPPPPPPPYPPPPPPPPPPPPPPPPPPPYPPPPPPPPPPPPPPPPPPPYPPPPPPPPPPPPPPPPPPPYPPPPPPPPPPPPPPPPPPPPYPPPPPPPPPPPPPPPPPPPPYPPPPPPPPPPPPPPPPPPPPPYPPPPPPPPPPPPPPPPPPPPPPPPPP
298 YPPPPPPPPPPPPPPPPPPYPPPPPPPPPPPPPPPPPPYPPPPPPPPPPPPPPPPPPYPPPPPPPPPPPPPPPPPPYPPPPPPPPPPPPPPPPPPYPPPPPPPPPPPPPPPPPPYPPPPPPPPPPPPPPPPPPYPPPPPPPPPPPPPPPPPPYPPPPPPPPPPPPPPPPPPYPPPPPPPPPPPPPPPPPPYPPPPPPPPPPPPPPPPPPYPPPPPPPPPPPPPPPPPPYPPPPPPPPPPPPPPPPPPPYPPPPPPPPPPPPPPPPPPPPYPPPPPPPPPPPPPPPPPPPPPPPPPPPP
142 YPPPPPPPPPPPPYPPPPPPPPPPPPYPPPPPPPPPPPPYPPPPPPPPPPPPYPPPPPPPPPPPPYPPPPPPPPPPPPYPPPPPPPPPPPPYPPPPPPPPPPPPYPPPPPPPPPPPPPPPYPPPPPPPPPPPPPPPPPPPPP
223 YPPPPPPPPPPPPPPPYPPPPPPPPPPPPPPPYPPPPPPPPPPPPPPPYPPPPPPPPPPPPPPPPYPPPPPPPPPPPPPPPPYPPPPPPPPPPPPPPPPYPPPPPPPPPPPPPPPPYPPPPPPPPPPPPPPPPYPPPPPPPPPPPPPPPPYPPPPPPPPPPPPPPPPYPPPPPPPPPPPPPPPPYPPPPPPPPPPPPPPPPPYPPPPPPPPPPPPPPPPPPPP
356 YPPPPPPPPPPPPPPPPPPPYPPPPPPPPPPPPPPPPPPPYPPPPPPPPPPPPPPPPPPPYPPPPPPPPPPPPPPPPPPPYPPPPPPPPPPPPPPPPPPPYPPPPPPPPPPPPPPPPPPPYPPPPPPPPPPPPPPPPPPPYPPPPPPPPPPPPPPPPPPPYPPPPPPPPPPPPPPPPPPPYPPPPPPPPPPPPPPPPPPPYPPPPPPPPPPPPPPPPPPPYPPPPPPPPPPPPPPPPPPPPYPPPPPPPPPPPPPPPPPPPPYPPPPPPPPPPPPPPPPPPPPYPPPPPPPPPPPPPPPPPPPPYPPPPPPPPPPPPPPPPPPPPPYPPPPPPPPPPPPPPPPPPPPPPPPPPPPP
181 YPPPPPPPPPPPPYPPPPPPPPPPPPYPPPPPPPPPPPPPYPPPPPPPPPPPPPYPPPPPPPPPPPPPYPPPPPPPPPPPPPYPPPPPPPPPPPPPYPPPPPPPPPPPPPYPPPPPPPPPPPPPPYPPPPPPPPPPPPPPYPPPPPPPPPPPPPPPPYPPPPPPPPPPPPPPPPPPPPPPP
303 YPPPPPPPPPPPPPPPPPYPPPPPPPPPPPPPPPPPYPPPPPPPPPPPPPPPPPYPPPPPPPPPPPPPPPPPYPPPPPPPPPPPPPPPPPYPPPPPPPPPPPPPPPPPYPPPPPPPPPPPPPPPPPYPPPPPPPPPPPPPPPPPYPPPPPPPPPPPPPPPPPPYPPPPPPPPPPPPPPPPPPYPPPPPPPPPPPPPPPPPPYPPPPPPPPPPPPPPPPPPYPPPPPPPPPPPPPPPPPPYPPPPPPPPPPPPPPPPPPYPPPPPPPPPPPPPPPPPPPYPPPPPPPPPPPPPPPPPPPPPPPP
212 YPPPPPPPPPPPPPPYPPPPPPPPPPPPPPYPPPPPPPPPPPPPPYPPPPPPPPPPPPPPYPPPPPPPPPPPPPPYPPPPPPPPPPPPPPYPPPPPPPPPPPPPPYPPPPPPPPPPPPPPPYPPPPPPPPPPPPPPPYPPPPPPPPPPPPPPPYPPPPPPPPPPPPPPPYPPPPPPPPPPPPPPPPPYPPPPPPPPPPPPPPPPPPPPPPPP
73 YPPPPPPPYPPPPPPPYPPPPPPPPYPPPPPPPPYPPPPPPPPYPPPPPPPPYPPPPPPPPYPPPPPPPPPPP
115 YPPPPPPPPPYPPPPPPPPPYPPPPPPPPPYPPPPPPPPPYPPPPPPPPPYPPPPPPPPPYPPPPPPPPPPYPPPPPPPPPPPYPPPPPPPPPPPYPPPPPPPPPPPPPPPPPPP
66 YPPPPPPPPPYPPPPPPPPPYPPPPPPPPPPYPPPPPPPPPPYPPPPPPPPPPYPPPPPPPPPPPP
263 YPPPPPPPPPPPPPPPPPPPPYPPPPPPPPPPPPPPPPPPPPYPPPPPPPPPPPPPPPPPPPPYPPPPPPPPPPPPPPPPPPPPYPPPPPPPPPPPPPPPPPPPPYPPPPPPPPPPPPPPPPPPPPYPPPPPPPPPPPPPPPPPPPPYPPPPPPPPPPPPPPPPPPPPYPPPPPPPPPPPPPPPPPPPPYPPPPPPPPPPPPPPPPPPPPPYPPPPPPPPPPPPPPPPPPPPPPPYPPPPPPPPPPPPPPPPPPPPPPPPPPP
255 YPPPPPPPPPPPPPPPPYPPPPPPPPPPPPPPPPYPPPPPPPPPPPPPPPPYPPPPPPPPPPPPPPPPYPPPPPPPPPPPPPPPPYPPPPPPPPPPPPPPPPYPPPPPPPPPPPPPPPPPYPPPPPPPPPPPPPPPPPYPPPPPPPPPPPPPPPPPYPPPPPPPPPPPPPPPPPYPPPPPPPPPPPPPPPPPYPPPPPPPPPPPPPPPPPYPPPPPPPPPPPPPPPPPPYPPPPPPPPPPPPPPPPPPPPPPPPP
236 YPPPPPPPPPPPPPPPYPPPPPPPPPPPPPPPYPPPPPPPPPPPPPPPYPPPPPPPPPPPPPPPYPPPPPPPPPPPPPPPPYPPPPPPPPPPPPPPPPYPPPPPPPPPPPPPPPPYPPPPPPPPPPPPPPPPYPPPPPPPPPPPPPPPPYPPPPPPPPPPPPPPPPYPPPPPPPPPPPPPPPPYPPPPPPPPPPPPPPPPYPPPPPPPPPPPPPPPPPYPPPPPPPPPPPPPPPPP
336 YPPPPPPPPPPPPPPPPPPYPPPPPPPPPPPPPPPPPPYPPPPPPPPPPPPPPPPPPYPPPPPPPPPPPPPPPPPPYPPPPPPPPPPPPPPPPPPYPPPPPPPPPPPPPPPPPPYPPPPPPPPPPPPPPPPPPYPPPPPPPPPPPPPPPPPPYPPPPPPPPPPPPPPPPPPYPPPPPPPPPPPPPPPPPPPYPPPPPPPPPPPPPPPPPPPYPPPPPPPPPPPPPPPPPPPYPPPPPPPPPPPPPPPPPPPYPPPPPPPPPPPPPPPPPPPYPPPPPPPPPPPPPPPPPPPPYPPPPPPPPPPPPPPPPPPPPYPPPPPPPPPPPPPPPPPPPPPP
366 YPPPPPPPPPPPPPPPPPPPPYPPPPPPPPPPPPPPPPPPPPPYPPPPPPPPPPPPPPPPPPPPPYPPPPPPPPPPPPPPPPPPPPPYPPPPPPPPPPPPPPPPPPPPPYPPPPPPPPPPPPPPPPPPPPPYPPPPPPPPPPPPPPPPPPPPPYPPPPPPPPPPPPPPPPPPPPPYPPPPPPPPPPPPPPPPPPPPPYPPPPPPPPPPPPPPPPPPPPPYPPPPPPPPPPPPPPPPPPPPPYPPPPPPPPPPPPPPPPPPPPPYPPPPPPPPPPPPPPPPPPPPPYPPPPPPPPPPPPPPPPPPPPPYPPPPPPPPPPPPPPPPPPPPPPYPPPPPPPPPPPPPPPPPPPPPPPPPPPPPPPPPPP
46 YPPPPPYPPPPPYPPPPPYPPPPPYPPPPPYPPPPPPYPPPPPPPP
354 YPPPPPPPPPPPPPPPPPPPPYPPPPPPPPPPPPPPPPPPPPYPPPPPPPPPPPPPPPPPPPPYPPPPPPPPPPPPPPPPPPPPYPPPPPPPPPPPPPPPPPPPPYPPPPPPPPPPPPPPPPPPPPYPPPPPPPPPPPPPPPPPPPPYPPPPPPPPPPPPPPPPPPPPYPPPPPPPPPPPPPPPPPPPPYPPPPPPPPPPPPPPPPPPPPYPPPPPPPPPPPPPPPPPPPPYPPPPPPPPPPPPPPPPPPPPYPPPPPPPPPPPPPPPPPPPPPPYPPPPPPPPPPPPPPPPPPPPPPYPPPPPPPPPPPPPPPPPPPPPPPPYPPPPPPPPPPPPPPPPPPPPPPPPPPPPPP
264 YPPPPPPPPPPPPPPPPYPPPPPPPPPPPPPPPPPYPPPPPPPPPPPPPPPPPYPPPPPPPPPPPPPPPPPYPPPPPPPPPPPPPPPPPYPPPPPPPPPPPPPPPPPYPPPPPPPPPPPPPPPPPYPPPPPPPPPPPPPPPPPYPPPPPPPPPPPPPPPPPYPPPPPPPPPPPPPPPPPYPPPPPPPPPPPPPPPPPYPPPPPPPPPPPPPPPPPPYPPPPPPPPPPPPPPPPPPPPPYPPPPPPPPPPPPPPPPPPPPPPPPP
328 YPPPPPPPPPPPPPPPPPPPPYPPPPPPPPPPPPPPPPPPPPYPPPPPPPPPPPPPPPPPPPPYPPPPPPPPPPPPPPPPPPPPYPPPPPPPPPPPPPPPPPPPPYPPPPPPPPPPPPPPPPPPPPYPPPPPPPPPPPPPPPPPPPPYPPPPPPPPPPPPPPPPPPPPPYPPPPPPPPPPPPPPPPPPPPPYPPPPPPPPPPPPPPPPPPPPPYPPPPPPPPPPPPPPPPPPPPPYPPPPPPPPPPPPPPPPPPPPPYPPPPPPPPPPPPPPPPPPPPPYPPPPPPPPPPPPPPPPPPPPPYPPPPPPPPPPPPPPPPPPPPPPPPPP
287 YPPPPPPPPPPPPPPPPPYPPPPPPPPPPPPPPPPPYPPPPPPPPPPPPPPPPPYPPPPPPPPPPPPPPPPPYPPPPPPPPPPPPPPPPPYPPPPPPPPPPPPPPPPPYPPPPPPPPPPPPPPPPPYPPPPPPPPPPPPPPPPPYPPPPPPPPPPPPPPPPPYPPPPPPPPPPPPPPPPPYPPPPPPPPPPPPPPPPPPYPPPPPPPPPPPPPPPPPPYPPPPPPPPPPPPPPPPPPYPPPPPPPPPPPPPPPPPPYPPPPPPPPPPPPPPPPPPPPPPPPPPPPPP
357 YPPPPPPPPPPPPPPPPPPPYPPPPPPPPPPPPPPPPPPPYPPPPPPPPPPPPPPPPPPPYPPPPPPPPPPPPPPPPPPPYPPPPPPPPPPPPPPPPPPPYPPPPPPPPPPPPPPPPPPPYPPPPPPPPPPPPPPPPPPPYPPPPPPPPPPPPPPPPPPPYPPPPPPPPPPPPPPPPPPPYPPPPPPPPPPPPPPPPPPPYPPPPPPPPPPPPPPPPPPPPYPPPPPPPPPPPPPPPPPPPPYPPPPPPPPPPPPPPPPPPPPYPPPPPPPPPPPPPPPPPPPPYPPPPPPPPPPPPPPPPPPPPYPPPPPPPPPPPPPPPPPPPPPYPPPPPPPPPPPPPPPPPPPPPPPPPPPPP
238 YPPPPPPPPPPPPPPPYPPPPPPPPPPPPPPPYPPPPPPPPPPPPPPPYPPPPPPPPPPPPPPPPYPPPPPPPPPPPPPPPPYPPPPPPPPPPPPPPPPYPPPPPPPPPPPPPPPPYPPPPPPPPPPPPPPPPYPPPPPPPPPPPPPPPPYPPPPPPPPPPPPPPPPYPPPPPPPPPPPPPPPPYPPPPPPPPPPPPPPPPYPPPPPPPPPPPPPPPPYPPPPPPPPPPPPPPPPPPP
195 YPPPPPPPPPPPPPYPPPPPPPPPPPPPPYPPPPPPPPPPPPPPYPPPPPPPPPPPPPPYPPPPPPPPPPPPPPYPPPPPPPPPPPPPPYPPPPPPPPPPPPPPYPPPPPPPPPPPPPPYPPPPPPPPPPPPPPPYPPPPPPPPPPPPPPPPYPPPPPPPPPPPPPPPPPPYPPPPPPPPPPPPPPPPPPPPPPP
77 YPPPPPPPPPYPPPPPPPPPYPPPPPPPPPYPPPPPPPPPYPPPPPPPPPPPYPPPPPPPPPPPYPPPPPPPPPPPP
62 YPPPPPYPPPPPYPPPPPPYPPPPPPYPPPPPPPYPPPPPPPYPPPPPPPPYPPPPPPPPPP
370 YPPPPPPPPPPPPPPPPPPPYPPPPPPPPPPPPPPPPPPPYPPPPPPPPPPPPPPPPPPPYPPPPPPPPPPPPPPPPPPPPYPPPPPPPPPPPPPPPPPPPPYPPPPPPPPPPPPPPPPPPPPYPPPPPPPPPPPPPPPPPPPPYPPPPPPPPPPPPPPPPPPPPYPPPPPPPPPPPPPPPPPPPPYPPPPPPPPPPPPPPPPPPPPYPPPPPPPPPPPPPPPPPPPPYPPPPPPPPPPPPPPPPPPPPYPPPPPPPPPPPPPPPPPPPPYPPPPPPPPPPPPPPPPPPPPYPPPPPPPPPPPPPPPPPPPPYPPPPPPPPPPPPPPPPPPPPPPPYPPPPPPPPPPPPPPPPPPPPPPPPPPPPPPPPP
308 YPPPPPPPPPPPPPPPPPPPPYPPPPPPPPPPPPPPPPPPPPYPPPPPPPPPPPPPPPPPPPPYPPPPPPPPPPPPPPPPPPPPYPPPPPPPPPPPPPPPPPPPPYPPPPPPPPPPPPPPPPPPPPPYPPPPPPPPPPPPPPPPPPPPPYPPPPPPPPPPPPPPPPPPPPPYPPPPPPPPPPPPPPPPPPPPPYPPPPPPPPPPPPPPPPPPPPPYPPPPPPPPPPPPPPPPPPPPPYPPPPPPPPPPPPPPPPPPPPPYPPPPPPPPPPPPPPPPPPPPPYPPPPPPPPPPPPPPPPPPPPPPPPPP
161 YPPPPPPPPPPPPPPYPPPPPPPPPPPPPPYPPPPPPPPPPPPPPYPPPPPPPPPPPPPPYPPPPPPPPPPPPPPYPPPPPPPPPPPPPPYPPPPPPPPPPPPPPYPPPPPPPPPPPPPPYPPPPPPPPPPPPPPPPPYPPPPPPPPPPPPPPPPPPPPPP
350 YPPPPPPPPPPPPPPPPPPPPPYPPPPPPPPPPPPPPPPPPPPPYPPPPPPPPPPPPPPPPPPPPPPYPPPPPPPPPPPPPPPPPPPPPPYPPPPPPPPPPPPPPPPPPPPPPYPPPPPPPPPPPPPPPPPPPPPPYPPPPPPPPPPPPPPPPPPPPPPYPPPPPPPPPPPPPPPPPPPPPPYPPPPPPPPPPPPPPPPPPPPPPYPPPPPPPPPPPPPPPPPPPPPPYPPPPPPPPPPPPPPPPPPPPPPYPPPPPPPPPPPPPPPPPPPPPPYPPPPPPPPPPPPPPPPPPPPPPPYPPPPPPPPPPPPPPPPPPPPPPPYPPPPPPPPPPPPPPPPPPPPPPPPPPP
253 YPPPPPPPPPPPPPPPPYPPPPPPPPPPPPPPPPYPPPPPPPPPPPPPPPPYPPPPPPPPPPPPPPPPPYPPPPPPPPPPPPPPPPPYPPPPPPPPPPPPPPPPPYPPPPPPPPPPPPPPPPPYPPPPPPPPPPPPPPPPPYPPPPPPPPPPPPPPPPPYPPPPPPPPPPPPPPPPPYPPPPPPPPPPPPPPPPPYPPPPPPPPPPPPPPPPPYPPPPPPPPPPPPPPPPPPYPPPPPPPPPPPPPPPPPPPP
182 YPPPPPPPPPPPPYPPPPPPPPPPPPYPPPPPPPPPPPPYPPPPPPPPPPPPYPPPPPPPPPPPPYPPPPPPPPPPPPYPPPPPPPPPPPPPYPPPPPPPPPPPPPYPPPPPPPPPPPPPYPPPPPPPPPPPPPYPPPPPPPPPPPPPPYPPPPPPPPPPPPPPYPPPPPPPPPPPPPPPPP
354 YPPPPPPPPPPPPPPPPPPPPPYPPPPPPPPPPPPPPPPPPPPPYPPPPPPPPPPPPPPPPPPPPPYPPPPPPPPPPPPPPPPPPPPPPYPPPPPPPPPPPPPPPPPPPPPPYPPPPPPPPPPPPPPPPPPPPPPYPPPPPPPPPPPPPPPPPPPPPPYPPPPPPPPPPPPPPPPPPPPPPYPPPPPPPPPPPPPPPPPPPPPPYPPPPPPPPPPPPPPPPPPPPPPYPPPPPPPPPPPPPPPPPPPPPPYPPPPPPPPPPPPPPPPPPPPPPYPPPPPPPPPPPPPPPPPPPPPPYPPPPPPPPPPPPPPPPPPPPPPPYPPPPPPPPPPPPPPPPPPPPPPPPPPPPPPPPP
165 YPPPPPPPPPPPPYPPPPPPPPPPPPYPPPPPPPPPPPPYPPPPPPPPPPPPYPPPPPPPPPPPPYPPPPPPPPPPPPYPPPPPPPPPPPPYPPPPPPPPPPPPPYPPPPPPPPPPPPPYPPPPPPPPPPPPPYPPPPPPPPPPPPPYPPPPPPPPPPPPPPPPP
77 YPPPPPPPPPPPYPPPPPPPPPPPPYPPPPPPPPPPPPYPPPPPPPPPPPPYPPPPPPPPPPPPYPPPPPPPPPPPP
317 YPPPPPPPPPPPPPPPPPPYPPPPPPPPPPPPPPPPPPPYPPPPPPPPPPPPPPPPPPPYPPPPPPPPPPPPPPPPPPPYPPPPPPPPPPPPPPPPPPPYPPPPPPPPPPPPPPPPPPPYPPPPPPPPPPPPPPPPPPPYPPPPPPPPPPPPPPPPPPPYPPPPPPPPPPPPPPPPPPPYPPPPPPPPPPPPPPPPPPPYPPPPPPPPPPPPPPPPPPPYPPPPPPPPPPPPPPPPPPPYPPPPPPPPPPPPPPPPPPPYPPPPPPPPPPPPPPPPPPPPPPPPYPPPPPPPPPPPPPPPPPPPPPPPPPPPPPPPP
365 YPPPPPPPPPPPPPPPPPPPYPPPPPPPPPPPPPPPPPPPYPPPPPPPPPPPPPPPPPPPYPPPPPPPPPPPPPPPPPPPYPPPPPPPPPPPPPPPPPPPYPPPPPPPPPPPPPPPPPPPYPPPPPPPPPPPPPPPPPPPYPPPPPPPPPPPPPPPPPPPYPPPPPPPPPPPPPPPPPPPPYPPPPPPPPPPPPPPPPPPPPYPPPPPPPPPPPPPPPPPPPPYPPPPPPPPPPPPPPPPPPPPYPPPPPPPPPPPPPPPPPPPPYPPPPPPPPPPPPPPPPPPPPYPPPPPPPPPPPPPPPPPPPPYPPPPPPPPPPPPPPPPPPPPPPPYPPPPPPPPPPPPPPPPPPPPPPPPPPPPPPPPP
321 YPPPPPPPPPPPPPPPPPPPYPPPPPPPPPPPPPPPPPPPYPPPPPPPPPPPPPPPPPPPYPPPPPPPPPPPPPPPPPPPPYPPPPPPPPPPPPPPPPPPPPYPPPPPPPPPPPPPPPPPPPPYPPPPPPPPPPPPPPPPPPPPYPPPPPPPPPPPPPPPPPPPPYPPPPPPPPPPPPPPPPPPPPYPPPPPPPPPPPPPPPPPPPPYPPPPPPPPPPPPPPPPPPPPYPPPPPPPPPPPPPPPPPPPPYPPPPPPPPPPPPPPPPPPPPPYPPPPPPPPPPPPPPPPPPPPPYPPPPPPPPPPPPPPPPPPPPPPPPPPP
232 YPPPPPPPPPPPPPPPPPYPPPPPPPPPPPPPPPPPYPPPPPPPPPPPPPPPPPYPPPPPPPPPPPPPPPPPPYPPPPPPPPPPPPPPPPPPYPPPPPPPPPPPPPPPPPPYPPPPPPPPPPPPPPPPPPYPPPPPPPPPPPPPPPPPPYPPPPPPPPPPPPPPPPPPYPPPPPPPPPPPPPPPPPPYPPPPPPPPPPPPPPPPPPPPYPPPPPPPPPPPPPPPPPPPPPPP
204 YPPPPPPPPPPPPPPPYPPPPPPPPPPPPPPPYPPPPPPPPPPPPPPPYPPPPPPPPPPPPPPPYPPPPPPPPPPPPPPPYPPPPPPPPPPPPPPPYPPPPPPPPPPPPPPPYPPPPPPPPPPPPPPPPYPPPPPPPPPPPPPPPPYPPPPPPPPPPPPPPPPPYPPPPPPPPPPPPPPPPPYPPPPPPPPPPPPPPPPPPPPP
228 YPPPPPPPPPPPPPPYPPPPPPPPPPPPPPYPPPPPPPPPPPPPPYPPPPPPPPPPPPPPYPPPPPPPPPPPPPPYPPPPPPPPPPPPPPYPPPPPPPPPPPPPPYPPPPPPPPPPPPPPYPPPPPPPPPPPPPPYPPPPPPPPPPPPPPPYPPPPPPPPPPPPPPPYPPPPPPPPPPPPPPPPYPPPPPPPPPPPPPPPPPPYPPPPPPPPPPPPPPPPPPPPPPPP
