428 YPPPPPPPPPPPPPPPPPPPPPPPPPPPYPPPPPPPPPPPPPPPPPPPPPPPPPPPYPPPPPPPPPPPPPPPPPPPPPPPPPPPYPPPPPPPPPPPPPPPPPPPPPPPPPPPYPPPPPPPPPPPPPPPPPPPPPPPPPPPYPPPPPPPPPPPPPPPPPPPPPPPPPPPYPPPPPPPPPPPPPPPPPPPPPPPPPPPYPPPPPPPPPPPPPPPPPPPPPPPPPPPYPPPPPPPPPPPPPPPPPPPPPPPPPPPYPPPPPPPPPPPPPPPPPPPPPPPPPPPYPPPPPPPPPPPPPPPPPPPPPPPPPPPYPPPPPPPPPPPPPPPPPPPPPPPPPPPYPPPPPPPPPPPPPPPPPPPPPPPPPPPPYPPPPPPPPPPPPPPPPPPPPPPPPPPPPPYPPPPPPPPPPPPPPPPPPPPPPPPPPPPPPPP
36 YPPPPPPPPYPPPPPPPYPPPPYPPPPYPPPPPPPP
34 YPPPPPPPYPPPPPYPPPPYPPPPYPPPPPPPPP
30 YPPPPPPPYPPPPPPYPPPPPYPPPPPPPP
34 YPPPPPPPYPPPPPYPPPPPYPPPPYPPPPPPPP
34 YPPPPPPYPPPPPPYPPPPPYPPPPPYPPPPPPP
15 YPPPPYPPPYPPPPP
32 YPPPPPPYPPPPPYPPPPYPPPYPPPPPPPPP
13 YPPPYPPYPPPPP
7 YPPYPPP
296 YPPPPPPPPPPPPPPPPPPPPPYPPPPPPPPPPPPPPPPPPPPPYPPPPPPPPPPPPPPPPPPPPPYPPPPPPPPPPPPPPPPPPPPPYPPPPPPPPPPPPPPPPPPPPPYPPPPPPPPPPPPPPPPPPPPPYPPPPPPPPPPPPPPPPPPPPPYPPPPPPPPPPPPPPPPPPPPPYPPPPPPPPPPPPPPPPPPPPPYPPPPPPPPPPPPPPPPPPPPPPYPPPPPPPPPPPPPPPPPPPPPPYPPPPPPPPPPPPPPPPPPPPPPPPYPPPPPPPPPPPPPPPPPPPPPPPPPP
328 YPPPPPPPPPPPPPPPPPPPYPPPPPPPPPPPPPPPPPPPYPPPPPPPPPPPPPPPPPPPYPPPPPPPPPPPPPPPPPPPPYPPPPPPPPPPPPPPPPPPPPYPPPPPPPPPPPPPPPPPPPPYPPPPPPPPPPPPPPPPPPPPYPPPPPPPPPPPPPPPPPPPPYPPPPPPPPPPPPPPPPPPPPYPPPPPPPPPPPPPPPPPPPPYPPPPPPPPPPPPPPPPPPPPYPPPPPPPPPPPPPPPPPPPPPYPPPPPPPPPPPPPPPPPPPPPYPPPPPPPPPPPPPPPPPPPPPPYPPPPPPPPPPPPPPPPPPPPPPPPPPPPPPPP
235 YPPPPPPPPPPPPPPPYPPPPPPPPPPPPPPPYPPPPPPPPPPPPPPPYPPPPPPPPPPPPPPPYPPPPPPPPPPPPPPPYPPPPPPPPPPPPPPPYPPPPPPPPPPPPPPPYPPPPPPPPPPPPPPPYPPPPPPPPPPPPPPPYPPPPPPPPPPPPPPPYPPPPPPPPPPPPPPPYPPPPPPPPPPPPPPPPYPPPPPPPPPPPPPPPPYPPPPPPPPPPPPPPPPPPPPPPPP
367 YPPPPPPPPPPPPPPPPPPPYPPPPPPPPPPPPPPPPPPPYPPPPPPPPPPPPPPPPPPPYPPPPPPPPPPPPPPPPPPPYPPPPPPPPPPPPPPPPPPPYPPPPPPPPPPPPPPPPPPPYPPPPPPPPPPPPPPPPPPPYPPPPPPPPPPPPPPPPPPPYPPPPPPPPPPPPPPPPPPPYPPPPPPPPPPPPPPPPPPPPYPPPPPPPPPPPPPPPPPPPPYPPPPPPPPPPPPPPPPPPPPYPPPPPPPPPPPPPPPPPPPPYPPPPPPPPPPPPPPPPPPPPPYPPPPPPPPPPPPPPPPPPPPPYPPPPPPPPPPPPPPPPPPPPPPYPPPPPPPPPPPPPPPPPPPPPPPPPPPPPPPPPPP
304 YPPPPPPPPPPPPPPPPPPYPPPPPPPPPPPPPPPPPPYPPPPPPPPPPPPPPPPPPYPPPPPPPPPPPPPPPPPPPYPPPPPPPPPPPPPPPPPPPYPPPPPPPPPPPPPPPPPPPYPPPPPPPPPPPPPPPPPPPYPPPPPPPPPPPPPPPPPPPYPPPPPPPPPPPPPPPPPPPYPPPPPPPPPPPPPPPPPPPYPPPPPPPPPPPPPPPPPPPYPPPPPPPPPPPPPPPPPPPYPPPPPPPPPPPPPPPPPPPPYPPPPPPPPPPPPPPPPPPPPYPPPPPPPPPPPPPPPPPPPPPPPP
283 YPPPPPPPPPPPPPPPPPYPPPPPPPPPPPPPPPPPYPPPPPPPPPPPPPPPPPYPPPPPPPPPPPPPPPPPYPPPPPPPPPPPPPPPPPYPPPPPPPPPPPPPPPPPPYPPPPPPPPPPPPPPPPPPYPPPPPPPPPPPPPPPPPPYPPPPPPPPPPPPPPPPPPYPPPPPPPPPPPPPPPPPPYPPPPPPPPPPPPPPPPPPYPPPPPPPPPPPPPPPPPPYPPPPPPPPPPPPPPPPPPYPPPPPPPPPPPPPPPPPPYPPPPPPPPPPPPPPPPPPPPP
347 YPPPPPPPPPPPPPPPPPPPPPYPPPPPPPPPPPPPPPPPPPPPYPPPPPPPPPPPPPPPPPPPPPYPPPPPPPPPPPPPPPPPPPPPYPPPPPPPPPPPPPPPPPPPPPYPPPPPPPPPPPPPPPPPPPPPYPPPPPPPPPPPPPPPPPPPPPYPPPPPPPPPPPPPPPPPPPPPPYPPPPPPPPPPPPPPPPPPPPPPYPPPPPPPPPPPPPPPPPPPPPPYPPPPPPPPPPPPPPPPPPPPPPYPPPPPPPPPPPPPPPPPPPPPPYPPPPPPPPPPPPPPPPPPPPPPYPPPPPPPPPPPPPPPPPPPPPPPPYPPPPPPPPPPPPPPPPPPPPPPPPPPPPP
390 YPPPPPPPPPPPPPPPPPPPPPYPPPPPPPPPPPPPPPPPPPPPYPPPPPPPPPPPPPPPPPPPPPYPPPPPPPPPPPPPPPPPPPPPYPPPPPPPPPPPPPPPPPPPPPYPPPPPPPPPPPPPPPPPPPPPYPPPPPPPPPPPPPPPPPPPPPYPPPPPPPPPPPPPPPPPPPPPYPPPPPPPPPPPPPPPPPPPPPYPPPPPPPPPPPPPPPPPPPPPPYPPPPPPPPPPPPPPPPPPPPPPYPPPPPPPPPPPPPPPPPPPPPPYPPPPPPPPPPPPPPPPPPPPPPYPPPPPPPPPPPPPPPPPPPPPPYPPPPPPPPPPPPPPPPPPPPPPPYPPPPPPPPPPPPPPPPPPPPPPPYPPPPPPPPPPPPPPPPPPPPPPPPPPPP
303 YPPPPPPPPPPPPPPPPPPYPPPPPPPPPPPPPPPPPPYPPPPPPPPPPPPPPPPPPPYPPPPPPPPPPPPPPPPPPPYPPPPPPPPPPPPPPPPPPPYPPPPPPPPPPPPPPPPPPPYPPPPPPPPPPPPPPPPPPPYPPPPPPPPPPPPPPPPPPPYPPPPPPPPPPPPPPPPPPPYPPPPPPPPPPPPPPPPPPPYPPPPPPPPPPPPPPPPPPPYPPPPPPPPPPPPPPPPPPPYPPPPPPPPPPPPPPPPPPPYPPPPPPPPPPPPPPPPPPPYPPPPPPPPPPPPPPPPPPPPPPPP
232 YPPPPPPPPPPPPPPPYPPPPPPPPPPPPPPPPYPPPPPPPPPPPPPPPPYPPPPPPPPPPPPPPPPYPPPPPPPPPPPPPPPPYPPPPPPPPPPPPPPPPYPPPPPPPPPPPPPPPPYPPPPPPPPPPPPPPPPYPPPPPPPPPPPPPPPPYPPPPPPPPPPPPPPPPYPPPPPPPPPPPPPPPPPPYPPPPPPPPPPPPPPPPPPPYPPPPPPPPPPPPPPPPPPPPPPP
270 YPPPPPPPPPPPPPPPPPYPPPPPPPPPPPPPPPPPYPPPPPPPPPPPPPPPPPYPPPPPPPPPPPPPPPPPYPPPPPPPPPPPPPPPPPYPPPPPPPPPPPPPPPPPYPPPPPPPPPPPPPPPPPYPPPPPPPPPPPPPPPPPYPPPPPPPPPPPPPPPPPYPPPPPPPPPPPPPPPPPPYPPPPPPPPPPPPPPPPPPYPPPPPPPPPPPPPPPPPPYPPPPPPPPPPPPPPPPPPPPYPPPPPPPPPPPPPPPPPPPPPPPPPPPPP
101 YPPPPPPPPYPPPPPPPPYPPPPPPPPYPPPPPPPPPYPPPPPPPPPYPPPPPPPPPYPPPPPPPPPYPPPPPPPPPPYPPPPPPPPPPYPPPPPPPPPPP
251 YPPPPPPPPPPPPPPPPYPPPPPPPPPPPPPPPPYPPPPPPPPPPPPPPPPYPPPPPPPPPPPPPPPPYPPPPPPPPPPPPPPPPYPPPPPPPPPPPPPPPPYPPPPPPPPPPPPPPPPYPPPPPPPPPPPPPPPPYPPPPPPPPPPPPPPPPYPPPPPPPPPPPPPPPPYPPPPPPPPPPPPPPPPYPPPPPPPPPPPPPPPPYPPPPPPPPPPPPPPPPPPYPPPPPPPPPPPPPPPPPPPPPPPPPPP
271 YPPPPPPPPPPPPPPPPYPPPPPPPPPPPPPPPPYPPPPPPPPPPPPPPPPYPPPPPPPPPPPPPPPPYPPPPPPPPPPPPPPPPYPPPPPPPPPPPPPPPPYPPPPPPPPPPPPPPPPYPPPPPPPPPPPPPPPPPYPPPPPPPPPPPPPPPPPYPPPPPPPPPPPPPPPPPYPPPPPPPPPPPPPPPPPYPPPPPPPPPPPPPPPPPYPPPPPPPPPPPPPPPPPYPPPPPPPPPPPPPPPPPPYPPPPPPPPPPPPPPPPPPPPPPPP
232 YPPPPPPPPPPPPPPYPPPPPPPPPPPPPPYPPPPPPPPPPPPPPYPPPPPPPPPPPPPPYPPPPPPPPPPPPPPYPPPPPPPPPPPPPPPYPPPPPPPPPPPPPPPYPPPPPPPPPPPPPPPYPPPPPPPPPPPPPPPYPPPPPPPPPPPPPPPYPPPPPPPPPPPPPPPPYPPPPPPPPPPPPPPPPYPPPPPPPPPPPPPPPPPYPPPPPPPPPPPPPPPPPPPPPPPP
383 YPPPPPPPPPPPPPPPPPPPPPPPYPPPPPPPPPPPPPPPPPPPPPPPYPPPPPPPPPPPPPPPPPPPPPPPYPPPPPPPPPPPPPPPPPPPPPPPYPPPPPPPPPPPPPPPPPPPPPPPYPPPPPPPPPPPPPPPPPPPPPPPPYPPPPPPPPPPPPPPPPPPPPPPPPYPPPPPPPPPPPPPPPPPPPPPPPPYPPPPPPPPPPPPPPPPPPPPPPPPYPPPPPPPPPPPPPPPPPPPPPPPPYPPPPPPPPPPPPPPPPPPPPPPPPYPPPPPPPPPPPPPPPPPPPPPPPPYPPPPPPPPPPPPPPPPPPPPPPPPYPPPPPPPPPPPPPPPPPPPPPPPPPPPYPPPPPPPPPPPPPPPPPPPPPPPPPPPPPPPPPP
393 YPPPPPPPPPPPPPPPPPPPPYPPPPPPPPPPPPPPPPPPPPYPPPPPPPPPPPPPPPPPPPPYPPPPPPPPPPPPPPPPPPPPYPPPPPPPPPPPPPPPPPPPPYPPPPPPPPPPPPPPPPPPPPYPPPPPPPPPPPPPPPPPPPPYPPPPPPPPPPPPPPPPPPPPYPPPPPPPPPPPPPPPPPPPPYPPPPPPPPPPPPPPPPPPPPYPPPPPPPPPPPPPPPPPPPPYPPPPPPPPPPPPPPPPPPPPYPPPPPPPPPPPPPPPPPPPPYPPPPPPPPPPPPPPPPPPPPPYPPPPPPPPPPPPPPPPPPPPPYPPPPPPPPPPPPPPPPPPPPPYPPPPPPPPPPPPPPPPPPPPPPYPPPPPPPPPPPPPPPPPPPPPPPPPPPPPP
365 YPPPPPPPPPPPPPPPPPPPPYPPPPPPPPPPPPPPPPPPPPPYPPPPPPPPPPPPPPPPPPPPPYPPPPPPPPPPPPPPPPPPPPPYPPPPPPPPPPPPPPPPPPPPPYPPPPPPPPPPPPPPPPPPPPPYPPPPPPPPPPPPPPPPPPPPPYPPPPPPPPPPPPPPPPPPPPPYPPPPPPPPPPPPPPPPPPPPPYPPPPPPPPPPPPPPPPPPPPPYPPPPPPPPPPPPPPPPPPPPPYPPPPPPPPPPPPPPPPPPPPPYPPPPPPPPPPPPPPPPPPPPPYPPPPPPPPPPPPPPPPPPPPPYPPPPPPPPPPPPPPPPPPPPPPPPPYPPPPPPPPPPPPPPPPPPPPPPPPPPPPPPP
428 YPPPPPPPPPPPPPPPPPPPPPYPPPPPPPPPPPPPPPPPPPPPYPPPPPPPPPPPPPPPPPPPPPYPPPPPPPPPPPPPPPPPPPPPPYPPPPPPPPPPPPPPPPPPPPPPYPPPPPPPPPPPPPPPPPPPPPPYPPPPPPPPPPPPPPPPPPPPPPYPPPPPPPPPPPPPPPPPPPPPPYPPPPPPPPPPPPPPPPPPPPPPYPPPPPPPPPPPPPPPPPPPPPPYPPPPPPPPPPPPPPPPPPPPPPYPPPPPPPPPPPPPPPPPPPPPPYPPPPPPPPPPPPPPPPPPPPPPYPPPPPPPPPPPPPPPPPPPPPPYPPPPPPPPPPPPPPPPPPPPPPYPPPPPPPPPPPPPPPPPPPPPPYPPPPPPPPPPPPPPPPPPPPPPPPPYPPPPPPPPPPPPPPPPPPPPPPPPPPPPPPPPPPPP
258 YPPPPPPPPPPPPPPPYPPPPPPPPPPPPPPPYPPPPPPPPPPPPPPPYPPPPPPPPPPPPPPPYPPPPPPPPPPPPPPPYPPPPPPPPPPPPPPPPYPPPPPPPPPPPPPPPPYPPPPPPPPPPPPPPPPYPPPPPPPPPPPPPPPPYPPPPPPPPPPPPPPPPYPPPPPPPPPPPPPPPPYPPPPPPPPPPPPPPPPYPPPPPPPPPPPPPPPPPYPPPPPPPPPPPPPPPPPPYPPPPPPPPPPPPPPPPPPPPP
283 YPPPPPPPPPPPPPPPPPPPYPPPPPPPPPPPPPPPPPPPYPPPPPPPPPPPPPPPPPPPPYPPPPPPPPPPPPPPPPPPPPYPPPPPPPPPPPPPPPPPPPPYPPPPPPPPPPPPPPPPPPPPYPPPPPPPPPPPPPPPPPPPPYPPPPPPPPPPPPPPPPPPPPYPPPPPPPPPPPPPPPPPPPPYPPPPPPPPPPPPPPPPPPPPYPPPPPPPPPPPPPPPPPPPPPYPPPPPPPPPPPPPPPPPPPPPPPYPPPPPPPPPPPPPPPPPPPPPPPPPPPP
271 YPPPPPPPPPPPPPPPPPPYPPPPPPPPPPPPPPPPPPPYPPPPPPPPPPPPPPPPPPPYPPPPPPPPPPPPPPPPPPPYPPPPPPPPPPPPPPPPPPPYPPPPPPPPPPPPPPPPPPPYPPPPPPPPPPPPPPPPPPPYPPPPPPPPPPPPPPPPPPPYPPPPPPPPPPPPPPPPPPPYPPPPPPPPPPPPPPPPPPPYPPPPPPPPPPPPPPPPPPPYPPPPPPPPPPPPPPPPPPPPPPPYPPPPPPPPPPPPPPPPPPPPPPPPPPP
167 YPPPPPPPPPPPPPPPYPPPPPPPPPPPPPPPYPPPPPPPPPPPPPPPYPPPPPPPPPPPPPPPYPPPPPPPPPPPPPPPYPPPPPPPPPPPPPPPPYPPPPPPPPPPPPPPPPYPPPPPPPPPPPPPPPPYPPPPPPPPPPPPPPPPYPPPPPPPPPPPPPPPPPP
365 YPPPPPPPPPPPPPPPPPPPPPPYPPPPPPPPPPPPPPPPPPPPPPYPPPPPPPPPPPPPPPPPPPPPPYPPPPPPPPPPPPPPPPPPPPPPYPPPPPPPPPPPPPPPPPPPPPPPYPPPPPPPPPPPPPPPPPPPPPPPYPPPPPPPPPPPPPPPPPPPPPPPYPPPPPPPPPPPPPPPPPPPPPPPYPPPPPPPPPPPPPPPPPPPPPPPYPPPPPPPPPPPPPPPPPPPPPPPYPPPPPPPPPPPPPPPPPPPPPPPYPPPPPPPPPPPPPPPPPPPPPPPPYPPPPPPPPPPPPPPPPPPPPPPPPYPPPPPPPPPPPPPPPPPPPPPPPPPYPPPPPPPPPPPPPPPPPPPPPPPPPPPP
263 YPPPPPPPPPPPPPPPPYPPPPPPPPPPPPPPPPPYPPPPPPPPPPPPPPPPPYPPPPPPPPPPPPPPPPPYPPPPPPPPPPPPPPPPPYPPPPPPPPPPPPPPPPPYPPPPPPPPPPPPPPPPPYPPPPPPPPPPPPPPPPPYPPPPPPPPPPPPPPPPPYPPPPPPPPPPPPPPPPPYPPPPPPPPPPPPPPPPPPYPPPPPPPPPPPPPPPPPPYPPPPPPPPPPPPPPPPPPPYPPPPPPPPPPPPPPPPPPPPPPPPP
426 YPPPPPPPPPPPPPPPPPPPPPYPPPPPPPPPPPPPPPPPPPPPYPPPPPPPPPPPPPPPPPPPPPYPPPPPPPPPPPPPPPPPPPPPYPPPPPPPPPPPPPPPPPPPPPYPPPPPPPPPPPPPPPPPPPPPYPPPPPPPPPPPPPPPPPPPPPYPPPPPPPPPPPPPPPPPPPPPYPPPPPPPPPPPPPPPPPPPPPYPPPPPPPPPPPPPPPPPPPPPPYPPPPPPPPPPPPPPPPPPPPPPYPPPPPPPPPPPPPPPPPPPPPPYPPPPPPPPPPPPPPPPPPPPPPYPPPPPPPPPPPPPPPPPPPPPPYPPPPPPPPPPPPPPPPPPPPPPYPPPPPPPPPPPPPPPPPPPPPPPPYPPPPPPPPPPPPPPPPPPPPPPPPPPYPPPPPPPPPPPPPPPPPPPPPPPPPPPPPPPPPPPPP
302 YPPPPPPPPPPPPPPPPPPPPPPYPPPPPPPPPPPPPPPPPPPPPPYPPPPPPPPPPPPPPPPPPPPPPYPPPPPPPPPPPPPPPPPPPPPPYPPPPPPPPPPPPPPPPPPPPPPYPPPPPPPPPPPPPPPPPPPPPPYPPPPPPPPPPPPPPPPPPPPPPYPPPPPPPPPPPPPPPPPPPPPPYPPPPPPPPPPPPPPPPPPPPPPYPPPPPPPPPPPPPPPPPPPPPPYPPPPPPPPPPPPPPPPPPPPPPPYPPPPPPPPPPPPPPPPPPPPPPPYPPPPPPPPPPPPPPPPPPPPPPP
173 YPPPPPPPPPPPPPPYPPPPPPPPPPPPPPYPPPPPPPPPPPPPPYPPPPPPPPPPPPPPYPPPPPPPPPPPPPPYPPPPPPPPPPPPPPYPPPPPPPPPPPPPPPYPPPPPPPPPPPPPPPYPPPPPPPPPPPPPPPYPPPPPPPPPPPPPPPYPPPPPPPPPPPPPPPPPP
417 YPPPPPPPPPPPPPPPPPPPPPPPPYPPPPPPPPPPPPPPPPPPPPPPPPYPPPPPPPPPPPPPPPPPPPPPPPPYPPPPPPPPPPPPPPPPPPPPPPPPYPPPPPPPPPPPPPPPPPPPPPPPPYPPPPPPPPPPPPPPPPPPPPPPPPYPPPPPPPPPPPPPPPPPPPPPPPPYPPPPPPPPPPPPPPPPPPPPPPPPYPPPPPPPPPPPPPPPPPPPPPPPPYPPPPPPPPPPPPPPPPPPPPPPPPYPPPPPPPPPPPPPPPPPPPPPPPPYPPPPPPPPPPPPPPPPPPPPPPPPPYPPPPPPPPPPPPPPPPPPPPPPPPPYPPPPPPPPPPPPPPPPPPPPPPPPPPYPPPPPPPPPPPPPPPPPPPPPPPPPPPYPPPPPPPPPPPPPPPPPPPPPPPPPPPPPPPPPP
389 YPPPPPPPPPPPPPPPPPPPPPPPYPPPPPPPPPPPPPPPPPPPPPPPYPPPPPPPPPPPPPPPPPPPPPPPPYPPPPPPPPPPPPPPPPPPPPPPPPYPPPPPPPPPPPPPPPPPPPPPPPPYPPPPPPPPPPPPPPPPPPPPPPPPYPPPPPPPPPPPPPPPPPPPPPPPPYPPPPPPPPPPPPPPPPPPPPPPPPYPPPPPPPPPPPPPPPPPPPPPPPPYPPPPPPPPPPPPPPPPPPPPPPPPYPPPPPPPPPPPPPPPPPPPPPPPPYPPPPPPPPPPPPPPPPPPPPPPPPYPPPPPPPPPPPPPPPPPPPPPPPPPPYPPPPPPPPPPPPPPPPPPPPPPPPPPPPYPPPPPPPPPPPPPPPPPPPPPPPPPPPPPPPPPP
360 YPPPPPPPPPPPPPPPPPPPYPPPPPPPPPPPPPPPPPPPPYPPPPPPPPPPPPPPPPPPPPYPPPPPPPPPPPPPPPPPPPPYPPPPPPPPPPPPPPPPPPPPYPPPPPPPPPPPPPPPPPPPPYPPPPPPPPPPPPPPPPPPPPYPPPPPPPPPPPPPPPPPPPPYPPPPPPPPPPPPPPPPPPPPYPPPPPPPPPPPPPPPPPPPPYPPPPPPPPPPPPPPPPPPPPYPPPPPPPPPPPPPPPPPPPPYPPPPPPPPPPPPPPPPPPPPYPPPPPPPPPPPPPPPPPPPPYPPPPPPPPPPPPPPPPPPPPPYPPPPPPPPPPPPPPPPPPPPPYPPPPPPPPPPPPPPPPPPPPPP
158 YPPPPPPPPPPPPPYPPPPPPPPPPPPPYPPPPPPPPPPPPPPYPPPPPPPPPPPPPPYPPPPPPPPPPPPPPYPPPPPPPPPPPPPPYPPPPPPPPPPPPPPPYPPPPPPPPPPPPPPPYPPPPPPPPPPPPPPPPYPPPPPPPPPPPPPPPPPPPP
173 YPPPPPPPPPPPPYPPPPPPPPPPPPYPPPPPPPPPPPPYPPPPPPPPPPPPYPPPPPPPPPPPPYPPPPPPPPPPPPPYPPPPPPPPPPPPPYPPPPPPPPPPPPPYPPPPPPPPPPPPPYPPPPPPPPPPPPPYPPPPPPPPPPPPPYPPPPPPPPPPPPPPPPPPPPPPP
348 YPPPPPPPPPPPPPPPPPPPPPYPPPPPPPPPPPPPPPPPPPPPYPPPPPPPPPPPPPPPPPPPPPYPPPPPPPPPPPPPPPPPPPPPYPPPPPPPPPPPPPPPPPPPPPYPPPPPPPPPPPPPPPPPPPPPYPPPPPPPPPPPPPPPPPPPPPYPPPPPPPPPPPPPPPPPPPPPPYPPPPPPPPPPPPPPPPPPPPPPYPPPPPPPPPPPPPPPPPPPPPPYPPPPPPPPPPPPPPPPPPPPPPYPPPPPPPPPPPPPPPPPPPPPPYPPPPPPPPPPPPPPPPPPPPPPPYPPPPPPPPPPPPPPPPPPPPPPPYPPPPPPPPPPPPPPPPPPPPPPPPPPPPPP
378 YPPPPPPPPPPPPPPPPPPPPPPPYPPPPPPPPPPPPPPPPPPPPPPPYPPPPPPPPPPPPPPPPPPPPPPPYPPPPPPPPPPPPPPPPPPPPPPPYPPPPPPPPPPPPPPPPPPPPPPPYPPPPPPPPPPPPPPPPPPPPPPPYPPPPPPPPPPPPPPPPPPPPPPPYPPPPPPPPPPPPPPPPPPPPPPPYPPPPPPPPPPPPPPPPPPPPPPPYPPPPPPPPPPPPPPPPPPPPPPPYPPPPPPPPPPPPPPPPPPPPPPPPYPPPPPPPPPPPPPPPPPPPPPPPPPYPPPPPPPPPPPPPPPPPPPPPPPPPYPPPPPPPPPPPPPPPPPPPPPPPPPPYPPPPPPPPPPPPPPPPPPPPPPPPPPPPPPPPP
122 YPPPPPPPPPPPYPPPPPPPPPPPYPPPPPPPPPPPYPPPPPPPPPPPPYPPPPPPPPPPPPYPPPPPPPPPPPPYPPPPPPPPPPPPYPPPPPPPPPPPPPYPPPPPPPPPPPPPPPPPPP
335 YPPPPPPPPPPPPPPPPPPPPPYPPPPPPPPPPPPPPPPPPPPPYPPPPPPPPPPPPPPPPPPPPPYPPPPPPPPPPPPPPPPPPPPPYPPPPPPPPPPPPPPPPPPPPPYPPPPPPPPPPPPPPPPPPPPPYPPPPPPPPPPPPPPPPPPPPPYPPPPPPPPPPPPPPPPPPPPPYPPPPPPPPPPPPPPPPPPPPPYPPPPPPPPPPPPPPPPPPPPPYPPPPPPPPPPPPPPPPPPPPPYPPPPPPPPPPPPPPPPPPPPPYPPPPPPPPPPPPPPPPPPPPPPYPPPPPPPPPPPPPPPPPPPPPPYPPPPPPPPPPPPPPPPPPPPPPPP
328 YPPPPPPPPPPPPPPPPPPPPPYPPPPPPPPPPPPPPPPPPPPPYPPPPPPPPPPPPPPPPPPPPPYPPPPPPPPPPPPPPPPPPPPPYPPPPPPPPPPPPPPPPPPPPPYPPPPPPPPPPPPPPPPPPPPPYPPPPPPPPPPPPPPPPPPPPPPYPPPPPPPPPPPPPPPPPPPPPPYPPPPPPPPPPPPPPPPPPPPPPYPPPPPPPPPPPPPPPPPPPPPPYPPPPPPPPPPPPPPPPPPPPPPYPPPPPPPPPPPPPPPPPPPPPPPYPPPPPPPPPPPPPPPPPPPPPPPYPPPPPPPPPPPPPPPPPPPPPPPPPPPPPPPP
305 YPPPPPPPPPPPPPPPPPYPPPPPPPPPPPPPPPPPYPPPPPPPPPPPPPPPPPYPPPPPPPPPPPPPPPPPYPPPPPPPPPPPPPPPPPYPPPPPPPPPPPPPPPPPYPPPPPPPPPPPPPPPPPYPPPPPPPPPPPPPPPPPYPPPPPPPPPPPPPPPPPPYPPPPPPPPPPPPPPPPPPYPPPPPPPPPPPPPPPPPPYPPPPPPPPPPPPPPPPPPYPPPPPPPPPPPPPPPPPPYPPPPPPPPPPPPPPPPPPPYPPPPPPPPPPPPPPPPPPPYPPPPPPPPPPPPPPPPPPPPPPPPP
423 YPPPPPPPPPPPPPPPPPPPPPPPPYPPPPPPPPPPPPPPPPPPPPPPPPYPPPPPPPPPPPPPPPPPPPPPPPPYPPPPPPPPPPPPPPPPPPPPPPPPYPPPPPPPPPPPPPPPPPPPPPPPPYPPPPPPPPPPPPPPPPPPPPPPPPYPPPPPPPPPPPPPPPPPPPPPPPPYPPPPPPPPPPPPPPPPPPPPPPPPYPPPPPPPPPPPPPPPPPPPPPPPPPYPPPPPPPPPPPPPPPPPPPPPPPPPYPPPPPPPPPPPPPPPPPPPPPPPPPYPPPPPPPPPPPPPPPPPPPPPPPPPYPPPPPPPPPPPPPPPPPPPPPPPPPPYPPPPPPPPPPPPPPPPPPPPPPPPPPYPPPPPPPPPPPPPPPPPPPPPPPPPPPYPPPPPPPPPPPPPPPPPPPPPPPPPPPPPPPPPPPP
287 YPPPPPPPPPPPPPPPPPPYPPPPPPPPPPPPPPPPPPYPPPPPPPPPPPPPPPPPPYPPPPPPPPPPPPPPPPPPYPPPPPPPPPPPPPPPPPPYPPPPPPPPPPPPPPPPPPYPPPPPPPPPPPPPPPPPPYPPPPPPPPPPPPPPPPPPYPPPPPPPPPPPPPPPPPPPYPPPPPPPPPPPPPPPPPPPYPPPPPPPPPPPPPPPPPPPYPPPPPPPPPPPPPPPPPPPPYPPPPPPPPPPPPPPPPPPPPPPYPPPPPPPPPPPPPPPPPPPPPPPPPPPPPP
294 YPPPPPPPPPPPPPPPPPPYPPPPPPPPPPPPPPPPPPYPPPPPPPPPPPPPPPPPPYPPPPPPPPPPPPPPPPPPYPPPPPPPPPPPPPPPPPPYPPPPPPPPPPPPPPPPPPYPPPPPPPPPPPPPPPPPPYPPPPPPPPPPPPPPPPPPYPPPPPPPPPPPPPPPPPPYPPPPPPPPPPPPPPPPPPYPPPPPPPPPPPPPPPPPPYPPPPPPPPPPPPPPPPPPPYPPPPPPPPPPPPPPPPPPPPYPPPPPPPPPPPPPPPPPPPPYPPPPPPPPPPPPPPPPPPPPPP
98 YPPPPPPPPPYPPPPPPPPPYPPPPPPPPPYPPPPPPPPPYPPPPPPPPPYPPPPPPPPPYPPPPPPPPPYPPPPPPPPPYPPPPPPPPPPPPPPPPP
271 YPPPPPPPPPPPPPPPPPYPPPPPPPPPPPPPPPPPYPPPPPPPPPPPPPPPPPYPPPPPPPPPPPPPPPPPYPPPPPPPPPPPPPPPPPYPPPPPPPPPPPPPPPPPYPPPPPPPPPPPPPPPPPYPPPPPPPPPPPPPPPPPPYPPPPPPPPPPPPPPPPPPYPPPPPPPPPPPPPPPPPPYPPPPPPPPPPPPPPPPPPYPPPPPPPPPPPPPPPPPPPYPPPPPPPPPPPPPPPPPPPPPYPPPPPPPPPPPPPPPPPPPPPPPPPP
113 YPPPPPPPPPYPPPPPPPPPYPPPPPPPPPYPPPPPPPPPYPPPPPPPPPYPPPPPPPPPYPPPPPPPPPPYPPPPPPPPPPYPPPPPPPPPPPPYPPPPPPPPPPPPPPPPP
385 YPPPPPPPPPPPPPPPPPPPYPPPPPPPPPPPPPPPPPPPYPPPPPPPPPPPPPPPPPPPPYPPPPPPPPPPPPPPPPPPPPYPPPPPPPPPPPPPPPPPPPPYPPPPPPPPPPPPPPPPPPPPYPPPPPPPPPPPPPPPPPPPPYPPPPPPPPPPPPPPPPPPPPYPPPPPPPPPPPPPPPPPPPPYPPPPPPPPPPPPPPPPPPPPYPPPPPPPPPPPPPPPPPPPPYPPPPPPPPPPPPPPPPPPPPYPPPPPPPPPPPPPPPPPPPPYPPPPPPPPPPPPPPPPPPPPYPPPPPPPPPPPPPPPPPPPPPYPPPPPPPPPPPPPPPPPPPPPYPPPPPPPPPPPPPPPPPPPPPPYPPPPPPPPPPPPPPPPPPPPPPPPP
420 YPPPPPPPPPPPPPPPPPPPPPPPPPYPPPPPPPPPPPPPPPPPPPPPPPPPYPPPPPPPPPPPPPPPPPPPPPPPPPYPPPPPPPPPPPPPPPPPPPPPPPPPYPPPPPPPPPPPPPPPPPPPPPPPPPYPPPPPPPPPPPPPPPPPPPPPPPPPYPPPPPPPPPPPPPPPPPPPPPPPPPYPPPPPPPPPPPPPPPPPPPPPPPPPYPPPPPPPPPPPPPPPPPPPPPPPPPYPPPPPPPPPPPPPPPPPPPPPPPPPYPPPPPPPPPPPPPPPPPPPPPPPPPYPPPPPPPPPPPPPPPPPPPPPPPPPYPPPPPPPPPPPPPPPPPPPPPPPPPYPPPPPPPPPPPPPPPPPPPPPPPPPYPPPPPPPPPPPPPPPPPPPPPPPPPPPYPPPPPPPPPPPPPPPPPPPPPPPPPPP
89 YPPPPPPPPYPPPPPPPPYPPPPPPPPYPPPPPPPPPYPPPPPPPPPYPPPPPPPPPYPPPPPPPPPYPPPPPPPPPPYPPPPPPPPPP
421 YPPPPPPPPPPPPPPPPPPPPPPPPYPPPPPPPPPPPPPPPPPPPPPPPPYPPPPPPPPPPPPPPPPPPPPPPPPYPPPPPPPPPPPPPPPPPPPPPPPPYPPPPPPPPPPPPPPPPPPPPPPPPYPPPPPPPPPPPPPPPPPPPPPPPPYPPPPPPPPPPPPPPPPPPPPPPPPYPPPPPPPPPPPPPPPPPPPPPPPPPYPPPPPPPPPPPPPPPPPPPPPPPPPYPPPPPPPPPPPPPPPPPPPPPPPPPYPPPPPPPPPPPPPPPPPPPPPPPPPYPPPPPPPPPPPPPPPPPPPPPPPPPYPPPPPPPPPPPPPPPPPPPPPPPPPYPPPPPPPPPPPPPPPPPPPPPPPPPYPPPPPPPPPPPPPPPPPPPPPPPPPPYPPPPPPPPPPPPPPPPPPPPPPPPPPPPPPPPPPPP
368 YPPPPPPPPPPPPPPPPPPPPPYPPPPPPPPPPPPPPPPPPPPPYPPPPPPPPPPPPPPPPPPPPPYPPPPPPPPPPPPPPPPPPPPPYPPPPPPPPPPPPPPPPPPPPPPYPPPPPPPPPPPPPPPPPPPPPPYPPPPPPPPPPPPPPPPPPPPPPYPPPPPPPPPPPPPPPPPPPPPPYPPPPPPPPPPPPPPPPPPPPPPYPPPPPPPPPPPPPPPPPPPPPPYPPPPPPPPPPPPPPPPPPPPPPYPPPPPPPPPPPPPPPPPPPPPPYPPPPPPPPPPPPPPPPPPPPPPYPPPPPPPPPPPPPPPPPPPPPPPYPPPPPPPPPPPPPPPPPPPPPPPYPPPPPPPPPPPPPPPPPPPPPPPP
417 YPPPPPPPPPPPPPPPPPPPPPPPPYPPPPPPPPPPPPPPPPPPPPPPPPYPPPPPPPPPPPPPPPPPPPPPPPPYPPPPPPPPPPPPPPPPPPPPPPPPYPPPPPPPPPPPPPPPPPPPPPPPPYPPPPPPPPPPPPPPPPPPPPPPPPYPPPPPPPPPPPPPPPPPPPPPPPPYPPPPPPPPPPPPPPPPPPPPPPPPYPPPPPPPPPPPPPPPPPPPPPPPPYPPPPPPPPPPPPPPPPPPPPPPPPYPPPPPPPPPPPPPPPPPPPPPPPPYPPPPPPPPPPPPPPPPPPPPPPPPYPPPPPPPPPPPPPPPPPPPPPPPPYPPPPPPPPPPPPPPPPPPPPPPPPPYPPPPPPPPPPPPPPPPPPPPPPPPPPPYPPPPPPPPPPPPPPPPPPPPPPPPPPPPPPPPPPPPP
212 YPPPPPPPPPPPPPPYPPPPPPPPPPPPPPYPPPPPPPPPPPPPPYPPPPPPPPPPPPPPYPPPPPPPPPPPPPPYPPPPPPPPPPPPPPYPPPPPPPPPPPPPPYPPPPPPPPPPPPPPPYPPPPPPPPPPPPPPPYPPPPPPPPPPPPPPPYPPPPPPPPPPPPPPPYPPPPPPPPPPPPPPPPPYPPPPPPPPPPPPPPPPPPPPPPPP
297 YPPPPPPPPPPPPPPPPPPPYPPPPPPPPPPPPPPPPPPPYPPPPPPPPPPPPPPPPPPPYPPPPPPPPPPPPPPPPPPPYPPPPPPPPPPPPPPPPPPPYPPPPPPPPPPPPPPPPPPPYPPPPPPPPPPPPPPPPPPPYPPPPPPPPPPPPPPPPPPPYPPPPPPPPPPPPPPPPPPPYPPPPPPPPPPPPPPPPPPPYPPPPPPPPPPPPPPPPPPPYPPPPPPPPPPPPPPPPPPPPYPPPPPPPPPPPPPPPPPPPPPPPPYPPPPPPPPPPPPPPPPPPPPPPPPPPPPPP
245 YPPPPPPPPPPPPPPPPYPPPPPPPPPPPPPPPPYPPPPPPPPPPPPPPPPPYPPPPPPPPPPPPPPPPPYPPPPPPPPPPPPPPPPPYPPPPPPPPPPPPPPPPPYPPPPPPPPPPPPPPPPPYPPPPPPPPPPPPPPPPPYPPPPPPPPPPPPPPPPPYPPPPPPPPPPPPPPPPPYPPPPPPPPPPPPPPPPPPPYPPPPPPPPPPPPPPPPPPPPYPPPPPPPPPPPPPPPPPPPPPPPPP
415 YPPPPPPPPPPPPPPPPPPPPPPPPYPPPPPPPPPPPPPPPPPPPPPPPPYPPPPPPPPPPPPPPPPPPPPPPPPYPPPPPPPPPPPPPPPPPPPPPPPPYPPPPPPPPPPPPPPPPPPPPPPPPYPPPPPPPPPPPPPPPPPPPPPPPPYPPPPPPPPPPPPPPPPPPPPPPPPYPPPPPPPPPPPPPPPPPPPPPPPPYPPPPPPPPPPPPPPPPPPPPPPPPYPPPPPPPPPPPPPPPPPPPPPPPPYPPPPPPPPPPPPPPPPPPPPPPPPYPPPPPPPPPPPPPPPPPPPPPPPPYPPPPPPPPPPPPPPPPPPPPPPPPYPPPPPPPPPPPPPPPPPPPPPPPPYPPPPPPPPPPPPPPPPPPPPPPPPPPPPYPPPPPPPPPPPPPPPPPPPPPPPPPPPPPPPPPPP
311 YPPPPPPPPPPPPPPPPPYPPPPPPPPPPPPPPPPPYPPPPPPPPPPPPPPPPPPYPPPPPPPPPPPPPPPPPPYPPPPPPPPPPPPPPPPPPYPPPPPPPPPPPPPPPPPPYPPPPPPPPPPPPPPPPPPYPPPPPPPPPPPPPPPPPPYPPPPPPPPPPPPPPPPPPYPPPPPPPPPPPPPPPPPPYPPPPPPPPPPPPPPPPPPYPPPPPPPPPPPPPPPPPPYPPPPPPPPPPPPPPPPPPYPPPPPPPPPPPPPPPPPPPYPPPPPPPPPPPPPPPPPPPPYPPPPPPPPPPPPPPPPPPPPPPPP
357 YPPPPPPPPPPPPPPPPPPPYPPPPPPPPPPPPPPPPPPPYPPPPPPPPPPPPPPPPPPPYPPPPPPPPPPPPPPPPPPPYPPPPPPPPPPPPPPPPPPPYPPPPPPPPPPPPPPPPPPPYPPPPPPPPPPPPPPPPPPPYPPPPPPPPPPPPPPPPPPPYPPPPPPPPPPPPPPPPPPPYPPPPPPPPPPPPPPPPPPPYPPPPPPPPPPPPPPPPPPPPYPPPPPPPPPPPPPPPPPPPPYPPPPPPPPPPPPPPPPPPPPYPPPPPPPPPPPPPPPPPPPPYPPPPPPPPPPPPPPPPPPPPYPPPPPPPPPPPPPPPPPPPPPYPPPPPPPPPPPPPPPPPPPPPPPPPPPPP
358 YPPPPPPPPPPPPPPPPPPPPPPYPPPPPPPPPPPPPPPPPPPPPPYPPPPPPPPPPPPPPPPPPPPPPYPPPPPPPPPPPPPPPPPPPPPPYPPPPPPPPPPPPPPPPPPPPPPYPPPPPPPPPPPPPPPPPPPPPPYPPPPPPPPPPPPPPPPPPPPPPPYPPPPPPPPPPPPPPPPPPPPPPPYPPPPPPPPPPPPPPPPPPPPPPPYPPPPPPPPPPPPPPPPPPPPPPPYPPPPPPPPPPPPPPPPPPPPPPPYPPPPPPPPPPPPPPPPPPPPPPPYPPPPPPPPPPPPPPPPPPPPPPPYPPPPPPPPPPPPPPPPPPPPPPPYPPPPPPPPPPPPPPPPPPPPPPPPPPP
151 YPPPPPPPPPPPPPYPPPPPPPPPPPPPYPPPPPPPPPPPPPYPPPPPPPPPPPPPYPPPPPPPPPPPPPYPPPPPPPPPPPPPYPPPPPPPPPPPPPYPPPPPPPPPPPPPYPPPPPPPPPPPPPPPPPYPPPPPPPPPPPPPPPPPPPP
135 YPPPPPPPPPPPYPPPPPPPPPPPYPPPPPPPPPPPYPPPPPPPPPPPYPPPPPPPPPPPPYPPPPPPPPPPPPYPPPPPPPPPPPPYPPPPPPPPPPPPPYPPPPPPPPPPPPPYPPPPPPPPPPPPPPPPPPP
367 YPPPPPPPPPPPPPPPPPPPPYPPPPPPPPPPPPPPPPPPPPYPPPPPPPPPPPPPPPPPPPPYPPPPPPPPPPPPPPPPPPPPPYPPPPPPPPPPPPPPPPPPPPPYPPPPPPPPPPPPPPPPPPPPPYPPPPPPPPPPPPPPPPPPPPPYPPPPPPPPPPPPPPPPPPPPPYPPPPPPPPPPPPPPPPPPPPPYPPPPPPPPPPPPPPPPPPPPPYPPPPPPPPPPPPPPPPPPPPPYPPPPPPPPPPPPPPPPPPPPPYPPPPPPPPPPPPPPPPPPPPPPYPPPPPPPPPPPPPPPPPPPPPPYPPPPPPPPPPPPPPPPPPPPPPPPPYPPPPPPPPPPPPPPPPPPPPPPPPPPPPPPPPP
193 YPPPPPPPPPPPPYPPPPPPPPPPPPPYPPPPPPPPPPPPPYPPPPPPPPPPPPPYPPPPPPPPPPPPPYPPPPPPPPPPPPPYPPPPPPPPPPPPPYPPPPPPPPPPPPPYPPPPPPPPPPPPPYPPPPPPPPPPPPPYPPPPPPPPPPPPPYPPPPPPPPPPPPPPPPPYPPPPPPPPPPPPPPPPPPPPP
290 YPPPPPPPPPPPPPPPPPPPYPPPPPPPPPPPPPPPPPPPYPPPPPPPPPPPPPPPPPPPYPPPPPPPPPPPPPPPPPPPYPPPPPPPPPPPPPPPPPPPYPPPPPPPPPPPPPPPPPPPYPPPPPPPPPPPPPPPPPPPYPPPPPPPPPPPPPPPPPPPYPPPPPPPPPPPPPPPPPPPYPPPPPPPPPPPPPPPPPPPYPPPPPPPPPPPPPPPPPPPYPPPPPPPPPPPPPPPPPPPPYPPPPPPPPPPPPPPPPPPPPPPYPPPPPPPPPPPPPPPPPPPPPPPPP
319 YPPPPPPPPPPPPPPPPPPYPPPPPPPPPPPPPPPPPPYPPPPPPPPPPPPPPPPPPYPPPPPPPPPPPPPPPPPPYPPPPPPPPPPPPPPPPPPYPPPPPPPPPPPPPPPPPPYPPPPPPPPPPPPPPPPPPPYPPPPPPPPPPPPPPPPPPPYPPPPPPPPPPPPPPPPPPPYPPPPPPPPPPPPPPPPPPPYPPPPPPPPPPPPPPPPPPPYPPPPPPPPPPPPPPPPPPPYPPPPPPPPPPPPPPPPPPPYPPPPPPPPPPPPPPPPPPPYPPPPPPPPPPPPPPPPPPPPYPPPPPPPPPPPPPPPPPPPPPPP
264 YPPPPPPPPPPPPPPPPPYPPPPPPPPPPPPPPPPPYPPPPPPPPPPPPPPPPPYPPPPPPPPPPPPPPPPPYPPPPPPPPPPPPPPPPPYPPPPPPPPPPPPPPPPPYPPPPPPPPPPPPPPPPPYPPPPPPPPPPPPPPPPPYPPPPPPPPPPPPPPPPPYPPPPPPPPPPPPPPPPPYPPPPPPPPPPPPPPPPPPYPPPPPPPPPPPPPPPPPPYPPPPPPPPPPPPPPPPPPYPPPPPPPPPPPPPPPPPPPPPPPPPP
264 YPPPPPPPPPPPPPPPPPPPPPYPPPPPPPPPPPPPPPPPPPPPYPPPPPPPPPPPPPPPPPPPPPYPPPPPPPPPPPPPPPPPPPPPYPPPPPPPPPPPPPPPPPPPPPYPPPPPPPPPPPPPPPPPPPPPYPPPPPPPPPPPPPPPPPPPPPYPPPPPPPPPPPPPPPPPPPPPYPPPPPPPPPPPPPPPPPPPPPYPPPPPPPPPPPPPPPPPPPPPYPPPPPPPPPPPPPPPPPPPPPYPPPPPPPPPPPPPPPPPPPPP
344 YPPPPPPPPPPPPPPPPPPYPPPPPPPPPPPPPPPPPPYPPPPPPPPPPPPPPPPPPYPPPPPPPPPPPPPPPPPPYPPPPPPPPPPPPPPPPPPYPPPPPPPPPPPPPPPPPPYPPPPPPPPPPPPPPPPPPYPPPPPPPPPPPPPPPPPPYPPPPPPPPPPPPPPPPPPPYPPPPPPPPPPPPPPPPPPPYPPPPPPPPPPPPPPPPPPPYPPPPPPPPPPPPPPPPPPPYPPPPPPPPPPPPPPPPPPPYPPPPPPPPPPPPPPPPPPPYPPPPPPPPPPPPPPPPPPPYPPPPPPPPPPPPPPPPPPPPPYPPPPPPPPPPPPPPPPPPPPPPPPPPPPP
398 YPPPPPPPPPPPPPPPPPPPPPPPPPYPPPPPPPPPPPPPPPPPPPPPPPPPYPPPPPPPPPPPPPPPPPPPPPPPPPYPPPPPPPPPPPPPPPPPPPPPPPPPYPPPPPPPPPPPPPPPPPPPPPPPPPYPPPPPPPPPPPPPPPPPPPPPPPPPYPPPPPPPPPPPPPPPPPPPPPPPPPYPPPPPPPPPPPPPPPPPPPPPPPPPYPPPPPPPPPPPPPPPPPPPPPPPPPPYPPPPPPPPPPPPPPPPPPPPPPPPPPYPPPPPPPPPPPPPPPPPPPPPPPPPPYPPPPPPPPPPPPPPPPPPPPPPPPPPYPPPPPPPPPPPPPPPPPPPPPPPPPPYPPPPPPPPPPPPPPPPPPPPPPPPPPYPPPPPPPPPPPPPPPPPPPPPPPPPPP
424 YPPPPPPPPPPPPPPPPPPPPPPPPPYPPPPPPPPPPPPPPPPPPPPPPPPPYPPPPPPPPPPPPPPPPPPPPPPPPPYPPPPPPPPPPPPPPPPPPPPPPPPPYPPPPPPPPPPPPPPPPPPPPPPPPPYPPPPPPPPPPPPPPPPPPPPPPPPPYPPPPPPPPPPPPPPPPPPPPPPPPPYPPPPPPPPPPPPPPPPPPPPPPPPPYPPPPPPPPPPPPPPPPPPPPPPPPPYPPPPPPPPPPPPPPPPPPPPPPPPPYPPPPPPPPPPPPPPPPPPPPPPPPPPYPPPPPPPPPPPPPPPPPPPPPPPPPPYPPPPPPPPPPPPPPPPPPPPPPPPPPYPPPPPPPPPPPPPPPPPPPPPPPPPPYPPPPPPPPPPPPPPPPPPPPPPPPPPYPPPPPPPPPPPPPPPPPPPPPPPPPPPP
371 YPPPPPPPPPPPPPPPPPPPYPPPPPPPPPPPPPPPPPPPYPPPPPPPPPPPPPPPPPPPYPPPPPPPPPPPPPPPPPPPYPPPPPPPPPPPPPPPPPPPYPPPPPPPPPPPPPPPPPPPPYPPPPPPPPPPPPPPPPPPPPYPPPPPPPPPPPPPPPPPPPPYPPPPPPPPPPPPPPPPPPPPYPPPPPPPPPPPPPPPPPPPPYPPPPPPPPPPPPPPPPPPPPYPPPPPPPPPPPPPPPPPPPPYPPPPPPPPPPPPPPPPPPPPYPPPPPPPPPPPPPPPPPPPPPYPPPPPPPPPPPPPPPPPPPPPYPPPPPPPPPPPPPPPPPPPPPPYPPPPPPPPPPPPPPPPPPPPPPPPPPPPPPPPPPP
266 YPPPPPPPPPPPPPPPPPPPPYPPPPPPPPPPPPPPPPPPPPYPPPPPPPPPPPPPPPPPPPPYPPPPPPPPPPPPPPPPPPPPYPPPPPPPPPPPPPPPPPPPPYPPPPPPPPPPPPPPPPPPPPYPPPPPPPPPPPPPPPPPPPPPYPPPPPPPPPPPPPPPPPPPPPYPPPPPPPPPPPPPPPPPPPPPYPPPPPPPPPPPPPPPPPPPPPPYPPPPPPPPPPPPPPPPPPPPPPPYPPPPPPPPPPPPPPPPPPPPPPPPPP
365 YPPPPPPPPPPPPPPPPPPPPPYPPPPPPPPPPPPPPPPPPPPPYPPPPPPPPPPPPPPPPPPPPPYPPPPPPPPPPPPPPPPPPPPPYPPPPPPPPPPPPPPPPPPPPPYPPPPPPPPPPPPPPPPPPPPPYPPPPPPPPPPPPPPPPPPPPPYPPPPPPPPPPPPPPPPPPPPPPYPPPPPPPPPPPPPPPPPPPPPPYPPPPPPPPPPPPPPPPPPPPPPYPPPPPPPPPPPPPPPPPPPPPPYPPPPPPPPPPPPPPPPPPPPPPYPPPPPPPPPPPPPPPPPPPPPPYPPPPPPPPPPPPPPPPPPPPPPYPPPPPPPPPPPPPPPPPPPPPPPYPPPPPPPPPPPPPPPPPPPPPPPPP
426 YPPPPPPPPPPPPPPPPPPPPPYPPPPPPPPPPPPPPPPPPPPPYPPPPPPPPPPPPPPPPPPPPPPYPPPPPPPPPPPPPPPPPPPPPPYPPPPPPPPPPPPPPPPPPPPPPYPPPPPPPPPPPPPPPPPPPPPPYPPPPPPPPPPPPPPPPPPPPPPYPPPPPPPPPPPPPPPPPPPPPPYPPPPPPPPPPPPPPPPPPPPPPYPPPPPPPPPPPPPPPPPPPPPPYPPPPPPPPPPPPPPPPPPPPPPYPPPPPPPPPPPPPPPPPPPPPPYPPPPPPPPPPPPPPPPPPPPPPYPPPPPPPPPPPPPPPPPPPPPPYPPPPPPPPPPPPPPPPPPPPPPYPPPPPPPPPPPPPPPPPPPPPPPYPPPPPPPPPPPPPPPPPPPPPPPPPYPPPPPPPPPPPPPPPPPPPPPPPPPPPPPPPP
89 YPPPPPPPPYPPPPPPPPYPPPPPPPPYPPPPPPPPYPPPPPPPPYPPPPPPPPYPPPPPPPPPYPPPPPPPPPPYPPPPPPPPPPPPP
134 YPPPPPPPPPPYPPPPPPPPPPYPPPPPPPPPPYPPPPPPPPPPYPPPPPPPPPPYPPPPPPPPPPYPPPPPPPPPPPYPPPPPPPPPPPYPPPPPPPPPPPPYPPPPPPPPPPPPPYPPPPPPPPPPPPPPPP
212 YPPPPPPPPPPPPPPPPPPYPPPPPPPPPPPPPPPPPPYPPPPPPPPPPPPPPPPPPYPPPPPPPPPPPPPPPPPPYPPPPPPPPPPPPPPPPPPYPPPPPPPPPPPPPPPPPPYPPPPPPPPPPPPPPPPPPYPPPPPPPPPPPPPPPPPPYPPPPPPPPPPPPPPPPPPPYPPPPPPPPPPPPPPPPPPPYPPPPPPPPPPPPPPPPPPP
315 YPPPPPPPPPPPPPPPPPPYPPPPPPPPPPPPPPPPPPYPPPPPPPPPPPPPPPPPPYPPPPPPPPPPPPPPPPPPYPPPPPPPPPPPPPPPPPPYPPPPPPPPPPPPPPPPPPYPPPPPPPPPPPPPPPPPPYPPPPPPPPPPPPPPPPPPYPPPPPPPPPPPPPPPPPPYPPPPPPPPPPPPPPPPPPYPPPPPPPPPPPPPPPPPPPYPPPPPPPPPPPPPPPPPPPYPPPPPPPPPPPPPPPPPPPYPPPPPPPPPPPPPPPPPPPPYPPPPPPPPPPPPPPPPPPPPYPPPPPPPPPPPPPPPPPPPPPP
219 YPPPPPPPPPPPPPPPPYPPPPPPPPPPPPPPPPYPPPPPPPPPPPPPPPPYPPPPPPPPPPPPPPPPYPPPPPPPPPPPPPPPPYPPPPPPPPPPPPPPPPYPPPPPPPPPPPPPPPPPYPPPPPPPPPPPPPPPPPYPPPPPPPPPPPPPPPPPYPPPPPPPPPPPPPPPPPPYPPPPPPPPPPPPPPPPPPYPPPPPPPPPPPPPPPPPPPPPPPP
426 YPPPPPPPPPPPPPPPPPPPPPPYPPPPPPPPPPPPPPPPPPPPPPYPPPPPPPPPPPPPPPPPPPPPPYPPPPPPPPPPPPPPPPPPPPPPYPPPPPPPPPPPPPPPPPPPPPPYPPPPPPPPPPPPPPPPPPPPPPYPPPPPPPPPPPPPPPPPPPPPPYPPPPPPPPPPPPPPPPPPPPPPYPPPPPPPPPPPPPPPPPPPPPPYPPPPPPPPPPPPPPPPPPPPPPYPPPPPPPPPPPPPPPPPPPPPPYPPPPPPPPPPPPPPPPPPPPPPPYPPPPPPPPPPPPPPPPPPPPPPPYPPPPPPPPPPPPPPPPPPPPPPPYPPPPPPPPPPPPPPPPPPPPPPPYPPPPPPPPPPPPPPPPPPPPPPPYPPPPPPPPPPPPPPPPPPPPPPPYPPPPPPPPPPPPPPPPPPPPPPPPPPPP
383 YPPPPPPPPPPPPPPPPPPPPPPPPPYPPPPPPPPPPPPPPPPPPPPPPPPPYPPPPPPPPPPPPPPPPPPPPPPPPPPYPPPPPPPPPPPPPPPPPPPPPPPPPPYPPPPPPPPPPPPPPPPPPPPPPPPPPYPPPPPPPPPPPPPPPPPPPPPPPPPPYPPPPPPPPPPPPPPPPPPPPPPPPPPYPPPPPPPPPPPPPPPPPPPPPPPPPPYPPPPPPPPPPPPPPPPPPPPPPPPPPYPPPPPPPPPPPPPPPPPPPPPPPPPPYPPPPPPPPPPPPPPPPPPPPPPPPPPYPPPPPPPPPPPPPPPPPPPPPPPPPPYPPPPPPPPPPPPPPPPPPPPPPPPPPPYPPPPPPPPPPPPPPPPPPPPPPPPPPPPPPPP
388 YPPPPPPPPPPPPPPPPPPPPPPYPPPPPPPPPPPPPPPPPPPPPPYPPPPPPPPPPPPPPPPPPPPPPYPPPPPPPPPPPPPPPPPPPPPPYPPPPPPPPPPPPPPPPPPPPPPYPPPPPPPPPPPPPPPPPPPPPPYPPPPPPPPPPPPPPPPPPPPPPYPPPPPPPPPPPPPPPPPPPPPPYPPPPPPPPPPPPPPPPPPPPPPYPPPPPPPPPPPPPPPPPPPPPPYPPPPPPPPPPPPPPPPPPPPPPPYPPPPPPPPPPPPPPPPPPPPPPPYPPPPPPPPPPPPPPPPPPPPPPPYPPPPPPPPPPPPPPPPPPPPPPPYPPPPPPPPPPPPPPPPPPPPPPPPPPYPPPPPPPPPPPPPPPPPPPPPPPPPPPPPPPPPP
285 YPPPPPPPPPPPPPPPPPYPPPPPPPPPPPPPPPPPYPPPPPPPPPPPPPPPPPPYPPPPPPPPPPPPPPPPPPYPPPPPPPPPPPPPPPPPPYPPPPPPPPPPPPPPPPPPYPPPPPPPPPPPPPPPPPPYPPPPPPPPPPPPPPPPPPYPPPPPPPPPPPPPPPPPPYPPPPPPPPPPPPPPPPPPYPPPPPPPPPPPPPPPPPPYPPPPPPPPPPPPPPPPPPYPPPPPPPPPPPPPPPPPPYPPPPPPPPPPPPPPPPPPPYPPPPPPPPPPPPPPPPPPP
214 YPPPPPPPPPPPPPPPPYPPPPPPPPPPPPPPPPYPPPPPPPPPPPPPPPPYPPPPPPPPPPPPPPPPYPPPPPPPPPPPPPPPPYPPPPPPPPPPPPPPPPYPPPPPPPPPPPPPPPPYPPPPPPPPPPPPPPPPPYPPPPPPPPPPPPPPPPPYPPPPPPPPPPPPPPPPPYPPPPPPPPPPPPPPPPPPYPPPPPPPPPPPPPPPPPPPPP
220 YPPPPPPPPPPPPPPPPPPYPPPPPPPPPPPPPPPPPPYPPPPPPPPPPPPPPPPPPYPPPPPPPPPPPPPPPPPPYPPPPPPPPPPPPPPPPPPYPPPPPPPPPPPPPPPPPPYPPPPPPPPPPPPPPPPPPYPPPPPPPPPPPPPPPPPPYPPPPPPPPPPPPPPPPPPYPPPPPPPPPPPPPPPPPPPPPPYPPPPPPPPPPPPPPPPPPPPPPPPP
399 YPPPPPPPPPPPPPPPPPPPPPYPPPPPPPPPPPPPPPPPPPPPYPPPPPPPPPPPPPPPPPPPPPYPPPPPPPPPPPPPPPPPPPPPPYPPPPPPPPPPPPPPPPPPPPPPYPPPPPPPPPPPPPPPPPPPPPPYPPPPPPPPPPPPPPPPPPPPPPYPPPPPPPPPPPPPPPPPPPPPPYPPPPPPPPPPPPPPPPPPPPPPYPPPPPPPPPPPPPPPPPPPPPPYPPPPPPPPPPPPPPPPPPPPPPYPPPPPPPPPPPPPPPPPPPPPPYPPPPPPPPPPPPPPPPPPPPPPYPPPPPPPPPPPPPPPPPPPPPPPYPPPPPPPPPPPPPPPPPPPPPPPYPPPPPPPPPPPPPPPPPPPPPPPPYPPPPPPPPPPPPPPPPPPPPPPPPPPPPP
262 YPPPPPPPPPPPPPPPPPPYPPPPPPPPPPPPPPPPPPYPPPPPPPPPPPPPPPPPPYPPPPPPPPPPPPPPPPPPYPPPPPPPPPPPPPPPPPPYPPPPPPPPPPPPPPPPPPPYPPPPPPPPPPPPPPPPPPPYPPPPPPPPPPPPPPPPPPPYPPPPPPPPPPPPPPPPPPPYPPPPPPPPPPPPPPPPPPPYPPPPPPPPPPPPPPPPPPPYPPPPPPPPPPPPPPPPPPPPPYPPPPPPPPPPPPPPPPPPPPPPPP
133 YPPPPPPPPPPPPYPPPPPPPPPPPPYPPPPPPPPPPPPPYPPPPPPPPPPPPPYPPPPPPPPPPPPPYPPPPPPPPPPPPPYPPPPPPPPPPPPPPYPPPPPPPPPPPPPPPYPPPPPPPPPPPPPPPPPPP
306 YPPPPPPPPPPPPPPPPPPPPPPYPPPPPPPPPPPPPPPPPPPPPPYPPPPPPPPPPPPPPPPPPPPPPYPPPPPPPPPPPPPPPPPPPPPPYPPPPPPPPPPPPPPPPPPPPPPYPPPPPPPPPPPPPPPPPPPPPPYPPPPPPPPPPPPPPPPPPPPPPYPPPPPPPPPPPPPPPPPPPPPPYPPPPPPPPPPPPPPPPPPPPPPYPPPPPPPPPPPPPPPPPPPPPPYPPPPPPPPPPPPPPPPPPPPPPPYPPPPPPPPPPPPPPPPPPPPPPPPYPPPPPPPPPPPPPPPPPPPPPPPPPP
324 YPPPPPPPPPPPPPPPPPPPYPPPPPPPPPPPPPPPPPPPYPPPPPPPPPPPPPPPPPPPYPPPPPPPPPPPPPPPPPPPPYPPPPPPPPPPPPPPPPPPPPYPPPPPPPPPPPPPPPPPPPPYPPPPPPPPPPPPPPPPPPPPYPPPPPPPPPPPPPPPPPPPPYPPPPPPPPPPPPPPPPPPPPYPPPPPPPPPPPPPPPPPPPPYPPPPPPPPPPPPPPPPPPPPYPPPPPPPPPPPPPPPPPPPPYPPPPPPPPPPPPPPPPPPPPPYPPPPPPPPPPPPPPPPPPPPPPPYPPPPPPPPPPPPPPPPPPPPPPPPPPPP
314 YPPPPPPPPPPPPPPPPPPPPPPYPPPPPPPPPPPPPPPPPPPPPPYPPPPPPPPPPPPPPPPPPPPPPYPPPPPPPPPPPPPPPPPPPPPPYPPPPPPPPPPPPPPPPPPPPPPYPPPPPPPPPPPPPPPPPPPPPPYPPPPPPPPPPPPPPPPPPPPPPPYPPPPPPPPPPPPPPPPPPPPPPPYPPPPPPPPPPPPPPPPPPPPPPPYPPPPPPPPPPPPPPPPPPPPPPPYPPPPPPPPPPPPPPPPPPPPPPPYPPPPPPPPPPPPPPPPPPPPPPPPYPPPPPPPPPPPPPPPPPPPPPPPPPPPPPP
