477 YPPPPPPPPPPPPPPPPPPPPPPPPPPYPPPPPPPPPPPPPPPPPPPPPPPPPPYPPPPPPPPPPPPPPPPPPPPPPPPPPYPPPPPPPPPPPPPPPPPPPPPPPPPPYPPPPPPPPPPPPPPPPPPPPPPPPPPYPPPPPPPPPPPPPPPPPPPPPPPPPPYPPPPPPPPPPPPPPPPPPPPPPPPPPYPPPPPPPPPPPPPPPPPPPPPPPPPPYPPPPPPPPPPPPPPPPPPPPPPPPPPYPPPPPPPPPPPPPPPPPPPPPPPPPPPYPPPPPPPPPPPPPPPPPPPPPPPPPPPYPPPPPPPPPPPPPPPPPPPPPPPPPPPYPPPPPPPPPPPPPPPPPPPPPPPPPPPYPPPPPPPPPPPPPPPPPPPPPPPPPPPYPPPPPPPPPPPPPPPPPPPPPPPPPPPPYPPPPPPPPPPPPPPPPPPPPPPPPPPPPYPPPPPPPPPPPPPPPPPPPPPPPPPPPPPPPPPPP
36 YPPPPPPPPYPPPPPPPYPPPPYPPPPYPPPPPPPP
26 YPPPPPPYPPPPPYPPPPYPPPPPPP
9 YPPYPYPPP
32 YPPPPPPYPPPPPYPPPPYPPPYPPPPPPPPP
34 YPPPPPPYPPPPYPPPPYPPPPYPPPPYPPPPPP
18 YPPPPPYPPPPYPPPPPP
34 YPPPPPPPYPPPPPYPPPPPYPPPPYPPPPPPPP
7 YPPYPPP
13 YPPPYPPYPPPPP
420 YPPPPPPPPPPPPPPPPPPPPPPPPYPPPPPPPPPPPPPPPPPPPPPPPPYPPPPPPPPPPPPPPPPPPPPPPPPYPPPPPPPPPPPPPPPPPPPPPPPPYPPPPPPPPPPPPPPPPPPPPPPPPYPPPPPPPPPPPPPPPPPPPPPPPPYPPPPPPPPPPPPPPPPPPPPPPPPYPPPPPPPPPPPPPPPPPPPPPPPPYPPPPPPPPPPPPPPPPPPPPPPPPPYPPPPPPPPPPPPPPPPPPPPPPPPPYPPPPPPPPPPPPPPPPPPPPPPPPPYPPPPPPPPPPPPPPPPPPPPPPPPPYPPPPPPPPPPPPPPPPPPPPPPPPPYPPPPPPPPPPPPPPPPPPPPPPPPPYPPPPPPPPPPPPPPPPPPPPPPPPPPPYPPPPPPPPPPPPPPPPPPPPPPPPPPPPPPPPPPP
287 YPPPPPPPPPPPPPPPPPYPPPPPPPPPPPPPPPPPYPPPPPPPPPPPPPPPPPYPPPPPPPPPPPPPPPPPYPPPPPPPPPPPPPPPPPYPPPPPPPPPPPPPPPPPYPPPPPPPPPPPPPPPPPYPPPPPPPPPPPPPPPPPYPPPPPPPPPPPPPPPPPPYPPPPPPPPPPPPPPPPPPYPPPPPPPPPPPPPPPPPPYPPPPPPPPPPPPPPPPPPYPPPPPPPPPPPPPPPPPPYPPPPPPPPPPPPPPPPPPPPYPPPPPPPPPPPPPPPPPPPPPPPPPP
272 YPPPPPPPPPPPPPPPPPPPYPPPPPPPPPPPPPPPPPPPYPPPPPPPPPPPPPPPPPPPYPPPPPPPPPPPPPPPPPPPYPPPPPPPPPPPPPPPPPPPYPPPPPPPPPPPPPPPPPPPYPPPPPPPPPPPPPPPPPPPYPPPPPPPPPPPPPPPPPPPYPPPPPPPPPPPPPPPPPPPYPPPPPPPPPPPPPPPPPPPPYPPPPPPPPPPPPPPPPPPPPPYPPPPPPPPPPPPPPPPPPPPPPYPPPPPPPPPPPPPPPPPPPPPPPPP
289 YPPPPPPPPPPPPPPPPPPPPYPPPPPPPPPPPPPPPPPPPPPYPPPPPPPPPPPPPPPPPPPPPYPPPPPPPPPPPPPPPPPPPPPYPPPPPPPPPPPPPPPPPPPPPYPPPPPPPPPPPPPPPPPPPPPYPPPPPPPPPPPPPPPPPPPPPYPPPPPPPPPPPPPPPPPPPPPYPPPPPPPPPPPPPPPPPPPPPYPPPPPPPPPPPPPPPPPPPPPYPPPPPPPPPPPPPPPPPPPPPYPPPPPPPPPPPPPPPPPPPPPPYPPPPPPPPPPPPPPPPPPPPPPPP
457 YPPPPPPPPPPPPPPPPPPPPPPYPPPPPPPPPPPPPPPPPPPPPPYPPPPPPPPPPPPPPPPPPPPPPPYPPPPPPPPPPPPPPPPPPPPPPPYPPPPPPPPPPPPPPPPPPPPPPPYPPPPPPPPPPPPPPPPPPPPPPPYPPPPPPPPPPPPPPPPPPPPPPPYPPPPPPPPPPPPPPPPPPPPPPPYPPPPPPPPPPPPPPPPPPPPPPPYPPPPPPPPPPPPPPPPPPPPPPPYPPPPPPPPPPPPPPPPPPPPPPPYPPPPPPPPPPPPPPPPPPPPPPPYPPPPPPPPPPPPPPPPPPPPPPPYPPPPPPPPPPPPPPPPPPPPPPPYPPPPPPPPPPPPPPPPPPPPPPPYPPPPPPPPPPPPPPPPPPPPPPPYPPPPPPPPPPPPPPPPPPPPPPPYPPPPPPPPPPPPPPPPPPPPPPPYPPPPPPPPPPPPPPPPPPPPPPPPPP
346 YPPPPPPPPPPPPPPPPPPPPPPPYPPPPPPPPPPPPPPPPPPPPPPPYPPPPPPPPPPPPPPPPPPPPPPPYPPPPPPPPPPPPPPPPPPPPPPPYPPPPPPPPPPPPPPPPPPPPPPPYPPPPPPPPPPPPPPPPPPPPPPPYPPPPPPPPPPPPPPPPPPPPPPPYPPPPPPPPPPPPPPPPPPPPPPPYPPPPPPPPPPPPPPPPPPPPPPPYPPPPPPPPPPPPPPPPPPPPPPPYPPPPPPPPPPPPPPPPPPPPPPPYPPPPPPPPPPPPPPPPPPPPPPPPPYPPPPPPPPPPPPPPPPPPPPPPPPPYPPPPPPPPPPPPPPPPPPPPPPPPPPPPP
424 YPPPPPPPPPPPPPPPPPPPPPPPYPPPPPPPPPPPPPPPPPPPPPPPYPPPPPPPPPPPPPPPPPPPPPPPYPPPPPPPPPPPPPPPPPPPPPPPYPPPPPPPPPPPPPPPPPPPPPPPYPPPPPPPPPPPPPPPPPPPPPPPYPPPPPPPPPPPPPPPPPPPPPPPYPPPPPPPPPPPPPPPPPPPPPPPYPPPPPPPPPPPPPPPPPPPPPPPYPPPPPPPPPPPPPPPPPPPPPPPYPPPPPPPPPPPPPPPPPPPPPPPYPPPPPPPPPPPPPPPPPPPPPPPYPPPPPPPPPPPPPPPPPPPPPPPYPPPPPPPPPPPPPPPPPPPPPPPYPPPPPPPPPPPPPPPPPPPPPPPPPYPPPPPPPPPPPPPPPPPPPPPPPPPPYPPPPPPPPPPPPPPPPPPPPPPPPPPPPPPPPPP
333 YPPPPPPPPPPPPPPPPPPPPPYPPPPPPPPPPPPPPPPPPPPPYPPPPPPPPPPPPPPPPPPPPPYPPPPPPPPPPPPPPPPPPPPPYPPPPPPPPPPPPPPPPPPPPPYPPPPPPPPPPPPPPPPPPPPPYPPPPPPPPPPPPPPPPPPPPPYPPPPPPPPPPPPPPPPPPPPPYPPPPPPPPPPPPPPPPPPPPPYPPPPPPPPPPPPPPPPPPPPPYPPPPPPPPPPPPPPPPPPPPPYPPPPPPPPPPPPPPPPPPPPPYPPPPPPPPPPPPPPPPPPPPPYPPPPPPPPPPPPPPPPPPPPPYPPPPPPPPPPPPPPPPPPPPPPPP
241 YPPPPPPPPPPPPPPPPYPPPPPPPPPPPPPPPPYPPPPPPPPPPPPPPPPYPPPPPPPPPPPPPPPPYPPPPPPPPPPPPPPPPYPPPPPPPPPPPPPPPPPYPPPPPPPPPPPPPPPPPYPPPPPPPPPPPPPPPPPYPPPPPPPPPPPPPPPPPYPPPPPPPPPPPPPPPPPYPPPPPPPPPPPPPPPPPYPPPPPPPPPPPPPPPPPPYPPPPPPPPPPPPPPPPPPPPPPPPPPPP
168 YPPPPPPPPPPPPYPPPPPPPPPPPPYPPPPPPPPPPPPYPPPPPPPPPPPPYPPPPPPPPPPPPYPPPPPPPPPPPPYPPPPPPPPPPPPPYPPPPPPPPPPPPPYPPPPPPPPPPPPPYPPPPPPPPPPPPPPYPPPPPPPPPPPPPPYPPPPPPPPPPPPPPPPP
309 YPPPPPPPPPPPPPPPPPYPPPPPPPPPPPPPPPPPYPPPPPPPPPPPPPPPPPYPPPPPPPPPPPPPPPPPYPPPPPPPPPPPPPPPPPYPPPPPPPPPPPPPPPPPYPPPPPPPPPPPPPPPPPYPPPPPPPPPPPPPPPPPYPPPPPPPPPPPPPPPPPYPPPPPPPPPPPPPPPPPPYPPPPPPPPPPPPPPPPPPYPPPPPPPPPPPPPPPPPPYPPPPPPPPPPPPPPPPPPPYPPPPPPPPPPPPPPPPPPPYPPPPPPPPPPPPPPPPPPPPYPPPPPPPPPPPPPPPPPPPPPPPPPPPP
167 YPPPPPPPPPPPYPPPPPPPPPPPYPPPPPPPPPPPYPPPPPPPPPPPPYPPPPPPPPPPPPYPPPPPPPPPPPPYPPPPPPPPPPPPYPPPPPPPPPPPPYPPPPPPPPPPPPYPPPPPPPPPPPPPYPPPPPPPPPPPPPPPYPPPPPPPPPPPPPPPPPPPPPP
366 YPPPPPPPPPPPPPPPPPPPPPPYPPPPPPPPPPPPPPPPPPPPPPYPPPPPPPPPPPPPPPPPPPPPPYPPPPPPPPPPPPPPPPPPPPPPYPPPPPPPPPPPPPPPPPPPPPPYPPPPPPPPPPPPPPPPPPPPPPYPPPPPPPPPPPPPPPPPPPPPPYPPPPPPPPPPPPPPPPPPPPPPYPPPPPPPPPPPPPPPPPPPPPPYPPPPPPPPPPPPPPPPPPPPPPYPPPPPPPPPPPPPPPPPPPPPPPYPPPPPPPPPPPPPPPPPPPPPPPYPPPPPPPPPPPPPPPPPPPPPPPPPYPPPPPPPPPPPPPPPPPPPPPPPPPPYPPPPPPPPPPPPPPPPPPPPPPPPPPPPPPPPPP
450 YPPPPPPPPPPPPPPPPPPPPPPPYPPPPPPPPPPPPPPPPPPPPPPPYPPPPPPPPPPPPPPPPPPPPPPPYPPPPPPPPPPPPPPPPPPPPPPPYPPPPPPPPPPPPPPPPPPPPPPPYPPPPPPPPPPPPPPPPPPPPPPPYPPPPPPPPPPPPPPPPPPPPPPPYPPPPPPPPPPPPPPPPPPPPPPPYPPPPPPPPPPPPPPPPPPPPPPPYPPPPPPPPPPPPPPPPPPPPPPPYPPPPPPPPPPPPPPPPPPPPPPPYPPPPPPPPPPPPPPPPPPPPPPPYPPPPPPPPPPPPPPPPPPPPPPPYPPPPPPPPPPPPPPPPPPPPPPPYPPPPPPPPPPPPPPPPPPPPPPPPYPPPPPPPPPPPPPPPPPPPPPPPPPYPPPPPPPPPPPPPPPPPPPPPPPPPPYPPPPPPPPPPPPPPPPPPPPPPPPPPPPPPPPPPP
200 YPPPPPPPPPPPPPPPPYPPPPPPPPPPPPPPPPYPPPPPPPPPPPPPPPPYPPPPPPPPPPPPPPPPYPPPPPPPPPPPPPPPPYPPPPPPPPPPPPPPPPPYPPPPPPPPPPPPPPPPPYPPPPPPPPPPPPPPPPPYPPPPPPPPPPPPPPPPPYPPPPPPPPPPPPPPPPPYPPPPPPPPPPPPPPPPPPPPPPPP
223 YPPPPPPPPPPPPPPPPPPYPPPPPPPPPPPPPPPPPPYPPPPPPPPPPPPPPPPPPYPPPPPPPPPPPPPPPPPPYPPPPPPPPPPPPPPPPPPPYPPPPPPPPPPPPPPPPPPPYPPPPPPPPPPPPPPPPPPPYPPPPPPPPPPPPPPPPPPPYPPPPPPPPPPPPPPPPPPPYPPPPPPPPPPPPPPPPPPPPYPPPPPPPPPPPPPPPPPPPPPPPPP
127 YPPPPPPPPPPYPPPPPPPPPPYPPPPPPPPPPYPPPPPPPPPPYPPPPPPPPPPPYPPPPPPPPPPPYPPPPPPPPPPPYPPPPPPPPPPPPYPPPPPPPPPPPPPPYPPPPPPPPPPPPPPPPPP
355 YPPPPPPPPPPPPPPPPPPPPPPPYPPPPPPPPPPPPPPPPPPPPPPPYPPPPPPPPPPPPPPPPPPPPPPPYPPPPPPPPPPPPPPPPPPPPPPPYPPPPPPPPPPPPPPPPPPPPPPPPYPPPPPPPPPPPPPPPPPPPPPPPPYPPPPPPPPPPPPPPPPPPPPPPPPYPPPPPPPPPPPPPPPPPPPPPPPPYPPPPPPPPPPPPPPPPPPPPPPPPYPPPPPPPPPPPPPPPPPPPPPPPPYPPPPPPPPPPPPPPPPPPPPPPPPYPPPPPPPPPPPPPPPPPPPPPPPPYPPPPPPPPPPPPPPPPPPPPPPPPPYPPPPPPPPPPPPPPPPPPPPPPPPPPPPPPPP
247 YPPPPPPPPPPPPPPPYPPPPPPPPPPPPPPPYPPPPPPPPPPPPPPPYPPPPPPPPPPPPPPPYPPPPPPPPPPPPPPPYPPPPPPPPPPPPPPPPYPPPPPPPPPPPPPPPPYPPPPPPPPPPPPPPPPYPPPPPPPPPPPPPPPPYPPPPPPPPPPPPPPPPYPPPPPPPPPPPPPPPPYPPPPPPPPPPPPPPPPYPPPPPPPPPPPPPPPPPPPYPPPPPPPPPPPPPPPPPPPPPPPPPPP
400 YPPPPPPPPPPPPPPPPPPPPPPPPYPPPPPPPPPPPPPPPPPPPPPPPPYPPPPPPPPPPPPPPPPPPPPPPPPPYPPPPPPPPPPPPPPPPPPPPPPPPPYPPPPPPPPPPPPPPPPPPPPPPPPPYPPPPPPPPPPPPPPPPPPPPPPPPPYPPPPPPPPPPPPPPPPPPPPPPPPPYPPPPPPPPPPPPPPPPPPPPPPPPPYPPPPPPPPPPPPPPPPPPPPPPPPPYPPPPPPPPPPPPPPPPPPPPPPPPPYPPPPPPPPPPPPPPPPPPPPPPPPPYPPPPPPPPPPPPPPPPPPPPPPPPPYPPPPPPPPPPPPPPPPPPPPPPPPPPYPPPPPPPPPPPPPPPPPPPPPPPPPPPPYPPPPPPPPPPPPPPPPPPPPPPPPPPPPPPPPP
415 YPPPPPPPPPPPPPPPPPPPPPPPPYPPPPPPPPPPPPPPPPPPPPPPPPYPPPPPPPPPPPPPPPPPPPPPPPPYPPPPPPPPPPPPPPPPPPPPPPPPYPPPPPPPPPPPPPPPPPPPPPPPPYPPPPPPPPPPPPPPPPPPPPPPPPYPPPPPPPPPPPPPPPPPPPPPPPPYPPPPPPPPPPPPPPPPPPPPPPPPYPPPPPPPPPPPPPPPPPPPPPPPPYPPPPPPPPPPPPPPPPPPPPPPPPYPPPPPPPPPPPPPPPPPPPPPPPPPYPPPPPPPPPPPPPPPPPPPPPPPPPYPPPPPPPPPPPPPPPPPPPPPPPPPYPPPPPPPPPPPPPPPPPPPPPPPPPPYPPPPPPPPPPPPPPPPPPPPPPPPPPYPPPPPPPPPPPPPPPPPPPPPPPPPPPPPPPP
257 YPPPPPPPPPPPPPPPYPPPPPPPPPPPPPPPYPPPPPPPPPPPPPPPYPPPPPPPPPPPPPPPYPPPPPPPPPPPPPPPPYPPPPPPPPPPPPPPPPYPPPPPPPPPPPPPPPPYPPPPPPPPPPPPPPPPYPPPPPPPPPPPPPPPPYPPPPPPPPPPPPPPPPYPPPPPPPPPPPPPPPPYPPPPPPPPPPPPPPPPYPPPPPPPPPPPPPPPPYPPPPPPPPPPPPPPPPYPPPPPPPPPPPPPPPPPPPPPP
101 YPPPPPPPPPYPPPPPPPPPYPPPPPPPPPYPPPPPPPPPYPPPPPPPPPYPPPPPPPPPPYPPPPPPPPPPYPPPPPPPPPPYPPPPPPPPPPPPPPPPP
195 YPPPPPPPPPPPPPYPPPPPPPPPPPPPPYPPPPPPPPPPPPPPYPPPPPPPPPPPPPPYPPPPPPPPPPPPPPYPPPPPPPPPPPPPPYPPPPPPPPPPPPPPYPPPPPPPPPPPPPPYPPPPPPPPPPPPPPPYPPPPPPPPPPPPPPPYPPPPPPPPPPPPPPPPPPYPPPPPPPPPPPPPPPPPPPPPPPP
304 YPPPPPPPPPPPPPPPPYPPPPPPPPPPPPPPPPPYPPPPPPPPPPPPPPPPPYPPPPPPPPPPPPPPPPPYPPPPPPPPPPPPPPPPPYPPPPPPPPPPPPPPPPPYPPPPPPPPPPPPPPPPPYPPPPPPPPPPPPPPPPPYPPPPPPPPPPPPPPPPPYPPPPPPPPPPPPPPPPPYPPPPPPPPPPPPPPPPPYPPPPPPPPPPPPPPPPPPYPPPPPPPPPPPPPPPPPPYPPPPPPPPPPPPPPPPPPPYPPPPPPPPPPPPPPPPPPPPYPPPPPPPPPPPPPPPPPPPPPPPPPPP
326 YPPPPPPPPPPPPPPPPPPPPYPPPPPPPPPPPPPPPPPPPPYPPPPPPPPPPPPPPPPPPPPYPPPPPPPPPPPPPPPPPPPPYPPPPPPPPPPPPPPPPPPPPYPPPPPPPPPPPPPPPPPPPPYPPPPPPPPPPPPPPPPPPPPYPPPPPPPPPPPPPPPPPPPPYPPPPPPPPPPPPPPPPPPPPPYPPPPPPPPPPPPPPPPPPPPPYPPPPPPPPPPPPPPPPPPPPPYPPPPPPPPPPPPPPPPPPPPPYPPPPPPPPPPPPPPPPPPPPPYPPPPPPPPPPPPPPPPPPPPPPYPPPPPPPPPPPPPPPPPPPPPPPP
477 YPPPPPPPPPPPPPPPPPPPPPPPPPPYPPPPPPPPPPPPPPPPPPPPPPPPPPYPPPPPPPPPPPPPPPPPPPPPPPPPPYPPPPPPPPPPPPPPPPPPPPPPPPPPYPPPPPPPPPPPPPPPPPPPPPPPPPPYPPPPPPPPPPPPPPPPPPPPPPPPPPYPPPPPPPPPPPPPPPPPPPPPPPPPPYPPPPPPPPPPPPPPPPPPPPPPPPPPYPPPPPPPPPPPPPPPPPPPPPPPPPPYPPPPPPPPPPPPPPPPPPPPPPPPPPYPPPPPPPPPPPPPPPPPPPPPPPPPPYPPPPPPPPPPPPPPPPPPPPPPPPPPYPPPPPPPPPPPPPPPPPPPPPPPPPPPYPPPPPPPPPPPPPPPPPPPPPPPPPPPYPPPPPPPPPPPPPPPPPPPPPPPPPPPYPPPPPPPPPPPPPPPPPPPPPPPPPPPPYPPPPPPPPPPPPPPPPPPPPPPPPPPPPPPPPPPPPPPP
271 YPPPPPPPPPPPPPPPPPPPPPYPPPPPPPPPPPPPPPPPPPPPYPPPPPPPPPPPPPPPPPPPPPYPPPPPPPPPPPPPPPPPPPPPYPPPPPPPPPPPPPPPPPPPPPYPPPPPPPPPPPPPPPPPPPPPYPPPPPPPPPPPPPPPPPPPPPYPPPPPPPPPPPPPPPPPPPPPYPPPPPPPPPPPPPPPPPPPPPYPPPPPPPPPPPPPPPPPPPPPPYPPPPPPPPPPPPPPPPPPPPPPYPPPPPPPPPPPPPPPPPPPPPPPPPP
216 YPPPPPPPPPPPPPPPPPYPPPPPPPPPPPPPPPPPYPPPPPPPPPPPPPPPPPPYPPPPPPPPPPPPPPPPPPYPPPPPPPPPPPPPPPPPPYPPPPPPPPPPPPPPPPPPYPPPPPPPPPPPPPPPPPPYPPPPPPPPPPPPPPPPPPYPPPPPPPPPPPPPPPPPPYPPPPPPPPPPPPPPPPPPPPYPPPPPPPPPPPPPPPPPPPPPPPPP
404 YPPPPPPPPPPPPPPPPPPPPYPPPPPPPPPPPPPPPPPPPPYPPPPPPPPPPPPPPPPPPPPYPPPPPPPPPPPPPPPPPPPPYPPPPPPPPPPPPPPPPPPPPYPPPPPPPPPPPPPPPPPPPPYPPPPPPPPPPPPPPPPPPPPYPPPPPPPPPPPPPPPPPPPPPYPPPPPPPPPPPPPPPPPPPPPYPPPPPPPPPPPPPPPPPPPPPYPPPPPPPPPPPPPPPPPPPPPYPPPPPPPPPPPPPPPPPPPPPYPPPPPPPPPPPPPPPPPPPPPYPPPPPPPPPPPPPPPPPPPPPYPPPPPPPPPPPPPPPPPPPPPYPPPPPPPPPPPPPPPPPPPPPPPYPPPPPPPPPPPPPPPPPPPPPPPPYPPPPPPPPPPPPPPPPPPPPPPPPPPPPPPP
396 YPPPPPPPPPPPPPPPPPPPPPYPPPPPPPPPPPPPPPPPPPPPYPPPPPPPPPPPPPPPPPPPPPYPPPPPPPPPPPPPPPPPPPPPYPPPPPPPPPPPPPPPPPPPPPYPPPPPPPPPPPPPPPPPPPPPYPPPPPPPPPPPPPPPPPPPPPYPPPPPPPPPPPPPPPPPPPPPYPPPPPPPPPPPPPPPPPPPPPPYPPPPPPPPPPPPPPPPPPPPPPYPPPPPPPPPPPPPPPPPPPPPPYPPPPPPPPPPPPPPPPPPPPPPYPPPPPPPPPPPPPPPPPPPPPPYPPPPPPPPPPPPPPPPPPPPPPPYPPPPPPPPPPPPPPPPPPPPPPPYPPPPPPPPPPPPPPPPPPPPPPPPYPPPPPPPPPPPPPPPPPPPPPPPPPPPPPPP
277 YPPPPPPPPPPPPPPPPYPPPPPPPPPPPPPPPPPYPPPPPPPPPPPPPPPPPYPPPPPPPPPPPPPPPPPYPPPPPPPPPPPPPPPPPYPPPPPPPPPPPPPPPPPYPPPPPPPPPPPPPPPPPYPPPPPPPPPPPPPPPPPYPPPPPPPPPPPPPPPPPYPPPPPPPPPPPPPPPPPYPPPPPPPPPPPPPPPPPYPPPPPPPPPPPPPPPPPYPPPPPPPPPPPPPPPPPYPPPPPPPPPPPPPPPPPPPYPPPPPPPPPPPPPPPPPPPPPPP
469 YPPPPPPPPPPPPPPPPPPPPPPPYPPPPPPPPPPPPPPPPPPPPPPPYPPPPPPPPPPPPPPPPPPPPPPPPYPPPPPPPPPPPPPPPPPPPPPPPPYPPPPPPPPPPPPPPPPPPPPPPPPYPPPPPPPPPPPPPPPPPPPPPPPPYPPPPPPPPPPPPPPPPPPPPPPPPYPPPPPPPPPPPPPPPPPPPPPPPPYPPPPPPPPPPPPPPPPPPPPPPPPYPPPPPPPPPPPPPPPPPPPPPPPPYPPPPPPPPPPPPPPPPPPPPPPPPYPPPPPPPPPPPPPPPPPPPPPPPPYPPPPPPPPPPPPPPPPPPPPPPPPYPPPPPPPPPPPPPPPPPPPPPPPPYPPPPPPPPPPPPPPPPPPPPPPPPPYPPPPPPPPPPPPPPPPPPPPPPPPPYPPPPPPPPPPPPPPPPPPPPPPPPPPPPYPPPPPPPPPPPPPPPPPPPPPPPPPPPPPPPPPPPPPPP
445 YPPPPPPPPPPPPPPPPPPPPPYPPPPPPPPPPPPPPPPPPPPPYPPPPPPPPPPPPPPPPPPPPPYPPPPPPPPPPPPPPPPPPPPPYPPPPPPPPPPPPPPPPPPPPPYPPPPPPPPPPPPPPPPPPPPPYPPPPPPPPPPPPPPPPPPPPPPYPPPPPPPPPPPPPPPPPPPPPPYPPPPPPPPPPPPPPPPPPPPPPYPPPPPPPPPPPPPPPPPPPPPPYPPPPPPPPPPPPPPPPPPPPPPYPPPPPPPPPPPPPPPPPPPPPPYPPPPPPPPPPPPPPPPPPPPPPYPPPPPPPPPPPPPPPPPPPPPPYPPPPPPPPPPPPPPPPPPPPPPYPPPPPPPPPPPPPPPPPPPPPPYPPPPPPPPPPPPPPPPPPPPPPYPPPPPPPPPPPPPPPPPPPPPPPPPYPPPPPPPPPPPPPPPPPPPPPPPPPPPPPPPPP
378 YPPPPPPPPPPPPPPPPPPPPPPPYPPPPPPPPPPPPPPPPPPPPPPPYPPPPPPPPPPPPPPPPPPPPPPPYPPPPPPPPPPPPPPPPPPPPPPPYPPPPPPPPPPPPPPPPPPPPPPPYPPPPPPPPPPPPPPPPPPPPPPPYPPPPPPPPPPPPPPPPPPPPPPPPYPPPPPPPPPPPPPPPPPPPPPPPPYPPPPPPPPPPPPPPPPPPPPPPPPYPPPPPPPPPPPPPPPPPPPPPPPPYPPPPPPPPPPPPPPPPPPPPPPPPYPPPPPPPPPPPPPPPPPPPPPPPPYPPPPPPPPPPPPPPPPPPPPPPPPPYPPPPPPPPPPPPPPPPPPPPPPPPPYPPPPPPPPPPPPPPPPPPPPPPPPPPPPPPP
392 YPPPPPPPPPPPPPPPPPPPPPPPYPPPPPPPPPPPPPPPPPPPPPPPYPPPPPPPPPPPPPPPPPPPPPPPYPPPPPPPPPPPPPPPPPPPPPPPYPPPPPPPPPPPPPPPPPPPPPPPYPPPPPPPPPPPPPPPPPPPPPPPYPPPPPPPPPPPPPPPPPPPPPPPYPPPPPPPPPPPPPPPPPPPPPPPYPPPPPPPPPPPPPPPPPPPPPPPYPPPPPPPPPPPPPPPPPPPPPPPYPPPPPPPPPPPPPPPPPPPPPPPYPPPPPPPPPPPPPPPPPPPPPPPPYPPPPPPPPPPPPPPPPPPPPPPPPYPPPPPPPPPPPPPPPPPPPPPPPPYPPPPPPPPPPPPPPPPPPPPPPPPYPPPPPPPPPPPPPPPPPPPPPPPPPPP
376 YPPPPPPPPPPPPPPPPPPPYPPPPPPPPPPPPPPPPPPPYPPPPPPPPPPPPPPPPPPPYPPPPPPPPPPPPPPPPPPPYPPPPPPPPPPPPPPPPPPPYPPPPPPPPPPPPPPPPPPPYPPPPPPPPPPPPPPPPPPPYPPPPPPPPPPPPPPPPPPPPYPPPPPPPPPPPPPPPPPPPPYPPPPPPPPPPPPPPPPPPPPYPPPPPPPPPPPPPPPPPPPPYPPPPPPPPPPPPPPPPPPPPYPPPPPPPPPPPPPPPPPPPPYPPPPPPPPPPPPPPPPPPPPYPPPPPPPPPPPPPPPPPPPPYPPPPPPPPPPPPPPPPPPPPYPPPPPPPPPPPPPPPPPPPPPPYPPPPPPPPPPPPPPPPPPPPPPP
406 YPPPPPPPPPPPPPPPPPPPPPPPYPPPPPPPPPPPPPPPPPPPPPPPPYPPPPPPPPPPPPPPPPPPPPPPPPYPPPPPPPPPPPPPPPPPPPPPPPPYPPPPPPPPPPPPPPPPPPPPPPPPYPPPPPPPPPPPPPPPPPPPPPPPPYPPPPPPPPPPPPPPPPPPPPPPPPYPPPPPPPPPPPPPPPPPPPPPPPPYPPPPPPPPPPPPPPPPPPPPPPPPYPPPPPPPPPPPPPPPPPPPPPPPPYPPPPPPPPPPPPPPPPPPPPPPPPYPPPPPPPPPPPPPPPPPPPPPPPPYPPPPPPPPPPPPPPPPPPPPPPPPYPPPPPPPPPPPPPPPPPPPPPPPPYPPPPPPPPPPPPPPPPPPPPPPPPPPYPPPPPPPPPPPPPPPPPPPPPPPPPPPPP
218 YPPPPPPPPPPPPPPPPYPPPPPPPPPPPPPPPPYPPPPPPPPPPPPPPPPYPPPPPPPPPPPPPPPPYPPPPPPPPPPPPPPPPYPPPPPPPPPPPPPPPPYPPPPPPPPPPPPPPPPYPPPPPPPPPPPPPPPPYPPPPPPPPPPPPPPPPPYPPPPPPPPPPPPPPPPPYPPPPPPPPPPPPPPPPPYPPPPPPPPPPPPPPPPPPPPPPPPPPP
213 YPPPPPPPPPPPPPPPYPPPPPPPPPPPPPPPYPPPPPPPPPPPPPPPYPPPPPPPPPPPPPPPPYPPPPPPPPPPPPPPPPYPPPPPPPPPPPPPPPPYPPPPPPPPPPPPPPPPYPPPPPPPPPPPPPPPPYPPPPPPPPPPPPPPPPYPPPPPPPPPPPPPPPPPYPPPPPPPPPPPPPPPPPYPPPPPPPPPPPPPPPPPPPPPPPPPP
358 YPPPPPPPPPPPPPPPPPPPPPYPPPPPPPPPPPPPPPPPPPPPYPPPPPPPPPPPPPPPPPPPPPPYPPPPPPPPPPPPPPPPPPPPPPYPPPPPPPPPPPPPPPPPPPPPPYPPPPPPPPPPPPPPPPPPPPPPYPPPPPPPPPPPPPPPPPPPPPPYPPPPPPPPPPPPPPPPPPPPPPYPPPPPPPPPPPPPPPPPPPPPPYPPPPPPPPPPPPPPPPPPPPPPYPPPPPPPPPPPPPPPPPPPPPPYPPPPPPPPPPPPPPPPPPPPPPYPPPPPPPPPPPPPPPPPPPPPPPYPPPPPPPPPPPPPPPPPPPPPPPPPPYPPPPPPPPPPPPPPPPPPPPPPPPPPPPPPPP
399 YPPPPPPPPPPPPPPPPPPPPPPPPYPPPPPPPPPPPPPPPPPPPPPPPPYPPPPPPPPPPPPPPPPPPPPPPPPYPPPPPPPPPPPPPPPPPPPPPPPPYPPPPPPPPPPPPPPPPPPPPPPPPYPPPPPPPPPPPPPPPPPPPPPPPPPYPPPPPPPPPPPPPPPPPPPPPPPPPYPPPPPPPPPPPPPPPPPPPPPPPPPYPPPPPPPPPPPPPPPPPPPPPPPPPYPPPPPPPPPPPPPPPPPPPPPPPPPYPPPPPPPPPPPPPPPPPPPPPPPPPYPPPPPPPPPPPPPPPPPPPPPPPPPPYPPPPPPPPPPPPPPPPPPPPPPPPPPYPPPPPPPPPPPPPPPPPPPPPPPPPPPPYPPPPPPPPPPPPPPPPPPPPPPPPPPPPPPPPPP
468 YPPPPPPPPPPPPPPPPPPPPPPYPPPPPPPPPPPPPPPPPPPPPPYPPPPPPPPPPPPPPPPPPPPPPYPPPPPPPPPPPPPPPPPPPPPPYPPPPPPPPPPPPPPPPPPPPPPYPPPPPPPPPPPPPPPPPPPPPPPYPPPPPPPPPPPPPPPPPPPPPPPYPPPPPPPPPPPPPPPPPPPPPPPYPPPPPPPPPPPPPPPPPPPPPPPYPPPPPPPPPPPPPPPPPPPPPPPYPPPPPPPPPPPPPPPPPPPPPPPYPPPPPPPPPPPPPPPPPPPPPPPYPPPPPPPPPPPPPPPPPPPPPPPYPPPPPPPPPPPPPPPPPPPPPPPYPPPPPPPPPPPPPPPPPPPPPPPYPPPPPPPPPPPPPPPPPPPPPPPYPPPPPPPPPPPPPPPPPPPPPPPYPPPPPPPPPPPPPPPPPPPPPPPPPPYPPPPPPPPPPPPPPPPPPPPPPPPPPPPPPPPPPPPP
340 YPPPPPPPPPPPPPPPPPPPYPPPPPPPPPPPPPPPPPPPYPPPPPPPPPPPPPPPPPPPYPPPPPPPPPPPPPPPPPPPYPPPPPPPPPPPPPPPPPPPYPPPPPPPPPPPPPPPPPPPYPPPPPPPPPPPPPPPPPPPYPPPPPPPPPPPPPPPPPPPYPPPPPPPPPPPPPPPPPPPYPPPPPPPPPPPPPPPPPPPYPPPPPPPPPPPPPPPPPPPPYPPPPPPPPPPPPPPPPPPPPYPPPPPPPPPPPPPPPPPPPPYPPPPPPPPPPPPPPPPPPPPPPYPPPPPPPPPPPPPPPPPPPPPPPYPPPPPPPPPPPPPPPPPPPPPPPPPPPPP
284 YPPPPPPPPPPPPPPPPPPPPYPPPPPPPPPPPPPPPPPPPPYPPPPPPPPPPPPPPPPPPPPYPPPPPPPPPPPPPPPPPPPPYPPPPPPPPPPPPPPPPPPPPYPPPPPPPPPPPPPPPPPPPPPYPPPPPPPPPPPPPPPPPPPPPYPPPPPPPPPPPPPPPPPPPPPYPPPPPPPPPPPPPPPPPPPPPYPPPPPPPPPPPPPPPPPPPPPYPPPPPPPPPPPPPPPPPPPPPYPPPPPPPPPPPPPPPPPPPPPPYPPPPPPPPPPPPPPPPPPPPPPP
105 YPPPPPPPPPYPPPPPPPPPYPPPPPPPPPYPPPPPPPPPYPPPPPPPPPYPPPPPPPPPYPPPPPPPPPYPPPPPPPPPYPPPPPPPPPYPPPPPPPPPPPPPP
192 YPPPPPPPPPPPPPYPPPPPPPPPPPPPYPPPPPPPPPPPPPYPPPPPPPPPPPPPYPPPPPPPPPPPPPYPPPPPPPPPPPPPPYPPPPPPPPPPPPPPYPPPPPPPPPPPPPPYPPPPPPPPPPPPPPYPPPPPPPPPPPPPPYPPPPPPPPPPPPPPYPPPPPPPPPPPPPPYPPPPPPPPPPPPPPPP
256 YPPPPPPPPPPPPPPPPYPPPPPPPPPPPPPPPPYPPPPPPPPPPPPPPPPYPPPPPPPPPPPPPPPPYPPPPPPPPPPPPPPPPYPPPPPPPPPPPPPPPPYPPPPPPPPPPPPPPPPYPPPPPPPPPPPPPPPPYPPPPPPPPPPPPPPPPYPPPPPPPPPPPPPPPPPYPPPPPPPPPPPPPPPPPYPPPPPPPPPPPPPPPPPYPPPPPPPPPPPPPPPPPPYPPPPPPPPPPPPPPPPPPPPPPPPPPPPP
243 YPPPPPPPPPPPPPPPPYPPPPPPPPPPPPPPPPYPPPPPPPPPPPPPPPPYPPPPPPPPPPPPPPPPYPPPPPPPPPPPPPPPPYPPPPPPPPPPPPPPPPYPPPPPPPPPPPPPPPPYPPPPPPPPPPPPPPPPYPPPPPPPPPPPPPPPPYPPPPPPPPPPPPPPPPPYPPPPPPPPPPPPPPPPPYPPPPPPPPPPPPPPPPPYPPPPPPPPPPPPPPPPPYPPPPPPPPPPPPPPPPP
212 YPPPPPPPPPPPPPPPPYPPPPPPPPPPPPPPPPYPPPPPPPPPPPPPPPPYPPPPPPPPPPPPPPPPYPPPPPPPPPPPPPPPPYPPPPPPPPPPPPPPPPPYPPPPPPPPPPPPPPPPPYPPPPPPPPPPPPPPPPPYPPPPPPPPPPPPPPPPPYPPPPPPPPPPPPPPPPPYPPPPPPPPPPPPPPPPPYPPPPPPPPPPPPPPPPPP
449 YPPPPPPPPPPPPPPPPPPPPPPPYPPPPPPPPPPPPPPPPPPPPPPPYPPPPPPPPPPPPPPPPPPPPPPPYPPPPPPPPPPPPPPPPPPPPPPPYPPPPPPPPPPPPPPPPPPPPPPPYPPPPPPPPPPPPPPPPPPPPPPPYPPPPPPPPPPPPPPPPPPPPPPPPYPPPPPPPPPPPPPPPPPPPPPPPPYPPPPPPPPPPPPPPPPPPPPPPPPYPPPPPPPPPPPPPPPPPPPPPPPPYPPPPPPPPPPPPPPPPPPPPPPPPYPPPPPPPPPPPPPPPPPPPPPPPPYPPPPPPPPPPPPPPPPPPPPPPPPYPPPPPPPPPPPPPPPPPPPPPPPPYPPPPPPPPPPPPPPPPPPPPPPPPYPPPPPPPPPPPPPPPPPPPPPPPPPYPPPPPPPPPPPPPPPPPPPPPPPPPYPPPPPPPPPPPPPPPPPPPPPPPPPPP
202 YPPPPPPPPPPPPPPYPPPPPPPPPPPPPPYPPPPPPPPPPPPPPYPPPPPPPPPPPPPPYPPPPPPPPPPPPPPPYPPPPPPPPPPPPPPPYPPPPPPPPPPPPPPPYPPPPPPPPPPPPPPPYPPPPPPPPPPPPPPPPYPPPPPPPPPPPPPPPPYPPPPPPPPPPPPPPPPPYPPPPPPPPPPPPPPPPPPPPPPPPP
461 YPPPPPPPPPPPPPPPPPPPPPPPPPYPPPPPPPPPPPPPPPPPPPPPPPPPYPPPPPPPPPPPPPPPPPPPPPPPPPYPPPPPPPPPPPPPPPPPPPPPPPPPYPPPPPPPPPPPPPPPPPPPPPPPPPYPPPPPPPPPPPPPPPPPPPPPPPPPYPPPPPPPPPPPPPPPPPPPPPPPPPYPPPPPPPPPPPPPPPPPPPPPPPPPYPPPPPPPPPPPPPPPPPPPPPPPPPPYPPPPPPPPPPPPPPPPPPPPPPPPPPYPPPPPPPPPPPPPPPPPPPPPPPPPPYPPPPPPPPPPPPPPPPPPPPPPPPPPYPPPPPPPPPPPPPPPPPPPPPPPPPPYPPPPPPPPPPPPPPPPPPPPPPPPPPPYPPPPPPPPPPPPPPPPPPPPPPPPPPPYPPPPPPPPPPPPPPPPPPPPPPPPPPPPYPPPPPPPPPPPPPPPPPPPPPPPPPPPPPPPP
432 YPPPPPPPPPPPPPPPPPPPPPPYPPPPPPPPPPPPPPPPPPPPPPYPPPPPPPPPPPPPPPPPPPPPPYPPPPPPPPPPPPPPPPPPPPPPYPPPPPPPPPPPPPPPPPPPPPPYPPPPPPPPPPPPPPPPPPPPPPYPPPPPPPPPPPPPPPPPPPPPPYPPPPPPPPPPPPPPPPPPPPPPYPPPPPPPPPPPPPPPPPPPPPPYPPPPPPPPPPPPPPPPPPPPPPYPPPPPPPPPPPPPPPPPPPPPPYPPPPPPPPPPPPPPPPPPPPPPPYPPPPPPPPPPPPPPPPPPPPPPPYPPPPPPPPPPPPPPPPPPPPPPPYPPPPPPPPPPPPPPPPPPPPPPPYPPPPPPPPPPPPPPPPPPPPPPPYPPPPPPPPPPPPPPPPPPPPPPPPYPPPPPPPPPPPPPPPPPPPPPPPPPPPPPPPPP
254 YPPPPPPPPPPPPPPPYPPPPPPPPPPPPPPPYPPPPPPPPPPPPPPPPYPPPPPPPPPPPPPPPPYPPPPPPPPPPPPPPPPYPPPPPPPPPPPPPPPPYPPPPPPPPPPPPPPPPYPPPPPPPPPPPPPPPPYPPPPPPPPPPPPPPPPYPPPPPPPPPPPPPPPPYPPPPPPPPPPPPPPPPYPPPPPPPPPPPPPPPPPPYPPPPPPPPPPPPPPPPPPPPYPPPPPPPPPPPPPPPPPPPPPPPPPPPP
448 YPPPPPPPPPPPPPPPPPPPPPPPPYPPPPPPPPPPPPPPPPPPPPPPPPYPPPPPPPPPPPPPPPPPPPPPPPPYPPPPPPPPPPPPPPPPPPPPPPPPYPPPPPPPPPPPPPPPPPPPPPPPPYPPPPPPPPPPPPPPPPPPPPPPPPYPPPPPPPPPPPPPPPPPPPPPPPPYPPPPPPPPPPPPPPPPPPPPPPPPYPPPPPPPPPPPPPPPPPPPPPPPPPYPPPPPPPPPPPPPPPPPPPPPPPPPYPPPPPPPPPPPPPPPPPPPPPPPPPYPPPPPPPPPPPPPPPPPPPPPPPPPYPPPPPPPPPPPPPPPPPPPPPPPPPYPPPPPPPPPPPPPPPPPPPPPPPPPYPPPPPPPPPPPPPPPPPPPPPPPPPYPPPPPPPPPPPPPPPPPPPPPPPPPPYPPPPPPPPPPPPPPPPPPPPPPPPPPPPPPPPPPPPPP
300 YPPPPPPPPPPPPPPPPPPYPPPPPPPPPPPPPPPPPPYPPPPPPPPPPPPPPPPPPYPPPPPPPPPPPPPPPPPPYPPPPPPPPPPPPPPPPPPYPPPPPPPPPPPPPPPPPPPYPPPPPPPPPPPPPPPPPPPYPPPPPPPPPPPPPPPPPPPYPPPPPPPPPPPPPPPPPPPYPPPPPPPPPPPPPPPPPPPYPPPPPPPPPPPPPPPPPPPYPPPPPPPPPPPPPPPPPPPYPPPPPPPPPPPPPPPPPPPYPPPPPPPPPPPPPPPPPPPPPYPPPPPPPPPPPPPPPPPPPPPP
318 YPPPPPPPPPPPPPPPPPPPYPPPPPPPPPPPPPPPPPPPYPPPPPPPPPPPPPPPPPPPYPPPPPPPPPPPPPPPPPPPYPPPPPPPPPPPPPPPPPPPYPPPPPPPPPPPPPPPPPPPYPPPPPPPPPPPPPPPPPPPPYPPPPPPPPPPPPPPPPPPPPYPPPPPPPPPPPPPPPPPPPPYPPPPPPPPPPPPPPPPPPPPYPPPPPPPPPPPPPPPPPPPPYPPPPPPPPPPPPPPPPPPPPPYPPPPPPPPPPPPPPPPPPPPPYPPPPPPPPPPPPPPPPPPPPPPYPPPPPPPPPPPPPPPPPPPPPPPPP
449 YPPPPPPPPPPPPPPPPPPPPPPYPPPPPPPPPPPPPPPPPPPPPPPYPPPPPPPPPPPPPPPPPPPPPPPYPPPPPPPPPPPPPPPPPPPPPPPYPPPPPPPPPPPPPPPPPPPPPPPYPPPPPPPPPPPPPPPPPPPPPPPYPPPPPPPPPPPPPPPPPPPPPPPYPPPPPPPPPPPPPPPPPPPPPPPYPPPPPPPPPPPPPPPPPPPPPPPYPPPPPPPPPPPPPPPPPPPPPPPYPPPPPPPPPPPPPPPPPPPPPPPYPPPPPPPPPPPPPPPPPPPPPPPYPPPPPPPPPPPPPPPPPPPPPPPYPPPPPPPPPPPPPPPPPPPPPPPYPPPPPPPPPPPPPPPPPPPPPPPYPPPPPPPPPPPPPPPPPPPPPPPYPPPPPPPPPPPPPPPPPPPPPPPPPPPYPPPPPPPPPPPPPPPPPPPPPPPPPPPPPPPPPPPPP
471 YPPPPPPPPPPPPPPPPPPPPPPPYPPPPPPPPPPPPPPPPPPPPPPPYPPPPPPPPPPPPPPPPPPPPPPPYPPPPPPPPPPPPPPPPPPPPPPPYPPPPPPPPPPPPPPPPPPPPPPPYPPPPPPPPPPPPPPPPPPPPPPPYPPPPPPPPPPPPPPPPPPPPPPPYPPPPPPPPPPPPPPPPPPPPPPPYPPPPPPPPPPPPPPPPPPPPPPPYPPPPPPPPPPPPPPPPPPPPPPPYPPPPPPPPPPPPPPPPPPPPPPPYPPPPPPPPPPPPPPPPPPPPPPPPYPPPPPPPPPPPPPPPPPPPPPPPPYPPPPPPPPPPPPPPPPPPPPPPPPYPPPPPPPPPPPPPPPPPPPPPPPPYPPPPPPPPPPPPPPPPPPPPPPPPYPPPPPPPPPPPPPPPPPPPPPPPPPYPPPPPPPPPPPPPPPPPPPPPPPPPYPPPPPPPPPPPPPPPPPPPPPPPPPPPPP
369 YPPPPPPPPPPPPPPPPPPPPPYPPPPPPPPPPPPPPPPPPPPPYPPPPPPPPPPPPPPPPPPPPPYPPPPPPPPPPPPPPPPPPPPPYPPPPPPPPPPPPPPPPPPPPPYPPPPPPPPPPPPPPPPPPPPPYPPPPPPPPPPPPPPPPPPPPPYPPPPPPPPPPPPPPPPPPPPPYPPPPPPPPPPPPPPPPPPPPPYPPPPPPPPPPPPPPPPPPPPPPYPPPPPPPPPPPPPPPPPPPPPPYPPPPPPPPPPPPPPPPPPPPPPYPPPPPPPPPPPPPPPPPPPPPPYPPPPPPPPPPPPPPPPPPPPPPYPPPPPPPPPPPPPPPPPPPPPPPPPYPPPPPPPPPPPPPPPPPPPPPPPPPPPPP
440 YPPPPPPPPPPPPPPPPPPPPPYPPPPPPPPPPPPPPPPPPPPPYPPPPPPPPPPPPPPPPPPPPPYPPPPPPPPPPPPPPPPPPPPPYPPPPPPPPPPPPPPPPPPPPPPYPPPPPPPPPPPPPPPPPPPPPPYPPPPPPPPPPPPPPPPPPPPPPYPPPPPPPPPPPPPPPPPPPPPPYPPPPPPPPPPPPPPPPPPPPPPYPPPPPPPPPPPPPPPPPPPPPPYPPPPPPPPPPPPPPPPPPPPPPYPPPPPPPPPPPPPPPPPPPPPPYPPPPPPPPPPPPPPPPPPPPPPYPPPPPPPPPPPPPPPPPPPPPPYPPPPPPPPPPPPPPPPPPPPPPYPPPPPPPPPPPPPPPPPPPPPPYPPPPPPPPPPPPPPPPPPPPPPPYPPPPPPPPPPPPPPPPPPPPPPPYPPPPPPPPPPPPPPPPPPPPPPPPPPP
435 YPPPPPPPPPPPPPPPPPPPPPPPPPYPPPPPPPPPPPPPPPPPPPPPPPPPYPPPPPPPPPPPPPPPPPPPPPPPPPYPPPPPPPPPPPPPPPPPPPPPPPPPYPPPPPPPPPPPPPPPPPPPPPPPPPYPPPPPPPPPPPPPPPPPPPPPPPPPPYPPPPPPPPPPPPPPPPPPPPPPPPPPYPPPPPPPPPPPPPPPPPPPPPPPPPPYPPPPPPPPPPPPPPPPPPPPPPPPPPYPPPPPPPPPPPPPPPPPPPPPPPPPPYPPPPPPPPPPPPPPPPPPPPPPPPPPYPPPPPPPPPPPPPPPPPPPPPPPPPPYPPPPPPPPPPPPPPPPPPPPPPPPPPYPPPPPPPPPPPPPPPPPPPPPPPPPPYPPPPPPPPPPPPPPPPPPPPPPPPPPYPPPPPPPPPPPPPPPPPPPPPPPPPPPPPPPPPP
211 YPPPPPPPPPPPPPPYPPPPPPPPPPPPPPYPPPPPPPPPPPPPPYPPPPPPPPPPPPPPYPPPPPPPPPPPPPPYPPPPPPPPPPPPPPYPPPPPPPPPPPPPPPYPPPPPPPPPPPPPPPYPPPPPPPPPPPPPPPYPPPPPPPPPPPPPPPYPPPPPPPPPPPPPPPYPPPPPPPPPPPPPPPPPPYPPPPPPPPPPPPPPPPPPPPP
206 YPPPPPPPPPPPPPPPYPPPPPPPPPPPPPPPYPPPPPPPPPPPPPPPYPPPPPPPPPPPPPPPYPPPPPPPPPPPPPPPYPPPPPPPPPPPPPPPYPPPPPPPPPPPPPPPYPPPPPPPPPPPPPPPYPPPPPPPPPPPPPPPPPYPPPPPPPPPPPPPPPPPYPPPPPPPPPPPPPPPPPPYPPPPPPPPPPPPPPPPPPPPPP
422 YPPPPPPPPPPPPPPPPPPPPPPPPYPPPPPPPPPPPPPPPPPPPPPPPPYPPPPPPPPPPPPPPPPPPPPPPPPYPPPPPPPPPPPPPPPPPPPPPPPPYPPPPPPPPPPPPPPPPPPPPPPPPYPPPPPPPPPPPPPPPPPPPPPPPPYPPPPPPPPPPPPPPPPPPPPPPPPYPPPPPPPPPPPPPPPPPPPPPPPPYPPPPPPPPPPPPPPPPPPPPPPPPPYPPPPPPPPPPPPPPPPPPPPPPPPPYPPPPPPPPPPPPPPPPPPPPPPPPPYPPPPPPPPPPPPPPPPPPPPPPPPPYPPPPPPPPPPPPPPPPPPPPPPPPPYPPPPPPPPPPPPPPPPPPPPPPPPPYPPPPPPPPPPPPPPPPPPPPPPPPPPPPPYPPPPPPPPPPPPPPPPPPPPPPPPPPPPPPPPPPP
364 YPPPPPPPPPPPPPPPPPPPYPPPPPPPPPPPPPPPPPPPYPPPPPPPPPPPPPPPPPPPYPPPPPPPPPPPPPPPPPPPYPPPPPPPPPPPPPPPPPPPYPPPPPPPPPPPPPPPPPPPYPPPPPPPPPPPPPPPPPPPYPPPPPPPPPPPPPPPPPPPPYPPPPPPPPPPPPPPPPPPPPYPPPPPPPPPPPPPPPPPPPPYPPPPPPPPPPPPPPPPPPPPYPPPPPPPPPPPPPPPPPPPPYPPPPPPPPPPPPPPPPPPPPYPPPPPPPPPPPPPPPPPPPPYPPPPPPPPPPPPPPPPPPPPYPPPPPPPPPPPPPPPPPPPPPYPPPPPPPPPPPPPPPPPPPPPPPPPPPPPPPPP
312 YPPPPPPPPPPPPPPPPPPPPYPPPPPPPPPPPPPPPPPPPPYPPPPPPPPPPPPPPPPPPPPYPPPPPPPPPPPPPPPPPPPPYPPPPPPPPPPPPPPPPPPPPPYPPPPPPPPPPPPPPPPPPPPPYPPPPPPPPPPPPPPPPPPPPPYPPPPPPPPPPPPPPPPPPPPPYPPPPPPPPPPPPPPPPPPPPPYPPPPPPPPPPPPPPPPPPPPPYPPPPPPPPPPPPPPPPPPPPPYPPPPPPPPPPPPPPPPPPPPPPYPPPPPPPPPPPPPPPPPPPPPPYPPPPPPPPPPPPPPPPPPPPPPPPPPP
429 YPPPPPPPPPPPPPPPPPPPPPPPPPPPYPPPPPPPPPPPPPPPPPPPPPPPPPPPYPPPPPPPPPPPPPPPPPPPPPPPPPPPYPPPPPPPPPPPPPPPPPPPPPPPPPPPYPPPPPPPPPPPPPPPPPPPPPPPPPPPYPPPPPPPPPPPPPPPPPPPPPPPPPPPYPPPPPPPPPPPPPPPPPPPPPPPPPPPYPPPPPPPPPPPPPPPPPPPPPPPPPPPYPPPPPPPPPPPPPPPPPPPPPPPPPPPPYPPPPPPPPPPPPPPPPPPPPPPPPPPPPYPPPPPPPPPPPPPPPPPPPPPPPPPPPPYPPPPPPPPPPPPPPPPPPPPPPPPPPPPYPPPPPPPPPPPPPPPPPPPPPPPPPPPPYPPPPPPPPPPPPPPPPPPPPPPPPPPPPPYPPPPPPPPPPPPPPPPPPPPPPPPPPPPP
430 YPPPPPPPPPPPPPPPPPPPPPPYPPPPPPPPPPPPPPPPPPPPPPYPPPPPPPPPPPPPPPPPPPPPPYPPPPPPPPPPPPPPPPPPPPPPYPPPPPPPPPPPPPPPPPPPPPPYPPPPPPPPPPPPPPPPPPPPPPYPPPPPPPPPPPPPPPPPPPPPPYPPPPPPPPPPPPPPPPPPPPPPYPPPPPPPPPPPPPPPPPPPPPPYPPPPPPPPPPPPPPPPPPPPPPYPPPPPPPPPPPPPPPPPPPPPPPYPPPPPPPPPPPPPPPPPPPPPPPYPPPPPPPPPPPPPPPPPPPPPPPYPPPPPPPPPPPPPPPPPPPPPPPYPPPPPPPPPPPPPPPPPPPPPPPYPPPPPPPPPPPPPPPPPPPPPPPYPPPPPPPPPPPPPPPPPPPPPPPPPYPPPPPPPPPPPPPPPPPPPPPPPPPPPPP
399 YPPPPPPPPPPPPPPPPPPPPYPPPPPPPPPPPPPPPPPPPPYPPPPPPPPPPPPPPPPPPPPYPPPPPPPPPPPPPPPPPPPPYPPPPPPPPPPPPPPPPPPPPYPPPPPPPPPPPPPPPPPPPPYPPPPPPPPPPPPPPPPPPPPYPPPPPPPPPPPPPPPPPPPPYPPPPPPPPPPPPPPPPPPPPYPPPPPPPPPPPPPPPPPPPPYPPPPPPPPPPPPPPPPPPPPYPPPPPPPPPPPPPPPPPPPPPYPPPPPPPPPPPPPPPPPPPPPYPPPPPPPPPPPPPPPPPPPPPYPPPPPPPPPPPPPPPPPPPPPYPPPPPPPPPPPPPPPPPPPPPPYPPPPPPPPPPPPPPPPPPPPPPPPYPPPPPPPPPPPPPPPPPPPPPPPPPPPPPPP
208 YPPPPPPPPPPPPPPPYPPPPPPPPPPPPPPPYPPPPPPPPPPPPPPPYPPPPPPPPPPPPPPPYPPPPPPPPPPPPPPPPYPPPPPPPPPPPPPPPPYPPPPPPPPPPPPPPPPYPPPPPPPPPPPPPPPPYPPPPPPPPPPPPPPPPYPPPPPPPPPPPPPPPPYPPPPPPPPPPPPPPPPPPYPPPPPPPPPPPPPPPPPPPPPP
354 YPPPPPPPPPPPPPPPPPPPPYPPPPPPPPPPPPPPPPPPPPYPPPPPPPPPPPPPPPPPPPPYPPPPPPPPPPPPPPPPPPPPYPPPPPPPPPPPPPPPPPPPPYPPPPPPPPPPPPPPPPPPPPYPPPPPPPPPPPPPPPPPPPPYPPPPPPPPPPPPPPPPPPPPYPPPPPPPPPPPPPPPPPPPPYPPPPPPPPPPPPPPPPPPPPPYPPPPPPPPPPPPPPPPPPPPPYPPPPPPPPPPPPPPPPPPPPPYPPPPPPPPPPPPPPPPPPPPPYPPPPPPPPPPPPPPPPPPPPPYPPPPPPPPPPPPPPPPPPPPPPYPPPPPPPPPPPPPPPPPPPPPPPPPPPPPPP
148 YPPPPPPPPPPPYPPPPPPPPPPPYPPPPPPPPPPPYPPPPPPPPPPPYPPPPPPPPPPPYPPPPPPPPPPPYPPPPPPPPPPPPYPPPPPPPPPPPPPYPPPPPPPPPPPPPYPPPPPPPPPPPPPPYPPPPPPPPPPPPPPPPPPP
249 YPPPPPPPPPPPPPPPYPPPPPPPPPPPPPPPYPPPPPPPPPPPPPPPYPPPPPPPPPPPPPPPYPPPPPPPPPPPPPPPYPPPPPPPPPPPPPPPYPPPPPPPPPPPPPPPYPPPPPPPPPPPPPPPYPPPPPPPPPPPPPPPYPPPPPPPPPPPPPPPYPPPPPPPPPPPPPPPYPPPPPPPPPPPPPPPPYPPPPPPPPPPPPPPPPYPPPPPPPPPPPPPPPPPPYPPPPPPPPPPPPPPPPPPP
325 YPPPPPPPPPPPPPPPPPPPYPPPPPPPPPPPPPPPPPPPYPPPPPPPPPPPPPPPPPPPYPPPPPPPPPPPPPPPPPPPYPPPPPPPPPPPPPPPPPPPPYPPPPPPPPPPPPPPPPPPPPYPPPPPPPPPPPPPPPPPPPPYPPPPPPPPPPPPPPPPPPPPYPPPPPPPPPPPPPPPPPPPPYPPPPPPPPPPPPPPPPPPPPYPPPPPPPPPPPPPPPPPPPPYPPPPPPPPPPPPPPPPPPPPYPPPPPPPPPPPPPPPPPPPPPYPPPPPPPPPPPPPPPPPPPPPPYPPPPPPPPPPPPPPPPPPPPPPPPPPPPPPP
295 YPPPPPPPPPPPPPPPPPPPYPPPPPPPPPPPPPPPPPPPYPPPPPPPPPPPPPPPPPPPYPPPPPPPPPPPPPPPPPPPPYPPPPPPPPPPPPPPPPPPPPYPPPPPPPPPPPPPPPPPPPPYPPPPPPPPPPPPPPPPPPPPYPPPPPPPPPPPPPPPPPPPPYPPPPPPPPPPPPPPPPPPPPYPPPPPPPPPPPPPPPPPPPPYPPPPPPPPPPPPPPPPPPPPYPPPPPPPPPPPPPPPPPPPPYPPPPPPPPPPPPPPPPPPPPYPPPPPPPPPPPPPPPPPPPPPPPP
184 YPPPPPPPPPPPPPPYPPPPPPPPPPPPPPPYPPPPPPPPPPPPPPPYPPPPPPPPPPPPPPPYPPPPPPPPPPPPPPPYPPPPPPPPPPPPPPPYPPPPPPPPPPPPPPPYPPPPPPPPPPPPPPPYPPPPPPPPPPPPPPPYPPPPPPPPPPPPPPPPPPYPPPPPPPPPPPPPPPPPPPPP
315 YPPPPPPPPPPPPPPPPPYPPPPPPPPPPPPPPPPPYPPPPPPPPPPPPPPPPPYPPPPPPPPPPPPPPPPPYPPPPPPPPPPPPPPPPPPYPPPPPPPPPPPPPPPPPPYPPPPPPPPPPPPPPPPPPYPPPPPPPPPPPPPPPPPPYPPPPPPPPPPPPPPPPPPYPPPPPPPPPPPPPPPPPPYPPPPPPPPPPPPPPPPPPYPPPPPPPPPPPPPPPPPPYPPPPPPPPPPPPPPPPPPPYPPPPPPPPPPPPPPPPPPPYPPPPPPPPPPPPPPPPPPPPYPPPPPPPPPPPPPPPPPPPPPPPPPPPPP
228 YPPPPPPPPPPPPPPPPYPPPPPPPPPPPPPPPPYPPPPPPPPPPPPPPPPPYPPPPPPPPPPPPPPPPPYPPPPPPPPPPPPPPPPPYPPPPPPPPPPPPPPPPPYPPPPPPPPPPPPPPPPPYPPPPPPPPPPPPPPPPPYPPPPPPPPPPPPPPPPPYPPPPPPPPPPPPPPPPPPPYPPPPPPPPPPPPPPPPPPPPYPPPPPPPPPPPPPPPPPPPPPPPPPP
216 YPPPPPPPPPPPPPPPYPPPPPPPPPPPPPPPYPPPPPPPPPPPPPPPPYPPPPPPPPPPPPPPPPYPPPPPPPPPPPPPPPPYPPPPPPPPPPPPPPPPYPPPPPPPPPPPPPPPPYPPPPPPPPPPPPPPPPYPPPPPPPPPPPPPPPPYPPPPPPPPPPPPPPPPPYPPPPPPPPPPPPPPPPPPPPYPPPPPPPPPPPPPPPPPPPPPPPPP
53 YPPPPPPYPPPPPPYPPPPPPYPPPPPPYPPPPPPYPPPPPPPYPPPPPPPPP
352 YPPPPPPPPPPPPPPPPPPPPPPPYPPPPPPPPPPPPPPPPPPPPPPPYPPPPPPPPPPPPPPPPPPPPPPPPYPPPPPPPPPPPPPPPPPPPPPPPPYPPPPPPPPPPPPPPPPPPPPPPPPYPPPPPPPPPPPPPPPPPPPPPPPPYPPPPPPPPPPPPPPPPPPPPPPPPYPPPPPPPPPPPPPPPPPPPPPPPPYPPPPPPPPPPPPPPPPPPPPPPPPYPPPPPPPPPPPPPPPPPPPPPPPPYPPPPPPPPPPPPPPPPPPPPPPPPYPPPPPPPPPPPPPPPPPPPPPPPPYPPPPPPPPPPPPPPPPPPPPPPPPYPPPPPPPPPPPPPPPPPPPPPPPPPPPP
273 YPPPPPPPPPPPPPPPPPYPPPPPPPPPPPPPPPPPYPPPPPPPPPPPPPPPPPYPPPPPPPPPPPPPPPPPYPPPPPPPPPPPPPPPPPYPPPPPPPPPPPPPPPPPYPPPPPPPPPPPPPPPPPYPPPPPPPPPPPPPPPPPYPPPPPPPPPPPPPPPPPYPPPPPPPPPPPPPPPPPPYPPPPPPPPPPPPPPPPPPYPPPPPPPPPPPPPPPPPPPYPPPPPPPPPPPPPPPPPPPPPPYPPPPPPPPPPPPPPPPPPPPPPPPPPPPP
374 YPPPPPPPPPPPPPPPPPPPPYPPPPPPPPPPPPPPPPPPPPYPPPPPPPPPPPPPPPPPPPPYPPPPPPPPPPPPPPPPPPPPYPPPPPPPPPPPPPPPPPPPPYPPPPPPPPPPPPPPPPPPPPYPPPPPPPPPPPPPPPPPPPPYPPPPPPPPPPPPPPPPPPPPYPPPPPPPPPPPPPPPPPPPPYPPPPPPPPPPPPPPPPPPPPYPPPPPPPPPPPPPPPPPPPPYPPPPPPPPPPPPPPPPPPPPYPPPPPPPPPPPPPPPPPPPPYPPPPPPPPPPPPPPPPPPPPPPYPPPPPPPPPPPPPPPPPPPPPPYPPPPPPPPPPPPPPPPPPPPPPPPYPPPPPPPPPPPPPPPPPPPPPPPPPPPPP
189 YPPPPPPPPPPPPPPPYPPPPPPPPPPPPPPPYPPPPPPPPPPPPPPPPYPPPPPPPPPPPPPPPPYPPPPPPPPPPPPPPPPYPPPPPPPPPPPPPPPPYPPPPPPPPPPPPPPPPYPPPPPPPPPPPPPPPPYPPPPPPPPPPPPPPPPPYPPPPPPPPPPPPPPPPPYPPPPPPPPPPPPPPPPPP
470 YPPPPPPPPPPPPPPPPPPPPPPPPPYPPPPPPPPPPPPPPPPPPPPPPPPPYPPPPPPPPPPPPPPPPPPPPPPPPPYPPPPPPPPPPPPPPPPPPPPPPPPPYPPPPPPPPPPPPPPPPPPPPPPPPPPYPPPPPPPPPPPPPPPPPPPPPPPPPPYPPPPPPPPPPPPPPPPPPPPPPPPPPYPPPPPPPPPPPPPPPPPPPPPPPPPPYPPPPPPPPPPPPPPPPPPPPPPPPPPYPPPPPPPPPPPPPPPPPPPPPPPPPPYPPPPPPPPPPPPPPPPPPPPPPPPPPYPPPPPPPPPPPPPPPPPPPPPPPPPPYPPPPPPPPPPPPPPPPPPPPPPPPPPYPPPPPPPPPPPPPPPPPPPPPPPPPPYPPPPPPPPPPPPPPPPPPPPPPPPPPYPPPPPPPPPPPPPPPPPPPPPPPPPPPPYPPPPPPPPPPPPPPPPPPPPPPPPPPPPPPPPPPPPPPP
241 YPPPPPPPPPPPPPPPPYPPPPPPPPPPPPPPPPYPPPPPPPPPPPPPPPPYPPPPPPPPPPPPPPPPYPPPPPPPPPPPPPPPPYPPPPPPPPPPPPPPPPYPPPPPPPPPPPPPPPPYPPPPPPPPPPPPPPPPYPPPPPPPPPPPPPPPPPYPPPPPPPPPPPPPPPPPPYPPPPPPPPPPPPPPPPPPYPPPPPPPPPPPPPPPPPPPPYPPPPPPPPPPPPPPPPPPPPPPPPPPP
192 YPPPPPPPPPPPPPPYPPPPPPPPPPPPPPYPPPPPPPPPPPPPPYPPPPPPPPPPPPPPYPPPPPPPPPPPPPPYPPPPPPPPPPPPPPYPPPPPPPPPPPPPPYPPPPPPPPPPPPPPYPPPPPPPPPPPPPPYPPPPPPPPPPPPPPYPPPPPPPPPPPPPPPPPPYPPPPPPPPPPPPPPPPPPPPPP
181 YPPPPPPPPPPPPPPPPYPPPPPPPPPPPPPPPPYPPPPPPPPPPPPPPPPPYPPPPPPPPPPPPPPPPPYPPPPPPPPPPPPPPPPPYPPPPPPPPPPPPPPPPPYPPPPPPPPPPPPPPPPPYPPPPPPPPPPPPPPPPPYPPPPPPPPPPPPPPPPPPYPPPPPPPPPPPPPPPPPPP
