103 YPPPPPPPPPYPPPPPPPPPYPPPPPPPPPYPPPPPPPPPYPPPPPPPPPYPPPPPPPPPPYPPPPPPPPPPPYPPPPPPPPPPPPYPPPPPPPPPPPPPPPP
26 YPPPPPPYPPPPPYPPPPYPPPPPPP
34 YPPPPYPPPPYPPPPYPPPPYPPPPYPPPPPPPP
13 YPPPYPPYPPPPP
34 YPPPPPPPYPPPPPYPPPPPYPPPPYPPPPPPPP
7 YPPYPPP
11 YPPYPPhYPPP
30 YPPPPPPPYPPPPPPYPPPPPYPPPPPPPP
36 YPPPPPYPPPPPYPPPPPYPPPPYPPPPYPPPPPPP
34 YPPPPPPYPPPPYPPPPYPPPPYPPPPYPPPPPP
91 YPPPPPPPPYPPPPPPPPPYPPPPPPPPPYPPPPPPPPPYPPPPPPPPPYPPPPPPPPPPPYPPPPPPPPPPPPYPPPPPPPPPPPPPPPP
78 YPPPPPPPYPPPPPPPYPPPPPPPYPPPPPPPYPPPPPPPYPPPPPPPPYPPPPPPPPYPPPPPPPPPYPPPPPPPPP
44 YPPPPPYPPPPPYPPPPPPYPPPPPPPYPPPPPPPYPPPPPPPP
87 YPPPPPPPYPPPPPPPPYPPPPPPPPYPPPPPPPPYPPPPPPPPYPPPPPPPPYPPPPPPPPPYPPPPPPPPPYPPPPPPPPPPPPP
88 YPPPPPPPPYPPPPPPPPYPPPPPPPPYPPPPPPPPYPPPPPPPPYPPPPPPPPPYPPPPPPPPPYPPPPPPPPPYPPPPPPPPPPPP
57 YPPPPPYPPPPPYPPPPPPYPPPPPPPYPPPPPPPYPPPPPPPPYPPPPPPPPPPPP
61 YPPPPPPPPYPPPPPPPPYPPPPPPPPYPPPPPPPPPYPPPPPPPPPPYPPPPPPPPPPPP
93 YPPPPPPPPPPYPPPPPPPPPPYPPPPPPPPPPYPPPPPPPPPPYPPPPPPPPPPPYPPPPPPPPPPPYPPPPPPPPPPPYPPPPPPPPPPPP
85 YPPPPPPPPYPPPPPPPPYPPPPPPPPYPPPPPPPPYPPPPPPPPYPPPPPPPPYPPPPPPPPYPPPPPPPPPYPPPPPPPPPPP
66 YPPPPPPPPYPPPPPPPPYPPPPPPPPYPPPPPPPPYPPPPPPPPPYPPPPPPPPPYPPPPPPPPP
16 YPPPYPPYPPYPPPPP
53 YPPPPPYPPPPPPYPPPPPPYPPPPPPYPPPPPPYPPPPPPYPPPPPPPPPPP
50 YPPPPPPYPPPPPPYPPPPPPYPPPPPPPPYPPPPPPPPYPPPPPPPPPP
89 YPPPPPPPPYPPPPPPPPYPPPPPPPPYPPPPPPPPYPPPPPPPPYPPPPPPPPYPPPPPPPPYPPPPPPPPPPYPPPPPPPPPPPPPP
95 YPPPPPPPPYPPPPPPPPYPPPPPPPPYPPPPPPPPYPPPPPPPPYPPPPPPPPPYPPPPPPPPPYPPPPPPPPPPPYPPPPPPPPPPPPPPPPP
96 YPPPPPPPPPYPPPPPPPPPYPPPPPPPPPYPPPPPPPPPYPPPPPPPPPYPPPPPPPPPPYPPPPPPPPPPYPPPPPPPPPPPYPPPPPPPPPPP
53 YPPPPPPYPPPPPPYPPPPPPYPPPPPPYPPPPPPPYPPPPPPPYPPPPPPPP
80 YPPPPPPPPPYPPPPPPPPPYPPPPPPPPPYPPPPPPPPPYPPPPPPPPPPYPPPPPPPPPPPPYPPPPPPPPPPPPPPP
58 YPPPPPYPPPPPYPPPPPPYPPPPPPYPPPPPPYPPPPPPYPPPPPPYPPPPPPPPPP
91 YPPPPPPPPYPPPPPPPPYPPPPPPPPPYPPPPPPPPPYPPPPPPPPPYPPPPPPPPPYPPPPPPPPPYPPPPPPPPPPYPPPPPPPPPPP
61 YPPPPPPYPPPPPPPYPPPPPPPYPPPPPPPYPPPPPPPPYPPPPPPPPPYPPPPPPPPPP
47 YPPPPPPPPYPPPPPPPPYPPPPPPPPYPPPPPPPPPYPPPPPPPPP
74 YPPPPPPPYPPPPPPPYPPPPPPPYPPPPPPPPYPPPPPPPPYPPPPPPPPPYPPPPPPPPPYPPPPPPPPPPP
61 YPPPPPYPPPPPPYPPPPPPYPPPPPPYPPPPPPYPPPPPPYPPPPPPPYPPPPPPPPPPP
34 YPPPPPYPPPPPYPPPPPYPPPPYPPPPYPPPPP
37 YPPPPPPYPPPPYPPPPYPPPPYPPPPYPPPPPPPPP
82 YPPPPPPPPYPPPPPPPPPYPPPPPPPPPPYPPPPPPPPPPYPPPPPPPPPPPYPPPPPPPPPPPPYPPPPPPPPPPPPPPP
51 YPPPPYPPPPPYPPPPPYPPPPPPYPPPPPPYPPPPPPPPYPPPPPPPPPP
56 YPPPPPYPPPPPYPPPPPPYPPPPPPYPPPPPPYPPPPPPYPPPPPPPYPPPPPPP
83 YPPPPPPPPYPPPPPPPPYPPPPPPPPPYPPPPPPPPPYPPPPPPPPPYPPPPPPPPPYPPPPPPPPPPYPPPPPPPPPPPPP
69 YPPPPPPPPPYPPPPPPPPPYPPPPPPPPPPYPPPPPPPPPPPYPPPPPPPPPPPYPPPPPPPPPPPPP
81 YPPPPPPPYPPPPPPPPYPPPPPPPPYPPPPPPPPYPPPPPPPPYPPPPPPPPPYPPPPPPPPPPYPPPPPPPPPPPPPPP
83 YPPPPPPPYPPPPPPPYPPPPPPPYPPPPPPPYPPPPPPPYPPPPPPPPYPPPPPPPPPYPPPPPPPPPPYPPPPPPPPPPPP
97 YPPPPPPPPPYPPPPPPPPPYPPPPPPPPPYPPPPPPPPPYPPPPPPPPPYPPPPPPPPPYPPPPPPPPPYPPPPPPPPPPPPYPPPPPPPPPPPPP
71 YPPPPPPYPPPPPPPYPPPPPPPYPPPPPPPYPPPPPPPYPPPPPPPYPPPPPPPPYPPPPPPPPPPPPPP
69 YPPPPPPPYPPPPPPPYPPPPPPPYPPPPPPPYPPPPPPPYPPPPPPPYPPPPPPPYPPPPPPPPPPPP
31 YPPPPPPPYPPPPPPYPPPPPPYPPPPPPPP
44 YPPPPYPPPPYPPPPYPPPPPYPPPPPPYPPPPPPYPPPPPPPP
40 YPPPPPPYPPPPPPYPPPPPYPPPPPYPPPPPYPPPPPPP
60 YPPPPPPPYPPPPPPPPYPPPPPPPPPYPPPPPPPPPYPPPPPPPPPPYPPPPPPPPPPP
75 YPPPPPPPYPPPPPPPYPPPPPPPYPPPPPPPYPPPPPPPYPPPPPPPYPPPPPPPPPPYPPPPPPPPPPPPPPP
53 YPPPPPPYPPPPPPYPPPPPPYPPPPPPPPYPPPPPPPPPYPPPPPPPPPPPP
68 YPPPPPPPPPYPPPPPPPPPPYPPPPPPPPPPYPPPPPPPPPPYPPPPPPPPPPYPPPPPPPPPPPPP
100 YPPPPPPPPPPPYPPPPPPPPPPPYPPPPPPPPPPPYPPPPPPPPPPPYPPPPPPPPPPPYPPPPPPPPPPPPYPPPPPPPPPPPPYPPPPPPPPPPPPP
88 YPPPPPPPPYPPPPPPPPYPPPPPPPPYPPPPPPPPPYPPPPPPPPPYPPPPPPPPPPYPPPPPPPPPPPPYPPPPPPPPPPPPPPPP
84 YPPPPPPPPYPPPPPPPPPYPPPPPPPPPYPPPPPPPPPYPPPPPPPPPYPPPPPPPPPYPPPPPPPPPYPPPPPPPPPPPPPP
96 YPPPPPPPPYPPPPPPPPYPPPPPPPPYPPPPPPPPYPPPPPPPPYPPPPPPPPYPPPPPPPPYPPPPPPPPPYPPPPPPPPPYPPPPPPPPPPPP
44 YPPPPPPPYPPPPPPPYPPPPPPPYPPPPPPPPPYPPPPPPPPP
43 YPPPPPPYPPPPPPPYPPPPPPPPYPPPPPPPPYPPPPPPPPP
66 YPPPPPPPYPPPPPPPYPPPPPPPYPPPPPPPYPPPPPPPPPYPPPPPPPPPPYPPPPPPPPPPPP
101 YPPPPPPPPYPPPPPPPPPYPPPPPPPPPYPPPPPPPPPYPPPPPPPPPYPPPPPPPPPYPPPPPPPPPPYPPPPPPPPPPPPYPPPPPPPPPPPPPPPPP
41 YPPPPPPPPYPPPPPPPYPPPPPPYPPPPPPYPPPPPPPPP
74 YPPPPPPYPPPPPPPYPPPPPPPYPPPPPPPYPPPPPPPYPPPPPPPPPYPPPPPPPPPPYPPPPPPPPPPPPP
89 YPPPPPPPPPYPPPPPPPPPYPPPPPPPPPYPPPPPPPPPYPPPPPPPPPYPPPPPPPPPPYPPPPPPPPPPYPPPPPPPPPPPPPPPP
90 YPPPPPPPPYPPPPPPPPYPPPPPPPPYPPPPPPPPYPPPPPPPPYPPPPPPPPYPPPPPPPPYPPPPPPPPPPYPPPPPPPPPPPPPPP
44 YPPPPYPPPPPYPPPPPYPPPPPYPPPPPYPPPPPPYPPPPPPP
100 YPPPPPPPPPPPYPPPPPPPPPPPYPPPPPPPPPPPYPPPPPPPPPPPYPPPPPPPPPPPYPPPPPPPPPPPPYPPPPPPPPPPPPYPPPPPPPPPPPPP
99 YPPPPPPPPPPPYPPPPPPPPPPPYPPPPPPPPPPPYPPPPPPPPPPPYPPPPPPPPPPPYPPPPPPPPPPPYPPPPPPPPPPPPYPPPPPPPPPPPPP
72 YPPPPPPPPYPPPPPPPPYPPPPPPPPYPPPPPPPPPYPPPPPPPPPPYPPPPPPPPPPYPPPPPPPPPPPP
94 YPPPPPPPPYPPPPPPPPYPPPPPPPPYPPPPPPPPYPPPPPPPPYPPPPPPPPPYPPPPPPPPPYPPPPPPPPPPYPPPPPPPPPPPPPPPPP
85 YPPPPPPPPYPPPPPPPPYPPPPPPPPYPPPPPPPPYPPPPPPPPPYPPPPPPPPPYPPPPPPPPPPPYPPPPPPPPPPPPPPPP
95 YPPPPPPPPPPYPPPPPPPPPPYPPPPPPPPPPYPPPPPPPPPPYPPPPPPPPPPYPPPPPPPPPPYPPPPPPPPPPYPPPPPPPPPPPPPPPPP
85 YPPPPPPPPYPPPPPPPPPYPPPPPPPPPYPPPPPPPPPYPPPPPPPPPYPPPPPPPPPPYPPPPPPPPPPPYPPPPPPPPPPPP
91 YPPPPPPPPYPPPPPPPPYPPPPPPPPYPPPPPPPPYPPPPPPPPYPPPPPPPPPYPPPPPPPPPYPPPPPPPPPPPYPPPPPPPPPPPPP
50 YPPPPPYPPPPPPYPPPPPPYPPPPPPYPPPPPPYPPPPPPPYPPPPPPP
97 YPPPPPPPPPYPPPPPPPPPYPPPPPPPPPPYPPPPPPPPPPYPPPPPPPPPPPYPPPPPPPPPPPYPPPPPPPPPPPPYPPPPPPPPPPPPPPPPP
74 YPPPPPPPPYPPPPPPPPYPPPPPPPPPYPPPPPPPPPYPPPPPPPPPPYPPPPPPPPPPYPPPPPPPPPPPPP
79 YPPPPPPPPPPYPPPPPPPPPPYPPPPPPPPPPYPPPPPPPPPPYPPPPPPPPPPYPPPPPPPPPPPYPPPPPPPPPPP
66 YPPPPPPPYPPPPPPPYPPPPPPPPYPPPPPPPPYPPPPPPPPYPPPPPPPPYPPPPPPPPPPPPP
56 YPPPPPYPPPPPYPPPPPYPPPPPPPYPPPPPPPYPPPPPPPPYPPPPPPPPPPPP
81 YPPPPPPPPPPYPPPPPPPPPPYPPPPPPPPPPYPPPPPPPPPPYPPPPPPPPPPYPPPPPPPPPPPYPPPPPPPPPPPPP
85 YPPPPPPPPPYPPPPPPPPPYPPPPPPPPPYPPPPPPPPPYPPPPPPPPPYPPPPPPPPPPYPPPPPPPPPPYPPPPPPPPPPPP
77 YPPPPPPPYPPPPPPPPYPPPPPPPPYPPPPPPPPYPPPPPPPPYPPPPPPPPPYPPPPPPPPPPYPPPPPPPPPPP
74 YPPPPPPPYPPPPPPPYPPPPPPPYPPPPPPPYPPPPPPPYPPPPPPPYPPPPPPPYPPPPPPPPYPPPPPPPP
102 YPPPPPPPPYPPPPPPPPYPPPPPPPPPYPPPPPPPPPYPPPPPPPPPYPPPPPPPPPYPPPPPPPPPYPPPPPPPPPYPPPPPPPPPPYPPPPPPPPPPPP
91 YPPPPPPPYPPPPPPPPYPPPPPPPPYPPPPPPPPYPPPPPPPPYPPPPPPPPPYPPPPPPPPPYPPPPPPPPPPYPPPPPPPPPPPPPPP
90 YPPPPPPPPYPPPPPPPPYPPPPPPPPYPPPPPPPPYPPPPPPPPYPPPPPPPPYPPPPPPPPPYPPPPPPPPPPPYPPPPPPPPPPPPP
75 YPPPPPPPYPPPPPPPYPPPPPPPPYPPPPPPPPYPPPPPPPPYPPPPPPPPYPPPPPPPPPYPPPPPPPPPPPP
73 YPPPPPPPYPPPPPPPYPPPPPPPYPPPPPPPYPPPPPPPYPPPPPPPYPPPPPPPPPYPPPPPPPPPPPPPP
52 YPPPPPPYPPPPPPYPPPPPPYPPPPPPYPPPPPPYPPPPPPPYPPPPPPPP
80 YPPPPPPPPPYPPPPPPPPPPYPPPPPPPPPPYPPPPPPPPPPYPPPPPPPPPPYPPPPPPPPPPYPPPPPPPPPPPPPP
33 YPPPPPYPPPPPYPPPPYPPPPYPPPYPPPPPP
103 YPPPPPPPPPYPPPPPPPPPYPPPPPPPPPYPPPPPPPPPYPPPPPPPPPPYPPPPPPPPPPYPPPPPPPPPPYPPPPPPPPPPPYPPPPPPPPPPPPPPPPP
58 YPPPPPPYPPPPPPPYPPPPPPPYPPPPPPPYPPPPPPPYPPPPPPPYPPPPPPPPPP
89 YPPPPPPPPPPPYPPPPPPPPPPPYPPPPPPPPPPPPYPPPPPPPPPPPPYPPPPPPPPPPPPYPPPPPPPPPPPPYPPPPPPPPPPPP
86 YPPPPPPPPYPPPPPPPPYPPPPPPPPYPPPPPPPPYPPPPPPPPYPPPPPPPPYPPPPPPPPPYPPPPPPPPPYPPPPPPPPPPP
42 YPPPPPPPYPPPPPPYPPPPPYPPPPPYPPPPPYPPPPPPPP
13 YPPPYPPPYPPPP
100 YPPPPPPPPPPYPPPPPPPPPPPYPPPPPPPPPPPYPPPPPPPPPPPYPPPPPPPPPPPYPPPPPPPPPPPYPPPPPPPPPPPPPYPPPPPPPPPPPPPP
64 YPPPPPPYPPPPPPYPPPPPPYPPPPPPPYPPPPPPPYPPPPPPPYPPPPPPPYPPPPPPPPPP
