124 YPPPPPPPPPPPPPPYPPPPPPPPPPPPPPYPPPPPPPPPPPPPPYPPPPPPPPPPPPPPYPPPPPPPPPPPPPPYPPPPPPPPPPPPPPYPPPPPPPPPPPPPPPYPPPPPPPPPPPPPPPPP
34 YPPPPPPPYPPPPPYPPPPPYPPPPYPPPPPPPP
10 YPPYPPlYPP
22 YPPPPPYPPPPYPPPYPPPPPP
34 YPPPPPPPYPPPPPYPPPPYPPPPYPPPPPPPPP
9 YPPYPYPPP
15 YPPPPYPPPYPPPPP
18 YPPPPPYPPPPYPPPPPP
7 YPPYPPP
26 YPPPPPPYPPPPPYPPPPYPPPPPPP
41 YPPPPPPPYPPPPPPYPPPPYPPPPYPPPPYPPPPPPPPPP
93 YPPPPPPPPPYPPPPPPPPPYPPPPPPPPPYPPPPPPPPPPYPPPPPPPPPPYPPPPPPPPPPPYPPPPPPPPPPPPYPPPPPPPPPPPPPPP
79 YPPPPPPPPPYPPPPPPPPPPYPPPPPPPPPPYPPPPPPPPPPYPPPPPPPPPPYPPPPPPPPPPPYPPPPPPPPPPPP
106 YPPPPPPPPPYPPPPPPPPPYPPPPPPPPPPYPPPPPPPPPPYPPPPPPPPPPYPPPPPPPPPPYPPPPPPPPPPYPPPPPPPPPPPPYPPPPPPPPPPPPPPPPP
86 YPPPPPPPYPPPPPPPPYPPPPPPPPYPPPPPPPPYPPPPPPPPYPPPPPPPPYPPPPPPPPYPPPPPPPPYPPPPPPPPPPPPPP
111 YPPPPPPPPPPYPPPPPPPPPPYPPPPPPPPPPPYPPPPPPPPPPPYPPPPPPPPPPPYPPPPPPPPPPPYPPPPPPPPPPPYPPPPPPPPPPPYPPPPPPPPPPPPPPPP
86 YPPPPPPPYPPPPPPPYPPPPPPPPYPPPPPPPPYPPPPPPPPYPPPPPPPPYPPPPPPPPYPPPPPPPPPYPPPPPPPPPPPPPP
111 YPPPPPPPPPPYPPPPPPPPPPYPPPPPPPPPPYPPPPPPPPPPYPPPPPPPPPPYPPPPPPPPPPPYPPPPPPPPPPPPYPPPPPPPPPPPPYPPPPPPPPPPPPPPPPP
60 YPPPPPYPPPPPPYPPPPPPYPPPPPPYPPPPPPYPPPPPPYPPPPPPPPYPPPPPPPPP
109 YPPPPPPPPPPYPPPPPPPPPPYPPPPPPPPPPYPPPPPPPPPPPYPPPPPPPPPPPYPPPPPPPPPPPYPPPPPPPPPPPYPPPPPPPPPPPPYPPPPPPPPPPPPPP
14 YPPPPYPPPYPPPP
82 YPPPPPPPYPPPPPPPYPPPPPPPYPPPPPPPYPPPPPPPYPPPPPPPPYPPPPPPPPYPPPPPPPPPYPPPPPPPPPPPPP
19 YPPPPPYPPYPPYPPPPPP
93 YPPPPPPPPYPPPPPPPPYPPPPPPPPYPPPPPPPPYPPPPPPPPPYPPPPPPPPPYPPPPPPPPPPYPPPPPPPPPPYPPPPPPPPPPPPPP
73 YPPPPPPYPPPPPPPYPPPPPPPYPPPPPPPYPPPPPPPYPPPPPPPPYPPPPPPPPYPPPPPPPPPPPPPPP
118 YPPPPPPPPPPYPPPPPPPPPPYPPPPPPPPPPYPPPPPPPPPPYPPPPPPPPPPPYPPPPPPPPPPPYPPPPPPPPPPPYPPPPPPPPPPPYPPPPPPPPPPPPYPPPPPPPPPPPP
85 YPPPPPPPPYPPPPPPPPYPPPPPPPPYPPPPPPPPYPPPPPPPPYPPPPPPPPYPPPPPPPPYPPPPPPPPPPYPPPPPPPPPP
62 YPPPPPPYPPPPPPPYPPPPPPPYPPPPPPPPYPPPPPPPPYPPPPPPPPPYPPPPPPPPPP
84 YPPPPPPPPYPPPPPPPPYPPPPPPPPYPPPPPPPPYPPPPPPPPYPPPPPPPPPYPPPPPPPPPPPPYPPPPPPPPPPPPPPP
56 YPPPPPPYPPPPPPYPPPPPPPYPPPPPPPYPPPPPPPYPPPPPPPYPPPPPPPPP
90 YPPPPPPPYPPPPPPPYPPPPPPPPYPPPPPPPPYPPPPPPPPYPPPPPPPPPYPPPPPPPPPYPPPPPPPPPPPYPPPPPPPPPPPPPP
101 YPPPPPPPPPYPPPPPPPPPYPPPPPPPPPYPPPPPPPPPYPPPPPPPPPPYPPPPPPPPPPYPPPPPPPPPPYPPPPPPPPPPYPPPPPPPPPPPPPPPP
47 YPPPPPPPYPPPPPPPPYPPPPPPPPYPPPPPPPPYPPPPPPPPPPP
108 YPPPPPPPPPPYPPPPPPPPPPYPPPPPPPPPPYPPPPPPPPPPYPPPPPPPPPPYPPPPPPPPPPPYPPPPPPPPPPPYPPPPPPPPPPPPYPPPPPPPPPPPPPPP
66 YPPPPPPPPYPPPPPPPPPYPPPPPPPPPPYPPPPPPPPPPYPPPPPPPPPPPYPPPPPPPPPPPP
43 YPPPPPYPPPPPYPPPPPYPPPPPYPPPPYPPPPYPPPPPPPP
85 YPPPPPPPPPPYPPPPPPPPPPYPPPPPPPPPPYPPPPPPPPPPYPPPPPPPPPPPYPPPPPPPPPPPPYPPPPPPPPPPPPPPP
117 YPPPPPPPPPYPPPPPPPPPYPPPPPPPPPPYPPPPPPPPPPYPPPPPPPPPPYPPPPPPPPPPYPPPPPPPPPPYPPPPPPPPPPYPPPPPPPPPPPPPYPPPPPPPPPPPPPPPP
113 YPPPPPPPPPYPPPPPPPPPYPPPPPPPPPPYPPPPPPPPPPYPPPPPPPPPPYPPPPPPPPPPYPPPPPPPPPPYPPPPPPPPPPYPPPPPPPPPPPPYPPPPPPPPPPPPP
8 YPPPYPPP
50 YPPPPPPYPPPPPPYPPPPPPYPPPPPPYPPPPPPPPPYPPPPPPPPPPP
119 YPPPPPPPPPPPYPPPPPPPPPPPPYPPPPPPPPPPPPYPPPPPPPPPPPPYPPPPPPPPPPPPYPPPPPPPPPPPPYPPPPPPPPPPPPYPPPPPPPPPPPPPYPPPPPPPPPPPPPP
27 YPPPPPPYPPPPPYPPPPPYPPPPPPP
39 YPPPPPPPYPPPPPPPYPPPPPPPYPPPPPPYPPPPPPP
112 YPPPPPPPPPYPPPPPPPPPYPPPPPPPPPYPPPPPPPPPYPPPPPPPPPYPPPPPPPPPYPPPPPPPPPYPPPPPPPPPPPYPPPPPPPPPPPYPPPPPPPPPPPPPPPPP
112 YPPPPPPPPPPYPPPPPPPPPPYPPPPPPPPPPYPPPPPPPPPPPYPPPPPPPPPPPYPPPPPPPPPPPYPPPPPPPPPPPPYPPPPPPPPPPPPYPPPPPPPPPPPPPPPP
38 YPPPPPPPYPPPPYPPPPYPPPPYPPPPYPPPPPPPPP
54 YPPPPPPPYPPPPPPPYPPPPPPPYPPPPPPPYPPPPPPPPPYPPPPPPPPPPP
105 YPPPPPPPPYPPPPPPPPPYPPPPPPPPPYPPPPPPPPPYPPPPPPPPPPYPPPPPPPPPPYPPPPPPPPPPPYPPPPPPPPPPPPYPPPPPPPPPPPPPPPPPP
29 YPPPPYPPPPYPPPPYPPPYPPPYPPPPP
112 YPPPPPPPPPYPPPPPPPPPYPPPPPPPPPYPPPPPPPPPYPPPPPPPPPYPPPPPPPPPYPPPPPPPPPYPPPPPPPPPPYPPPPPPPPPPPYPPPPPPPPPPPPPPPPPP
69 YPPPPPPYPPPPPPYPPPPPPYPPPPPPYPPPPPPPYPPPPPPPYPPPPPPPPPPYPPPPPPPPPPPPP
118 YPPPPPPPPPPYPPPPPPPPPPPYPPPPPPPPPPPYPPPPPPPPPPPYPPPPPPPPPPPYPPPPPPPPPPPPYPPPPPPPPPPPPYPPPPPPPPPPPPPPYPPPPPPPPPPPPPPPPP
26 YPPPPPYPPPPYPPPYPPYPPPPPPP
49 YPPPPPYPPPPPYPPPPPPYPPPPPPYPPPPPPYPPPPPPYPPPPPPPP
49 YPPPPPPYPPPPPPYPPPPPPYPPPPPPYPPPPPPYPPPPPPYPPPPPP
84 YPPPPPPPPPPYPPPPPPPPPPYPPPPPPPPPPYPPPPPPPPPPYPPPPPPPPPPYPPPPPPPPPPPYPPPPPPPPPPPPPPPP
96 YPPPPPPPPYPPPPPPPPYPPPPPPPPYPPPPPPPPYPPPPPPPPPYPPPPPPPPPYPPPPPPPPPYPPPPPPPPPPPPYPPPPPPPPPPPPPPPP
111 YPPPPPPPPPPYPPPPPPPPPPYPPPPPPPPPPPYPPPPPPPPPPPYPPPPPPPPPPPYPPPPPPPPPPPYPPPPPPPPPPPPYPPPPPPPPPPPPYPPPPPPPPPPPPPP
93 YPPPPPPPPYPPPPPPPPYPPPPPPPPPYPPPPPPPPPYPPPPPPPPPYPPPPPPPPPYPPPPPPPPPPYPPPPPPPPPPYPPPPPPPPPPPP
83 YPPPPPPPYPPPPPPPPYPPPPPPPPYPPPPPPPPYPPPPPPPPPYPPPPPPPPPYPPPPPPPPPPPYPPPPPPPPPPPPPPP
94 YPPPPPPPPYPPPPPPPPYPPPPPPPPYPPPPPPPPYPPPPPPPPYPPPPPPPPPPYPPPPPPPPPPYPPPPPPPPPPPYPPPPPPPPPPPPPP
102 YPPPPPPPYPPPPPPPPYPPPPPPPPYPPPPPPPPYPPPPPPPPYPPPPPPPPPYPPPPPPPPPYPPPPPPPPPPYPPPPPPPPPPPYPPPPPPPPPPPPPP
94 YPPPPPPPPPYPPPPPPPPPYPPPPPPPPPYPPPPPPPPPPYPPPPPPPPPPYPPPPPPPPPPPYPPPPPPPPPPPPYPPPPPPPPPPPPPPPP
75 YPPPPPPPPPPYPPPPPPPPPPPYPPPPPPPPPPPYPPPPPPPPPPPPYPPPPPPPPPPPPYPPPPPPPPPPPPP
80 YPPPPPPPPPYPPPPPPPPPYPPPPPPPPPPYPPPPPPPPPPYPPPPPPPPPPYPPPPPPPPPPPPYPPPPPPPPPPPPP
88 YPPPPPPPPPPYPPPPPPPPPPYPPPPPPPPPPYPPPPPPPPPPYPPPPPPPPPPYPPPPPPPPPPYPPPPPPPPPPYPPPPPPPPPP
90 YPPPPPPPPYPPPPPPPPYPPPPPPPPYPPPPPPPPYPPPPPPPPYPPPPPPPPPYPPPPPPPPPYPPPPPPPPPYPPPPPPPPPPPPPP
72 YPPPPPPPYPPPPPPPYPPPPPPPYPPPPPPPPYPPPPPPPPYPPPPPPPPYPPPPPPPPPYPPPPPPPPPP
56 YPPPPPPYPPPPPPYPPPPPPYPPPPPPYPPPPPPPPYPPPPPPPPYPPPPPPPPP
107 YPPPPPPPPPYPPPPPPPPPPYPPPPPPPPPPYPPPPPPPPPPYPPPPPPPPPPYPPPPPPPPPPYPPPPPPPPPPYPPPPPPPPPPPPYPPPPPPPPPPPPPPPPP
107 YPPPPPPPPYPPPPPPPPPYPPPPPPPPPYPPPPPPPPPYPPPPPPPPPYPPPPPPPPPYPPPPPPPPPYPPPPPPPPPYPPPPPPPPPPYPPPPPPPPPPPPPPPP
104 YPPPPPPPPPPYPPPPPPPPPPPYPPPPPPPPPPPYPPPPPPPPPPPYPPPPPPPPPPPYPPPPPPPPPPPPYPPPPPPPPPPPPPPYPPPPPPPPPPPPPPPP
100 YPPPPPPPPPYPPPPPPPPPYPPPPPPPPPYPPPPPPPPPYPPPPPPPPPPYPPPPPPPPPPYPPPPPPPPPPPYPPPPPPPPPPPYPPPPPPPPPPPPP
97 YPPPPPPPPYPPPPPPPPPYPPPPPPPPPYPPPPPPPPPYPPPPPPPPPYPPPPPPPPPYPPPPPPPPPYPPPPPPPPPPYPPPPPPPPPPPPPPPP
72 YPPPPPPPPYPPPPPPPPYPPPPPPPPPYPPPPPPPPPYPPPPPPPPPPYPPPPPPPPPPYPPPPPPPPPPP
109 YPPPPPPPPPYPPPPPPPPPYPPPPPPPPPYPPPPPPPPPYPPPPPPPPPYPPPPPPPPPYPPPPPPPPPPYPPPPPPPPPPYPPPPPPPPPPPYPPPPPPPPPPPPPP
121 YPPPPPPPPPPYPPPPPPPPPPYPPPPPPPPPPYPPPPPPPPPPYPPPPPPPPPPYPPPPPPPPPPYPPPPPPPPPPPYPPPPPPPPPPPYPPPPPPPPPPPYPPPPPPPPPPPPPPPPPP
76 YPPPPPPPYPPPPPPPYPPPPPPPYPPPPPPPYPPPPPPPYPPPPPPPPYPPPPPPPPYPPPPPPPPYPPPPPPPP
47 YPPPPYPPPPYPPPPPYPPPPPYPPPPPPYPPPPPPPYPPPPPPPPP
72 YPPPPPPPYPPPPPPPPYPPPPPPPPYPPPPPPPPPYPPPPPPPPPYPPPPPPPPPPYPPPPPPPPPPPPPP
124 YPPPPPPPPPPYPPPPPPPPPPPYPPPPPPPPPPPYPPPPPPPPPPPYPPPPPPPPPPPYPPPPPPPPPPPYPPPPPPPPPPPYPPPPPPPPPPPYPPPPPPPPPPPYPPPPPPPPPPPPPPPP
81 YPPPPPPPPPPYPPPPPPPPPPYPPPPPPPPPPYPPPPPPPPPPYPPPPPPPPPPPYPPPPPPPPPPPYPPPPPPPPPPPP
47 YPPPPPPPPYPPPPPPPPYPPPPPPPPYPPPPPPPPPYPPPPPPPPP
124 YPPPPPPPPPPPYPPPPPPPPPPPYPPPPPPPPPPPYPPPPPPPPPPPYPPPPPPPPPPPYPPPPPPPPPPPYPPPPPPPPPPPYPPPPPPPPPPPYPPPPPPPPPPPYPPPPPPPPPPPPPPP
71 YPPPPPPPYPPPPPPPPYPPPPPPPPYPPPPPPPPYPPPPPPPPYPPPPPPPPPPPYPPPPPPPPPPPPPP
73 YPPPPPPPPYPPPPPPPPPYPPPPPPPPPYPPPPPPPPPYPPPPPPPPPYPPPPPPPPPPYPPPPPPPPPPPP
110 YPPPPPPPPPPPYPPPPPPPPPPPPYPPPPPPPPPPPPYPPPPPPPPPPPPYPPPPPPPPPPPPPYPPPPPPPPPPPPPYPPPPPPPPPPPPPPYPPPPPPPPPPPPPPP
91 YPPPPPPPPYPPPPPPPPYPPPPPPPPYPPPPPPPPYPPPPPPPPYPPPPPPPPYPPPPPPPPPPYPPPPPPPPPPYPPPPPPPPPPPPPP
47 YPPPPPYPPPPPYPPPPPYPPPPPYPPPPPYPPPPPYPPPPPPPPPP
68 YPPPPPPPPPYPPPPPPPPPYPPPPPPPPPPYPPPPPPPPPPPYPPPPPPPPPPPYPPPPPPPPPPPP
94 YPPPPPPPPPYPPPPPPPPPYPPPPPPPPPYPPPPPPPPPPYPPPPPPPPPPYPPPPPPPPPPPYPPPPPPPPPPPPYPPPPPPPPPPPPPPPP
97 YPPPPPPPPYPPPPPPPPYPPPPPPPPPYPPPPPPPPPYPPPPPPPPPYPPPPPPPPPYPPPPPPPPPPYPPPPPPPPPPYPPPPPPPPPPPPPPPP
91 YPPPPPPPPPYPPPPPPPPPYPPPPPPPPPPYPPPPPPPPPPYPPPPPPPPPPYPPPPPPPPPPYPPPPPPPPPPPYPPPPPPPPPPPPPP
100 YPPPPPPPPPYPPPPPPPPPYPPPPPPPPPYPPPPPPPPPYPPPPPPPPPYPPPPPPPPPYPPPPPPPPPPYPPPPPPPPPPYPPPPPPPPPPPPPPPPP
54 YPPPPPPYPPPPPPPYPPPPPPPPYPPPPPPPPYPPPPPPPPPYPPPPPPPPPP
40 YPPPPPPYPPPPPYPPPPPYPPPPPYPPPPYPPPPPPPPP
69 YPPPPPPYPPPPPPYPPPPPPYPPPPPPPYPPPPPPPYPPPPPPPPYPPPPPPPPPYPPPPPPPPPPPP
123 YPPPPPPPPPPYPPPPPPPPPPYPPPPPPPPPPYPPPPPPPPPPYPPPPPPPPPPYPPPPPPPPPPYPPPPPPPPPPYPPPPPPPPPPPPYPPPPPPPPPPPPPYPPPPPPPPPPPPPPPPPP
99 YPPPPPPPPYPPPPPPPPYPPPPPPPPPYPPPPPPPPPYPPPPPPPPPYPPPPPPPPPYPPPPPPPPPPYPPPPPPPPPPPYPPPPPPPPPPPPPPPPP
