143 YPPPPPPPPPPYPPPPPPPPPPYPPPPPPPPPPYPPPPPPPPPPYPPPPPPPPPPPYPPPPPPPPPPPYPPPPPPPPPPPYPPPPPPPPPPPYPPPPPPPPPPPPPYPPPPPPPPPPPPPPYPPPPPPPPPPPPPPPPPPPPP
36 YPPPPPPPPYPPPPPPPYPPPPYPPPPYPPPPPPPP
18 YPPPPYPPPPhYPPPPPP
26 YPPPPPPYPPPPPYPPPPYPPPPPPP
18 YPPPPPYPPPPYPPPPPP
34 YPPPPPPPYPPPPPYPPPPPYPPPPYPPPPPPPP
13 YPPPYPPYPPPPP
36 YPPPPPYPPPPPYPPPPPYPPPPYPPPPYPPPPPPP
32 YPPPPPPYPPPPPYPPPPYPPPYPPPPPPPPP
41 YPPPPPPPPPYPPPPPPPPYPPPPPYPPPPPYPPPPPPPPP
110 YPPPPPPPPPPYPPPPPPPPPPYPPPPPPPPPPYPPPPPPPPPPYPPPPPPPPPPPYPPPPPPPPPPPYPPPPPPPPPPPPYPPPPPPPPPPPPYPPPPPPPPPPPPPPP
117 YPPPPPPPPPYPPPPPPPPPYPPPPPPPPPYPPPPPPPPPYPPPPPPPPPYPPPPPPPPPYPPPPPPPPPPPYPPPPPPPPPPPYPPPPPPPPPPPPYPPPPPPPPPPPPPPPPPPP
66 YPPPPPPPYPPPPPPPYPPPPPPPYPPPPPPPYPPPPPPPYPPPPPPPYPPPPPPPPYPPPPPPPP
129 YPPPPPPPPPPPYPPPPPPPPPPPYPPPPPPPPPPPYPPPPPPPPPPPYPPPPPPPPPPPYPPPPPPPPPPPYPPPPPPPPPPPYPPPPPPPPPPPPYPPPPPPPPPPPPPPYPPPPPPPPPPPPPPPP
113 YPPPPPPPPPPPPYPPPPPPPPPPPPYPPPPPPPPPPPPYPPPPPPPPPPPPYPPPPPPPPPPPPYPPPPPPPPPPPPPYPPPPPPPPPPPPPPPYPPPPPPPPPPPPPPPPP
81 YPPPPPPPPPYPPPPPPPPPYPPPPPPPPPPYPPPPPPPPPPYPPPPPPPPPPPYPPPPPPPPPPPYPPPPPPPPPPPPPP
86 YPPPPPPPPYPPPPPPPPYPPPPPPPPYPPPPPPPPYPPPPPPPPYPPPPPPPPYPPPPPPPPPYPPPPPPPPPYPPPPPPPPPPP
121 YPPPPPPPPPYPPPPPPPPPYPPPPPPPPPPYPPPPPPPPPPYPPPPPPPPPPYPPPPPPPPPPYPPPPPPPPPPYPPPPPPPPPPPYPPPPPPPPPPPPPYPPPPPPPPPPPPPPPPPPP
125 YPPPPPPPPPPPPYPPPPPPPPPPPPYPPPPPPPPPPPPPYPPPPPPPPPPPPPYPPPPPPPPPPPPPYPPPPPPPPPPPPPYPPPPPPPPPPPPPYPPPPPPPPPPPPPYPPPPPPPPPPPPPP
118 YPPPPPPPPPPPYPPPPPPPPPPPYPPPPPPPPPPPYPPPPPPPPPPPYPPPPPPPPPPPYPPPPPPPPPPPYPPPPPPPPPPPYPPPPPPPPPPPPPYPPPPPPPPPPPPPPPPPPP
128 YPPPPPPPPPPYPPPPPPPPPPPYPPPPPPPPPPPYPPPPPPPPPPPYPPPPPPPPPPPYPPPPPPPPPPPYPPPPPPPPPPPYPPPPPPPPPPPYPPPPPPPPPPPYPPPPPPPPPPPPPPPPPPPP
113 YPPPPPPPPYPPPPPPPPPYPPPPPPPPPYPPPPPPPPPYPPPPPPPPPYPPPPPPPPPPYPPPPPPPPPPYPPPPPPPPPPPYPPPPPPPPPPPPYPPPPPPPPPPPPPPPP
134 YPPPPPPPPPPPPPYPPPPPPPPPPPPPYPPPPPPPPPPPPPYPPPPPPPPPPPPPYPPPPPPPPPPPPPYPPPPPPPPPPPPPPYPPPPPPPPPPPPPPYPPPPPPPPPPPPPPYPPPPPPPPPPPPPPPPPP
112 YPPPPPPPPYPPPPPPPPPYPPPPPPPPPYPPPPPPPPPYPPPPPPPPPYPPPPPPPPPPYPPPPPPPPPPYPPPPPPPPPPPYPPPPPPPPPPPPYPPPPPPPPPPPPPPP
120 YPPPPPPPPPPPPYPPPPPPPPPPPPYPPPPPPPPPPPPYPPPPPPPPPPPPYPPPPPPPPPPPPYPPPPPPPPPPPPYPPPPPPPPPPPPPYPPPPPPPPPPPPPYPPPPPPPPPPPPP
76 YPPPPPPYPPPPPPPYPPPPPPPYPPPPPPPYPPPPPPPYPPPPPPPYPPPPPPPYPPPPPPPPYPPPPPPPPPPP
45 YPPPPPYPPPPPYPPPPPYPPPPPYPPPPPYPPPPPPYPPPPPPP
70 YPPPPPPPYPPPPPPPYPPPPPPPPYPPPPPPPPPYPPPPPPPPPYPPPPPPPPPPYPPPPPPPPPPPPP
125 YPPPPPPPPPYPPPPPPPPPPYPPPPPPPPPPYPPPPPPPPPPYPPPPPPPPPPYPPPPPPPPPPYPPPPPPPPPPYPPPPPPPPPPYPPPPPPPPPPYPPPPPPPPPPYPPPPPPPPPPPPPPP
89 YPPPPPPPPPYPPPPPPPPPYPPPPPPPPPYPPPPPPPPPYPPPPPPPPPYPPPPPPPPPPPYPPPPPPPPPPPYPPPPPPPPPPPPPP
133 YPPPPPPPPPPYPPPPPPPPPPYPPPPPPPPPPYPPPPPPPPPPYPPPPPPPPPPYPPPPPPPPPPYPPPPPPPPPPYPPPPPPPPPPYPPPPPPPPPPPYPPPPPPPPPPPPPYPPPPPPPPPPPPPPPPPP
112 YPPPPPPPPPYPPPPPPPPPYPPPPPPPPPYPPPPPPPPPYPPPPPPPPPYPPPPPPPPPYPPPPPPPPPPYPPPPPPPPPPPYPPPPPPPPPPPYPPPPPPPPPPPPPPPP
66 YPPPPPPYPPPPPPPYPPPPPPPYPPPPPPPPYPPPPPPPPYPPPPPPPPPPYPPPPPPPPPPPPP
138 YPPPPPPPPPPPPPYPPPPPPPPPPPPPPYPPPPPPPPPPPPPPYPPPPPPPPPPPPPPYPPPPPPPPPPPPPPYPPPPPPPPPPPPPPYPPPPPPPPPPPPPPYPPPPPPPPPPPPPPYPPPPPPPPPPPPPPPPPP
114 YPPPPPPPPPPPPYPPPPPPPPPPPPYPPPPPPPPPPPPYPPPPPPPPPPPPYPPPPPPPPPPPPPYPPPPPPPPPPPPPYPPPPPPPPPPPPPPPYPPPPPPPPPPPPPPPPP
131 YPPPPPPPPPPYPPPPPPPPPPYPPPPPPPPPPPYPPPPPPPPPPPYPPPPPPPPPPPYPPPPPPPPPPPYPPPPPPPPPPPYPPPPPPPPPPPPPYPPPPPPPPPPPPPPYPPPPPPPPPPPPPPPPPPP
27 YPPPPPYPPPPPYPPPPPYPPPPPPPP
110 YPPPPPPPPPYPPPPPPPPPYPPPPPPPPPPYPPPPPPPPPPYPPPPPPPPPPYPPPPPPPPPPYPPPPPPPPPPYPPPPPPPPPPYPPPPPPPPPPPYPPPPPPPPPPP
137 YPPPPPPPPPPYPPPPPPPPPPYPPPPPPPPPPYPPPPPPPPPPYPPPPPPPPPPYPPPPPPPPPPYPPPPPPPPPPYPPPPPPPPPPPYPPPPPPPPPPPPYPPPPPPPPPPPPPYPPPPPPPPPPPPPPPPPPPP
109 YPPPPPPPPPPYPPPPPPPPPPYPPPPPPPPPPYPPPPPPPPPPPYPPPPPPPPPPPYPPPPPPPPPPPYPPPPPPPPPPPYPPPPPPPPPPPYPPPPPPPPPPPPPPP
135 YPPPPPPPPPPYPPPPPPPPPPYPPPPPPPPPPPYPPPPPPPPPPPYPPPPPPPPPPPYPPPPPPPPPPPYPPPPPPPPPPPYPPPPPPPPPPPYPPPPPPPPPPPYPPPPPPPPPPPPYPPPPPPPPPPPPPPP
57 YPPPPPPYPPPPPPPYPPPPPPPYPPPPPPPYPPPPPPPYPPPPPPPPYPPPPPPPP
44 YPPPPPYPPPPPYPPPPPYPPPPPYPPPPPYPPPPPPYPPPPPP
47 YPPPPPYPPPPPYPPPPPPYPPPPPPPYPPPPPPPPYPPPPPPPPPP
133 YPPPPPPPPPPPPYPPPPPPPPPPPPPYPPPPPPPPPPPPPYPPPPPPPPPPPPPYPPPPPPPPPPPPPYPPPPPPPPPPPPPYPPPPPPPPPPPPPYPPPPPPPPPPPPPPPPYPPPPPPPPPPPPPPPPPP
140 YPPPPPPPPPPPPPYPPPPPPPPPPPPPYPPPPPPPPPPPPPYPPPPPPPPPPPPPPYPPPPPPPPPPPPPPYPPPPPPPPPPPPPPYPPPPPPPPPPPPPPPYPPPPPPPPPPPPPPPPYPPPPPPPPPPPPPPPPPPP
124 YPPPPPPPPPYPPPPPPPPPYPPPPPPPPPYPPPPPPPPPYPPPPPPPPPPYPPPPPPPPPPYPPPPPPPPPPYPPPPPPPPPPYPPPPPPPPPPPYPPPPPPPPPPPYPPPPPPPPPPPPPPP
107 YPPPPPPPPPPPYPPPPPPPPPPPYPPPPPPPPPPPPYPPPPPPPPPPPPYPPPPPPPPPPPPYPPPPPPPPPPPPPYPPPPPPPPPPPPPYPPPPPPPPPPPPPPP
122 YPPPPPPPPPPYPPPPPPPPPPYPPPPPPPPPPYPPPPPPPPPPYPPPPPPPPPPYPPPPPPPPPPYPPPPPPPPPPPYPPPPPPPPPPPYPPPPPPPPPPPPPYPPPPPPPPPPPPPPPPP
135 YPPPPPPPPPPPYPPPPPPPPPPPYPPPPPPPPPPPPYPPPPPPPPPPPPYPPPPPPPPPPPPYPPPPPPPPPPPPYPPPPPPPPPPPPYPPPPPPPPPPPPYPPPPPPPPPPPPYPPPPPPPPPPPPPPPPPPP
43 YPPPPPPYPPPPPYPPPPPYPPPPPYPPPPPYPPPPYPPPPPP
141 YPPPPPPPPPPYPPPPPPPPPPYPPPPPPPPPPYPPPPPPPPPPPYPPPPPPPPPPPYPPPPPPPPPPPYPPPPPPPPPPPYPPPPPPPPPPPYPPPPPPPPPPPPYPPPPPPPPPPPPYPPPPPPPPPPPPPPPPPPPPP
15 YPPPYPPYPPYPPPP
135 YPPPPPPPPPPYPPPPPPPPPPYPPPPPPPPPPYPPPPPPPPPPYPPPPPPPPPPPYPPPPPPPPPPPYPPPPPPPPPPPYPPPPPPPPPPPYPPPPPPPPPPPYPPPPPPPPPPPPPYPPPPPPPPPPPPPPPP
17 YPPPPPYPPPPYPPPPP
95 YPPPPPPPPPYPPPPPPPPPYPPPPPPPPPYPPPPPPPPPYPPPPPPPPPYPPPPPPPPPYPPPPPPPPPYPPPPPPPPPPYPPPPPPPPPPPPP
123 YPPPPPPPPPPPPYPPPPPPPPPPPPYPPPPPPPPPPPPYPPPPPPPPPPPPYPPPPPPPPPPPPYPPPPPPPPPPPPPYPPPPPPPPPPPPPYPPPPPPPPPPPPPYPPPPPPPPPPPPPPP
118 YPPPPPPPPPYPPPPPPPPPYPPPPPPPPPYPPPPPPPPPYPPPPPPPPPYPPPPPPPPPPYPPPPPPPPPPPYPPPPPPPPPPPYPPPPPPPPPPPPYPPPPPPPPPPPPPPPPPPP
137 YPPPPPPPPPPPYPPPPPPPPPPPYPPPPPPPPPPPYPPPPPPPPPPPYPPPPPPPPPPPPYPPPPPPPPPPPPYPPPPPPPPPPPPYPPPPPPPPPPPPYPPPPPPPPPPPPPPYPPPPPPPPPPPPPPPPPPPPP
122 YPPPPPPPPPPPYPPPPPPPPPPPYPPPPPPPPPPPYPPPPPPPPPPPYPPPPPPPPPPPYPPPPPPPPPPPPYPPPPPPPPPPPPYPPPPPPPPPPPPPPPYPPPPPPPPPPPPPPPPPPP
44 YPPPPPYPPPPPPYPPPPPPYPPPPPPYPPPPPPPYPPPPPPPP
38 YPPPPPPYPPPPPPYPPPPYPPPPYPPPPYPPPPPPPP
99 YPPPPPPPPYPPPPPPPPYPPPPPPPPPYPPPPPPPPPYPPPPPPPPPYPPPPPPPPPYPPPPPPPPPPYPPPPPPPPPPPPYPPPPPPPPPPPPPPPP
125 YPPPPPPPPPPPPYPPPPPPPPPPPPYPPPPPPPPPPPPYPPPPPPPPPPPPYPPPPPPPPPPPPYPPPPPPPPPPPPYPPPPPPPPPPPPPPYPPPPPPPPPPPPPPYPPPPPPPPPPPPPPPP
32 YPPPPPYPPPPPYPPPPPYPPPPYPPPPPPPP
41 YPPPPPPPPPYPPPPPPPPYPPPPPYPPPPPYPPPPPPPPP
141 YPPPPPPPPPPPPPYPPPPPPPPPPPPPYPPPPPPPPPPPPPPYPPPPPPPPPPPPPPYPPPPPPPPPPPPPPYPPPPPPPPPPPPPPYPPPPPPPPPPPPPPPYPPPPPPPPPPPPPPPYPPPPPPPPPPPPPPPPPPPP
83 YPPPPPPPPPYPPPPPPPPPPYPPPPPPPPPPYPPPPPPPPPPPYPPPPPPPPPPPYPPPPPPPPPPPPYPPPPPPPPPPPPP
99 YPPPPPPPPYPPPPPPPPYPPPPPPPPYPPPPPPPPYPPPPPPPPYPPPPPPPPPYPPPPPPPPPYPPPPPPPPPYPPPPPPPPPYPPPPPPPPPPPPP
138 YPPPPPPPPPPYPPPPPPPPPPYPPPPPPPPPPPYPPPPPPPPPPPYPPPPPPPPPPPYPPPPPPPPPPPYPPPPPPPPPPPYPPPPPPPPPPPYPPPPPPPPPPPYPPPPPPPPPPPYPPPPPPPPPPPPPPPPPPP
141 YPPPPPPPPPPPPPYPPPPPPPPPPPPPYPPPPPPPPPPPPPPYPPPPPPPPPPPPPPYPPPPPPPPPPPPPPYPPPPPPPPPPPPPPYPPPPPPPPPPPPPPYPPPPPPPPPPPPPPPPYPPPPPPPPPPPPPPPPPPPP
89 YPPPPPPPPPYPPPPPPPPPYPPPPPPPPPYPPPPPPPPPYPPPPPPPPPPYPPPPPPPPPPYPPPPPPPPPPPYPPPPPPPPPPPPPP
141 YPPPPPPPPPPYPPPPPPPPPPYPPPPPPPPPPPYPPPPPPPPPPPYPPPPPPPPPPPYPPPPPPPPPPPYPPPPPPPPPPPYPPPPPPPPPPPPYPPPPPPPPPPPPYPPPPPPPPPPPPPYPPPPPPPPPPPPPPPPPP
67 YPPPPPPPYPPPPPPPPYPPPPPPPPYPPPPPPPPYPPPPPPPPYPPPPPPPPPPYPPPPPPPPPPP
105 YPPPPPPPPPPYPPPPPPPPPPYPPPPPPPPPPYPPPPPPPPPPYPPPPPPPPPPYPPPPPPPPPPYPPPPPPPPPPPYPPPPPPPPPPPPYPPPPPPPPPPPPP
134 YPPPPPPPPPPPPPYPPPPPPPPPPPPPPYPPPPPPPPPPPPPPYPPPPPPPPPPPPPPYPPPPPPPPPPPPPPYPPPPPPPPPPPPPPYPPPPPPPPPPPPPPYPPPPPPPPPPPPPPYPPPPPPPPPPPPPP
108 YPPPPPPPPYPPPPPPPPPYPPPPPPPPPYPPPPPPPPPYPPPPPPPPPYPPPPPPPPPYPPPPPPPPPPYPPPPPPPPPPYPPPPPPPPPPPYPPPPPPPPPPPPPP
102 YPPPPPPPPYPPPPPPPPPYPPPPPPPPPYPPPPPPPPPYPPPPPPPPPYPPPPPPPPPPYPPPPPPPPPPYPPPPPPPPPPPPYPPPPPPPPPPPPPPPPP
136 YPPPPPPPPPPPYPPPPPPPPPPPYPPPPPPPPPPPYPPPPPPPPPPPYPPPPPPPPPPPYPPPPPPPPPPPPYPPPPPPPPPPPPYPPPPPPPPPPPPYPPPPPPPPPPPPPPYPPPPPPPPPPPPPPPPPPPPP
122 YPPPPPPPPPPYPPPPPPPPPPYPPPPPPPPPPYPPPPPPPPPPYPPPPPPPPPPYPPPPPPPPPPPYPPPPPPPPPPPYPPPPPPPPPPPPYPPPPPPPPPPPPPYPPPPPPPPPPPPPPP
29 YPPPPPYPPPPPYPPPPYPPPPYPPPPPP
103 YPPPPPPPPYPPPPPPPPYPPPPPPPPYPPPPPPPPYPPPPPPPPPYPPPPPPPPPYPPPPPPPPPYPPPPPPPPPPYPPPPPPPPPPYPPPPPPPPPPPPPP
131 YPPPPPPPPPPYPPPPPPPPPPPYPPPPPPPPPPPYPPPPPPPPPPPYPPPPPPPPPPPYPPPPPPPPPPPYPPPPPPPPPPPYPPPPPPPPPPPYPPPPPPPPPPPYPPPPPPPPPPPYPPPPPPPPPPP
96 YPPPPPPPPPPYPPPPPPPPPPYPPPPPPPPPPYPPPPPPPPPPYPPPPPPPPPPPYPPPPPPPPPPPYPPPPPPPPPPPYPPPPPPPPPPPPPPP
71 YPPPPPPYPPPPPPYPPPPPPPYPPPPPPPYPPPPPPPYPPPPPPPPYPPPPPPPPYPPPPPPPPPPPPPP
52 YPPPPPYPPPPPYPPPPPYPPPPPYPPPPPPPYPPPPPPPYPPPPPPPPPPP
60 YPPPPPPPPYPPPPPPPPYPPPPPPPPPYPPPPPPPPPYPPPPPPPPPPYPPPPPPPPPP
129 YPPPPPPPPPPYPPPPPPPPPPYPPPPPPPPPPPYPPPPPPPPPPPYPPPPPPPPPPPYPPPPPPPPPPPYPPPPPPPPPPPPYPPPPPPPPPPPPYPPPPPPPPPPPPPYPPPPPPPPPPPPPPPPPP
85 YPPPPPPPYPPPPPPPPYPPPPPPPPYPPPPPPPPYPPPPPPPPYPPPPPPPPYPPPPPPPPYPPPPPPPPYPPPPPPPPPPPPP
119 YPPPPPPPPPPYPPPPPPPPPPPYPPPPPPPPPPPYPPPPPPPPPPPYPPPPPPPPPPPYPPPPPPPPPPPPYPPPPPPPPPPPPYPPPPPPPPPPPPPPYPPPPPPPPPPPPPPPPPP
58 YPPPPPPYPPPPPPYPPPPPPYPPPPPPPYPPPPPPPYPPPPPPPPPYPPPPPPPPPP
106 YPPPPPPPPPYPPPPPPPPPYPPPPPPPPPYPPPPPPPPPYPPPPPPPPPYPPPPPPPPPYPPPPPPPPPPYPPPPPPPPPPYPPPPPPPPPPYPPPPPPPPPPPP
125 YPPPPPPPPPPYPPPPPPPPPPPYPPPPPPPPPPPYPPPPPPPPPPPYPPPPPPPPPPPYPPPPPPPPPPPYPPPPPPPPPPPYPPPPPPPPPPPYPPPPPPPPPPPPYPPPPPPPPPPPPPPPP
92 YPPPPPPPPYPPPPPPPPYPPPPPPPPYPPPPPPPPYPPPPPPPPYPPPPPPPPYPPPPPPPPYPPPPPPPPPPYPPPPPPPPPPPPPPPPP
139 YPPPPPPPPPPPPYPPPPPPPPPPPPYPPPPPPPPPPPPYPPPPPPPPPPPPYPPPPPPPPPPPPYPPPPPPPPPPPPYPPPPPPPPPPPPYPPPPPPPPPPPPYPPPPPPPPPPPPPPPYPPPPPPPPPPPPPPPPPP
29 YPPPPPPPYPPPPPPYPPPPPYPPPPPPP
69 YPPPPPPPPYPPPPPPPPYPPPPPPPPYPPPPPPPPPYPPPPPPPPPYPPPPPPPPPYPPPPPPPPPPP
133 YPPPPPPPPPPYPPPPPPPPPPYPPPPPPPPPPYPPPPPPPPPPYPPPPPPPPPPYPPPPPPPPPPYPPPPPPPPPPYPPPPPPPPPPPYPPPPPPPPPPPYPPPPPPPPPPPYPPPPPPPPPPPPPPPPPPP
70 YPPPPPPYPPPPPPYPPPPPPYPPPPPPPYPPPPPPPYPPPPPPPPYPPPPPPPPYPPPPPPPPPPPPPP
66 YPPPPPPPYPPPPPPPYPPPPPPPYPPPPPPPPYPPPPPPPPYPPPPPPPPYPPPPPPPPPPPPPP
